Component: Arm Compiler for Embedded 6.22 Tool: armlink [5ee90200]

==============================================================================

Section Cross References

    startup_stm32f303xc.o(STACK) refers (Special) to heapauxi.o(.text) for __use_two_region_memory
    startup_stm32f303xc.o(HEAP) refers (Special) to heapauxi.o(.text) for __use_two_region_memory
    startup_stm32f303xc.o(RESET) refers (Special) to heapauxi.o(.text) for __use_two_region_memory
    startup_stm32f303xc.o(RESET) refers to startup_stm32f303xc.o(STACK) for __initial_sp
    startup_stm32f303xc.o(RESET) refers to startup_stm32f303xc.o(.text) for Reset_Handler
    startup_stm32f303xc.o(RESET) refers to lto-llvm-7fe5dd.o(.text.NMI_Handler) for NMI_Handler
    startup_stm32f303xc.o(RESET) refers to lto-llvm-7fe5dd.o(.text.HardFault_Handler) for HardFault_Handler
    startup_stm32f303xc.o(RESET) refers to lto-llvm-7fe5dd.o(.text.MemManage_Handler) for MemManage_Handler
    startup_stm32f303xc.o(RESET) refers to lto-llvm-7fe5dd.o(.text.BusFault_Handler) for BusFault_Handler
    startup_stm32f303xc.o(RESET) refers to lto-llvm-7fe5dd.o(.text.UsageFault_Handler) for UsageFault_Handler
    startup_stm32f303xc.o(RESET) refers to lto-llvm-7fe5dd.o(.text.SVC_Handler) for SVC_Handler
    startup_stm32f303xc.o(RESET) refers to lto-llvm-7fe5dd.o(.text.DebugMon_Handler) for DebugMon_Handler
    startup_stm32f303xc.o(RESET) refers to lto-llvm-7fe5dd.o(.text.PendSV_Handler) for PendSV_Handler
    startup_stm32f303xc.o(RESET) refers to lto-llvm-7fe5dd.o(CCM_DATA) for SysTick_Handler
    startup_stm32f303xc.o(RESET) refers to lto-llvm-7fe5dd.o(.text.USART1_IRQHandler) for USART1_IRQHandler
    startup_stm32f303xc.o(.text) refers (Special) to heapauxi.o(.text) for __use_two_region_memory
    startup_stm32f303xc.o(.text) refers to lto-llvm-7fe5dd.o(.text.SystemInit) for SystemInit
    startup_stm32f303xc.o(.text) refers to __main.o(!!!main) for __main
    startup_stm32f303xc.o(.text) refers to startup_stm32f303xc.o(HEAP) for Heap_Mem
    startup_stm32f303xc.o(.text) refers to startup_stm32f303xc.o(STACK) for Stack_Mem
    __2sprintf.o(.text) refers to _printf_char_common.o(.text) for _printf_char_common
    __2sprintf.o(.text) refers to _sputc.o(.text) for _sputc
    noretval__2sprintf.o(.text) refers to _printf_char_common.o(.text) for _printf_char_common
    noretval__2sprintf.o(.text) refers to _sputc.o(.text) for _sputc
    __printf.o(.text) refers to _printf_percent.o(.ARM.Collect$$_printf_percent$$00000000) for _printf_percent
    _printf_str.o(.text) refers (Special) to _printf_char.o(.text) for _printf_cs_common
    _printf_dec.o(.text) refers to _printf_intcommon.o(.text) for _printf_int_common
    __printf_flags.o(.text) refers to _printf_percent.o(.ARM.Collect$$_printf_percent$$00000000) for _printf_percent
    __printf_flags.o(.text) refers to __printf_flags.o(.constdata) for .constdata
    __printf_ss.o(.text) refers to _printf_percent.o(.ARM.Collect$$_printf_percent$$00000000) for _printf_percent
    __printf_flags_ss.o(.text) refers to _printf_percent.o(.ARM.Collect$$_printf_percent$$00000000) for _printf_percent
    __printf_flags_ss.o(.text) refers to __printf_flags_ss.o(.constdata) for .constdata
    __printf_wp.o(.text) refers to __printf_wp.o(i._is_digit) for _is_digit
    __printf_wp.o(.text) refers to _printf_percent.o(.ARM.Collect$$_printf_percent$$00000000) for _printf_percent
    __printf_flags_wp.o(.text) refers to __printf_wp.o(i._is_digit) for _is_digit
    __printf_flags_wp.o(.text) refers to _printf_percent.o(.ARM.Collect$$_printf_percent$$00000000) for _printf_percent
    __printf_flags_wp.o(.text) refers to __printf_flags_wp.o(.constdata) for .constdata
    __printf_ss_wp.o(.text) refers to __printf_wp.o(i._is_digit) for _is_digit
    __printf_ss_wp.o(.text) refers to _printf_percent.o(.ARM.Collect$$_printf_percent$$00000000) for _printf_percent
    __printf_flags_ss_wp.o(.text) refers to __printf_wp.o(i._is_digit) for _is_digit
    __printf_flags_ss_wp.o(.text) refers to _printf_percent.o(.ARM.Collect$$_printf_percent$$00000000) for _printf_percent
    __printf_flags_ss_wp.o(.text) refers to __printf_flags_ss_wp.o(.constdata) for .constdata
    _printf_s.o(.ARM.Collect$$_printf_percent$$00000014) refers (Weak) to _printf_char.o(.text) for _printf_string
    _printf_i.o(.ARM.Collect$$_printf_percent$$00000008) refers (Weak) to _printf_dec.o(.text) for _printf_int_dec
    _printf_percent.o(.ARM.Collect$$_printf_percent$$00000000) refers (Special) to _printf_percent_end.o(.ARM.Collect$$_printf_percent$$00000017) for _printf_percent_end
    __main.o(!!!main) refers to __rtentry.o(.ARM.Collect$$rtentry$$00000000) for __rt_entry
    __rtentry.o(.ARM.Collect$$rtentry$$00000000) refers (Special) to __rtentry2.o(.ARM.Collect$$rtentry$$0000000A) for __rt_entry_li
[...]
    ../clib/printf.c                         0x00000000   Number         0  __printf_flags_wp.o ABSOLUTE
    ../clib/printf.c                         0x00000000   Number         0  __printf_ss_wp.o ABSOLUTE
    ../clib/printf.c                         0x00000000   Number         0  __printf_flags_ss_wp.o ABSOLUTE
    ../clib/printf.c                         0x00000000   Number         0  _printf_intcommon.o ABSOLUTE
    ../clib/printf.c                         0x00000000   Number         0  _printf_char_common.o ABSOLUTE
    ../clib/printf.c                         0x00000000   Number         0  _sputc.o ABSOLUTE
    ../clib/printf.c                         0x00000000   Number         0  _printf_char.o ABSOLUTE
    ../clib/printf.c                         0x00000000   Number         0  __printf_nopercent.o ABSOLUTE
    ../clib/printf_percent.s                 0x00000000   Number         0  _printf_s.o ABSOLUTE
    ../clib/printf_percent.s                 0x00000000   Number         0  _printf_i.o ABSOLUTE
    ../clib/printf_percent.s                 0x00000000   Number         0  _printf_percent.o ABSOLUTE
    ../clib/printf_percent.s                 0x00000000   Number         0  _printf_percent_end.o ABSOLUTE
    ../clib/signal.c                         0x00000000   Number         0  defsig_rtmem_outer.o ABSOLUTE
    ../clib/signal.c                         0x00000000   Number         0  defsig_rtmem_formal.o ABSOLUTE
    ../clib/signal.c                         0x00000000   Number         0  defsig_exit.o ABSOLUTE
    ../clib/signal.c                         0x00000000   Number         0  defsig_rtmem_inner.o ABSOLUTE
    ../clib/signal.c                         0x00000000   Number         0  __raise.o ABSOLUTE
    ../clib/signal.c                         0x00000000   Number         0  defsig_general.o ABSOLUTE
    ../clib/signal.c                         0x00000000   Number         0  defsig_abrt_inner.o ABSOLUTE
    ../clib/signal.c                         0x00000000   Number         0  defsig_fpe_inner.o ABSOLUTE
    ../clib/signal.c                         0x00000000   Number         0  defsig_rtred_inner.o ABSOLUTE
    ../clib/signal.c                         0x00000000   Number         0  defsig_stak_inner.o ABSOLUTE
    ../clib/signal.c                         0x00000000   Number         0  defsig_pvfn_inner.o ABSOLUTE
    ../clib/signal.c                         0x00000000   Number         0  defsig_cppl_inner.o ABSOLUTE
    ../clib/signal.c                         0x00000000   Number         0  defsig_segv_inner.o ABSOLUTE
    ../clib/signal.c                         0x00000000   Number         0  defsig_other.o ABSOLUTE
    ../clib/signal.s                         0x00000000   Number         0  defsig.o ABSOLUTE
    ../clib/stdlib.c                         0x00000000   Number         0  exit.o ABSOLUTE
    ../clib/string.c                         0x00000000   Number         0  memcmp.o ABSOLUTE
    ../clib/string.c                         0x00000000   Number         0  strlen.o ABSOLUTE
    ../fplib/d2f.s                           0x00000000   Number         0  d2f.o ABSOLUTE
    ../fplib/dmul.s                          0x00000000   Number         0  dmul.o ABSOLUTE
    ../fplib/dnaninf.s                       0x00000000   Number         0  dnaninf.o ABSOLUTE
    ../fplib/dretinf.s                       0x00000000   Number         0  dretinf.o ABSOLUTE
    ../fplib/f2d.s                           0x00000000   Number         0  f2d.o ABSOLUTE
    ../fplib/fnaninf.s                       0x00000000   Number         0  fnaninf.o ABSOLUTE
    ../fplib/fpinit.s                        0x00000000   Number         0  fpinit.o ABSOLUTE
    ../fplib/fretinf.s                       0x00000000   Number         0  fretinf.o ABSOLUTE
    ../fplib/usenofp.s                       0x00000000   Number         0  usenofp.o ABSOLUTE
    dc.s                                     0x00000000   Number         0  dc.o ABSOLUTE
    ld-temp.o                                0x00000000   Number         0  lto-llvm-7fe5dd.o ABSOLUTE
    startup_stm32f303xc.s                    0x00000000   Number         0  startup_stm32f303xc.o ABSOLUTE
    RESET                                    0x08000000   Section      392  startup_stm32f303xc.o(RESET)
    !!!main                                  0x08000188   Section        8  __main.o(!!!main)
    !!!scatter                               0x08000190   Section       92  __scatter.o(!!!scatter)
    !!dczerorl                               0x080001ec   Section       58  __dczerorl.o(!!dczerorl)
    !!handler_copy                           0x08000228   Section       26  __scatter_copy.o(!!handler_copy)
    !!handler_null                           0x08000244   Section        2  __scatter.o(!!handler_null)
    !!handler_zi                             0x08000248   Section       28  __scatter_zi.o(!!handler_zi)
    .ARM.Collect$$_printf_percent$$00000000  0x08000264   Section        0  _printf_percent.o(.ARM.Collect$$_printf_percent$$00000000)
    .ARM.Collect$$_printf_percent$$00000008  0x08000264   Section        6  _printf_i.o(.ARM.Collect$$_printf_percent$$00000008)
    .ARM.Collect$$_printf_percent$$00000014  0x0800026a   Section        6  _printf_s.o(.ARM.Collect$$_printf_percent$$00000014)
    .ARM.Collect$$_printf_percent$$00000017  0x08000270   Section        4  _printf_percent_end.o(.ARM.Collect$$_printf_percent$$00000017)
    .ARM.Collect$$libinit$$00000000          0x08000274   Section        2  libinit.o(.ARM.Collect$$libinit$$00000000)
    .ARM.Collect$$libinit$$00000001          0x08000276   Section        4  libinit2.o(.ARM.Collect$$libinit$$00000001)
    .ARM.Collect$$libinit$$00000004          0x0800027a   Section        0  libinit2.o(.ARM.Collect$$libinit$$00000004)
    .ARM.Collect$$libinit$$00000006          0x0800027a   Section        0  libinit2.o(.ARM.Collect$$libinit$$00000006)
    .ARM.Collect$$libinit$$0000000C          0x0800027a   Section        0  libinit2.o(.ARM.Collect$$libinit$$0000000C)
    .ARM.Collect$$libinit$$0000000E          0x0800027a   Section        0  libinit2.o(.ARM.Collect$$libinit$$0000000E)
    .ARM.Collect$$libinit$$00000010          0x0800027a   Section        0  libinit2.o(.ARM.Collect$$libinit$$00000010)
    .ARM.Collect$$libinit$$00000013          0x0800027a   Section        0  libinit2.o(.ARM.Collect$$libinit$$00000013)
    .ARM.Collect$$libinit$$00000015          0x0800027a   Section        0  libinit2.o(.ARM.Collect$$libinit$$00000015)
    .ARM.Collect$$libinit$$00000017          0x0800027a   Section        0  libinit2.o(.ARM.Collect$$libinit$$00000017)
    .ARM.Collect$$libinit$$00000019          0x0800027a   Section        0  libinit2.o(.ARM.Collect$$libinit$$00000019)
    .ARM.Collect$$libinit$$0000001B          0x0800027a   Section        0  libinit2.o(.ARM.Collect$$libinit$$0000001B)
    .ARM.Collect$$libinit$$0000001D          0x0800027a   Section        0  libinit2.o(.ARM.Collect$$libinit$$0000001D)
    .ARM.Collect$$libinit$$0000001F          0x0800027a   Section        0  libinit2.o(.ARM.Collect$$libinit$$0000001F)
    .ARM.Collect$$libinit$$00000021          0x0800027a   Section        0  libinit2.o(.ARM.Collect$$libinit$$00000021)
    .ARM.Collect$$libinit$$00000023          0x0800027a   Section        0  libinit2.o(.ARM.Collect$$libinit$$00000023)
    .ARM.Collect$$libinit$$00000025          0x0800027a   Section        0  libinit2.o(.ARM.Collect$$libinit$$00000025)
    .ARM.Collect$$libinit$$00000027          0x0800027a   Section        0  libinit2.o(.ARM.Collect$$libinit$$00000027)
    .ARM.Collect$$libinit$$0000002E          0x0800027a   Section        0  libinit2.o(.ARM.Collect$$libinit$$0000002E)
    .ARM.Collect$$libinit$$00000030          0x0800027a   Section        0  libinit2.o(.ARM.Collect$$libinit$$00000030)
    .ARM.Collect$$libinit$$00000032          0x0800027a   Section        0  libinit2.o(.ARM.Collect$$libinit$$00000032)
    .ARM.Collect$$libinit$$00000034          0x0800027a   Section        0  libinit2.o(.ARM.Collect$$libinit$$00000034)
    .ARM.Collect$$libinit$$00000035          0x0800027a   Section        2  libinit2.o(.ARM.Collect$$libinit$$00000035)
    .ARM.Collect$$libshutdown$$00000000      0x0800027c   Section        2  libshutdown.o(.ARM.Collect$$libshutdown$$00000000)
    .ARM.Collect$$libshutdown$$00000002      0x0800027e   Section        0  libshutdown2.o(.ARM.Collect$$libshutdown$$00000002)
    .ARM.Collect$$libshutdown$$00000004      0x0800027e   Section        0  libshutdown2.o(.ARM.Collect$$libshutdown$$00000004)
    .ARM.Collect$$libshutdown$$00000007      0x0800027e   Section        0  libshutdown2.o(.ARM.Collect$$libshutdown$$00000007)
    .ARM.Collect$$libshutdown$$0000000A      0x0800027e   Section        0  libshutdown2.o(.ARM.Collect$$libshutdown$$0000000A)
    .ARM.Collect$$libshutdown$$0000000C      0x0800027e   Section        0  libshutdown2.o(.ARM.Collect$$libshutdown$$0000000C)
    .ARM.Collect$$libshutdown$$0000000F      0x0800027e   Section        0  libshutdown2.o(.ARM.Collect$$libshutdown$$0000000F)
    .ARM.Collect$$libshutdown$$00000010      0x0800027e   Section        2  libshutdown2.o(.ARM.Collect$$libshutdown$$00000010)
    .ARM.Collect$$rtentry$$00000000          0x08000280   Section        0  __rtentry.o(.ARM.Collect$$rtentry$$00000000)
    .ARM.Collect$$rtentry$$00000002          0x08000280   Section        0  __rtentry2.o(.ARM.Collect$$rtentry$$00000002)
    .ARM.Collect$$rtentry$$00000004          0x08000280   Section        6  __rtentry4.o(.ARM.Collect$$rtentry$$00000004)
    .ARM.Collect$$rtentry$$00000009          0x08000286   Section        0  __rtentry2.o(.ARM.Collect$$rtentry$$00000009)
    .ARM.Collect$$rtentry$$0000000A          0x08000286   Section        4  __rtentry2.o(.ARM.Collect$$rtentry$$0000000A)
    .ARM.Collect$$rtentry$$0000000C          0x0800028a   Section        0  __rtentry2.o(.ARM.Collect$$rtentry$$0000000C)
    .ARM.Collect$$rtentry$$0000000D          0x0800028a   Section        8  __rtentry2.o(.ARM.Collect$$rtentry$$0000000D)
    .ARM.Collect$$rtexit$$00000000           0x08000292   Section        2  rtexit.o(.ARM.Collect$$rtexit$$00000000)
    .ARM.Collect$$rtexit$$00000002           0x08000294   Section        0  rtexit2.o(.ARM.Collect$$rtexit$$00000002)
    .ARM.Collect$$rtexit$$00000003           0x08000294   Section        4  rtexit2.o(.ARM.Collect$$rtexit$$00000003)
    .ARM.Collect$$rtexit$$00000004           0x08000298   Section        6  rtexit2.o(.ARM.Collect$$rtexit$$00000004)
    $v0                                      0x080002a0   Number         0  startup_stm32f303xc.o(.text)
    .text                                    0x080002a0   Section       64  startup_stm32f303xc.o(.text)
    .text                                    0x080002e0   Section        0  noretval__2sprintf.o(.text)
    .text                                    0x08000308   Section        0  __printf.o(.text)
    .text                                    0x08000370   Section        0  _printf_str.o(.text)
    .text                                    0x080003c4   Section        0  _printf_dec.o(.text)
    .text                                    0x0800043c   Section        0  memcmp.o(.text)
    .text                                    0x08000494   Section        0  strlen.o(.text)
    .text                                    0x080004d2   Section        0  heapauxi.o(.text)
    .text                                    0x080004d8   Section        0  _printf_intcommon.o(.text)
    _printf_input_char                       0x0800058d   Thumb Code    10  _printf_char_common.o(.text)
    .text                                    0x0800058c   Section        0  _printf_char_common.o(.text)
    .text                                    0x080005bc   Section        0  _sputc.o(.text)
    .text                                    0x080005c6   Section        0  _printf_char.o(.text)
    .text                                    0x080005f2   Section       74  sys_stackheap_outer.o(.text)
    .text                                    0x0800063c   Section        0  exit.o(.text)
    .text                                    0x08000650   Section        8  libspace.o(.text)
    .text                                    0x08000658   Section        0  sys_exit.o(.text)
    .text                                    0x08000664   Section        2  use_no_semi.o(.text)
    .text                                    0x08000666   Section        0  indicate_semi.o(.text)
    .text                                    0x08000666   Section      138  rt_memcpy_v6.o(.text)
    .text                                    0x080006f0   Section      100  rt_memcpy_w.o(.text)
    .text                                    0x08000754   Section       68  rt_memclr.o(.text)
    .text                                    0x08000798   Section       78  rt_memclr_w.o(.text)
    [Anonymous Symbol]                       0x080007e8   Section        0  lto-llvm-7fe5dd.o(.text.BusFault_Handler)
    [Anonymous Symbol]                       0x080007ec   Section        0  lto-llvm-7fe5dd.o(.text.DebugMon_Handler)
    FLASH_PageErase                          0x080007f1   Thumb Code    40  lto-llvm-7fe5dd.o(.text.FLASH_PageErase)
    [Anonymous Symbol]                       0x080007f0   Section        0  lto-llvm-7fe5dd.o(.text.FLASH_PageErase)
    FLASH_ReadSettings                       0x08000819   Thumb Code    82  lto-llvm-7fe5dd.o(.text.FLASH_ReadSettings)
    [Anonymous Symbol]                       0x08000818   Section        0  lto-llvm-7fe5dd.o(.text.FLASH_ReadSettings)
    FLASH_WriteSettings                      0x0800086d   Thumb Code    96  lto-llvm-7fe5dd.o(.text.FLASH_WriteSettings)
    [Anonymous Symbol]                       0x0800086c   Section        0  lto-llvm-7fe5dd.o(.text.FLASH_WriteSettings)
    HAL_ADC_PollForConversion                0x080008cd   Thumb Code   310  lto-llvm-7fe5dd.o(.text.HAL_ADC_PollForConversion)
    [Anonymous Symbol]                       0x080008cc   Section        0  lto-llvm-7fe5dd.o(.text.HAL_ADC_PollForConversion)
    HAL_ADC_Start                            0x08000a05   Thumb Code   374  lto-llvm-7fe5dd.o(.text.HAL_ADC_Start)
    [Anonymous Symbol]                       0x08000a04   Section        0  lto-llvm-7fe5dd.o(.text.HAL_ADC_Start)
    HAL_ADC_Stop                             0x08000b7d   Thumb Code   336  lto-llvm-7fe5dd.o(.text.HAL_ADC_Stop)
    [Anonymous Symbol]                       0x08000b7c   Section        0  lto-llvm-7fe5dd.o(.text.HAL_ADC_Stop)
    HAL_FLASH_Lock                           0x08000ccd   Thumb Code    18  lto-llvm-7fe5dd.o(.text.HAL_FLASH_Lock)
    [Anonymous Symbol]                       0x08000ccc   Section        0  lto-llvm-7fe5dd.o(.text.HAL_FLASH_Lock)
    HAL_FLASH_Program                        0x08000ce1   Thumb Code   520  lto-llvm-7fe5dd.o(.text.HAL_FLASH_Program)
    [Anonymous Symbol]                       0x08000ce0   Section        0  lto-llvm-7fe5dd.o(.text.HAL_FLASH_Program)
    HAL_FLASH_Unlock                         0x08000ee9   Thumb Code    40  lto-llvm-7fe5dd.o(.text.HAL_FLASH_Unlock)
    [Anonymous Symbol]                       0x08000ee8   Section        0  lto-llvm-7fe5dd.o(.text.HAL_FLASH_Unlock)
    HAL_GPIO_Init                            0x08000f11   Thumb Code   414  lto-llvm-7fe5dd.o(.text.HAL_GPIO_Init)
    [Anonymous Symbol]                       0x08000f10   Section        0  lto-llvm-7fe5dd.o(.text.HAL_GPIO_Init)
    HAL_UART_MspInit                         0x080010b1   Thumb Code   306  lto-llvm-7fe5dd.o(.text.HAL_UART_MspInit)
    [Anonymous Symbol]                       0x080010b0   Section        0  lto-llvm-7fe5dd.o(.text.HAL_UART_MspInit)
    HAL_UART_Receive_DMA                     0x080011e5   Thumb Code   578  lto-llvm-7fe5dd.o(.text.HAL_UART_Receive_DMA)
    [Anonymous Symbol]                       0x080011e4   Section        0  lto-llvm-7fe5dd.o(.text.HAL_UART_Receive_DMA)
    HAL_UART_Transmit                        0x08001429   Thumb Code   176  lto-llvm-7fe5dd.o(.text.HAL_UART_Transmit)
    [Anonymous Symbol]                       0x08001428   Section        0  lto-llvm-7fe5dd.o(.text.HAL_UART_Transmit)
    [Anonymous Symbol]                       0x080014d8   Section        0  lto-llvm-7fe5dd.o(.text.HardFault_Handler)
    [Anonymous Symbol]                       0x080014e4   Section        0  lto-llvm-7fe5dd.o(.text.MemManage_Handler)
    [Anonymous Symbol]                       0x080014e8   Section        0  lto-llvm-7fe5dd.o(.text.NMI_Handler)
    [Anonymous Symbol]                       0x080014ec   Section        0  lto-llvm-7fe5dd.o(.text.PendSV_Handler)
    [Anonymous Symbol]                       0x080014f0   Section        0  lto-llvm-7fe5dd.o(.text.SVC_Handler)
    [Anonymous Symbol]                       0x080014f4   Section        0  lto-llvm-7fe5dd.o(.text.SystemInit)
    TIM_Base_SetConfig                       0x08001509   Thumb Code   262  lto-llvm-7fe5dd.o(.text.TIM_Base_SetConfig)
    [Anonymous Symbol]                       0x08001508   Section        0  lto-llvm-7fe5dd.o(.text.TIM_Base_SetConfig)
    UART_AdvFeatureConfig                    0x08001611   Thumb Code   230  lto-llvm-7fe5dd.o(.text.UART_AdvFeatureConfig)
    [Anonymous Symbol]                       0x08001610   Section        0  lto-llvm-7fe5dd.o(.text.UART_AdvFeatureConfig)
    UART_DMAError                            0x080016f9   Thumb Code   382  lto-llvm-7fe5dd.o(.text.UART_DMAError)
    [Anonymous Symbol]                       0x080016f8   Section        0  lto-llvm-7fe5dd.o(.text.UART_DMAError)
    UART_DMAReceiveCplt                      0x08001879   Thumb Code  8418  lto-llvm-7fe5dd.o(.text.UART_DMAReceiveCplt)
    [Anonymous Symbol]                       0x08001878   Section        0  lto-llvm-7fe5dd.o(.text.UART_DMAReceiveCplt)
    __arm_cp.39_15                           0x08001e10   Number         4  lto-llvm-7fe5dd.o(.text.UART_DMAReceiveCplt)
    __arm_cp.39_16                           0x08001e14   Number         4  lto-llvm-7fe5dd.o(.text.UART_DMAReceiveCplt)
    UART_DMARxHalfCplt                       0x0800395d   Thumb Code     6  lto-llvm-7fe5dd.o(.text.UART_DMARxHalfCplt)
    [Anonymous Symbol]                       0x0800395c   Section        0  lto-llvm-7fe5dd.o(.text.UART_DMARxHalfCplt)
    UART_SetConfig                           0x08003965   Thumb Code   600  lto-llvm-7fe5dd.o(.text.UART_SetConfig)
    [Anonymous Symbol]                       0x08003964   Section        0  lto-llvm-7fe5dd.o(.text.UART_SetConfig)
    UART_WaitOnFlagUntilTimeout              0x08003bcd   Thumb Code   410  lto-llvm-7fe5dd.o(.text.UART_WaitOnFlagUntilTimeout)
    [Anonymous Symbol]                       0x08003bcc   Section        0  lto-llvm-7fe5dd.o(.text.UART_WaitOnFlagUntilTimeout)
    [Anonymous Symbol]                       0x08003d68   Section        0  lto-llvm-7fe5dd.o(.text.USART1_IRQHandler)
    [Anonymous Symbol]                       0x08003db4   Section        0  lto-llvm-7fe5dd.o(.text.UsageFault_Handler)
    __NVIC_SystemReset                       0x08003db9   Thumb Code    42  lto-llvm-7fe5dd.o(.text.__NVIC_SystemReset)
    [Anonymous Symbol]                       0x08003db8   Section        0  lto-llvm-7fe5dd.o(.text.__NVIC_SystemReset)
    __NVIC_SystemReset.3                     0x08003de5   Thumb Code    42  lto-llvm-7fe5dd.o(.text.__NVIC_SystemReset.3)
    [Anonymous Symbol]                       0x08003de4   Section        0  lto-llvm-7fe5dd.o(.text.__NVIC_SystemReset.3)
    flash_init                               0x08003e11   Thumb Code   116  lto-llvm-7fe5dd.o(.text.flash_init)
    [Anonymous Symbol]                       0x08003e10   Section        0  lto-llvm-7fe5dd.o(.text.flash_init)
    [Anonymous Symbol]                       0x08003e84   Section        0  lto-llvm-7fe5dd.o(.text.main)
    AHBPrescTable                            0x080058d0   Number         0  lto-llvm-7fe5dd.o(.text.main)
    mavlink_sha256_update                    0x080058f5   Thumb Code  1164  lto-llvm-7fe5dd.o(.text.mavlink_sha256_update)
    [Anonymous Symbol]                       0x080058f4   Section        0  lto-llvm-7fe5dd.o(.text.mavlink_sha256_update)
    myFlashErase                             0x08005d81   Thumb Code    48  lto-llvm-7fe5dd.o(.text.myFlashErase)
    [Anonymous Symbol]                       0x08005d80   Section        0  lto-llvm-7fe5dd.o(.text.myFlashErase)
    sendIntToCom                             0x08005db1   Thumb Code    66  lto-llvm-7fe5dd.o(.text.sendIntToCom)
    [Anonymous Symbol]                       0x08005db0   Section        0  lto-llvm-7fe5dd.o(.text.sendIntToCom)
    sendStringToCom                          0x08005df5   Thumb Code    32  lto-llvm-7fe5dd.o(.text.sendStringToCom)
    [Anonymous Symbol]                       0x08005df4   Section        0  lto-llvm-7fe5dd.o(.text.sendStringToCom)
    sendWStringToCom                         0x08005e15   Thumb Code    64  lto-llvm-7fe5dd.o(.text.sendWStringToCom)
    [Anonymous Symbol]                       0x08005e14   Section        0  lto-llvm-7fe5dd.o(.text.sendWStringToCom)
    Long Thumb to Thumb Veneer to addBytesToQueue 0x08005e61   Thumb Code    10  anon$$obj.o(Veneer$$Code)
    $v0                                      0x08005e6c   Number         0  d2f.o(x$fpl$d2f)
    x$fpl$d2f                                0x08005e6c   Section       98  d2f.o(x$fpl$d2f)
    $v0                                      0x08005ed0   Number         0  dmul.o(x$fpl$dmul)
    x$fpl$dmul                               0x08005ed0   Section      340  dmul.o(x$fpl$dmul)
    $v0                                      0x08006024   Number         0  dnaninf.o(x$fpl$dnaninf)
    x$fpl$dnaninf                            0x08006024   Section      156  dnaninf.o(x$fpl$dnaninf)
    $v0                                      0x080060c0   Number         0  dretinf.o(x$fpl$dretinf)
    x$fpl$dretinf                            0x080060c0   Section       12  dretinf.o(x$fpl$dretinf)
    $v0                                      0x080060cc   Number         0  f2d.o(x$fpl$f2d)
    x$fpl$f2d                                0x080060cc   Section       86  f2d.o(x$fpl$f2d)
    $v0                                      0x08006122   Number         0  fnaninf.o(x$fpl$fnaninf)
    x$fpl$fnaninf                            0x08006122   Section      140  fnaninf.o(x$fpl$fnaninf)
    $v0                                      0x080061ae   Number         0  fpinit.o(x$fpl$fpinit)
    x$fpl$fpinit                             0x080061ae   Section       26  fpinit.o(x$fpl$fpinit)
    $v0                                      0x080061c8   Number         0  fretinf.o(x$fpl$fretinf)
    x$fpl$fretinf                            0x080061c8   Section       10  fretinf.o(x$fpl$fretinf)
    x$fpl$usenofp                            0x080061d2   Section        0  usenofp.o(x$fpl$usenofp)
    CRC8_LOOKUP_TABLE                        0x080061d4   Data        1024  lto-llvm-7fe5dd.o(.rodata.CRC8_LOOKUP_TABLE)
    [Anonymous Symbol]                       0x080061d4   Section        0  lto-llvm-7fe5dd.o(.rodata.CRC8_LOOKUP_TABLE)
    aPLLMULFactorTable                       0x080065d4   Data          16  lto-llvm-7fe5dd.o(.rodata.cst16)
    [Anonymous Symbol]                       0x080065d4   Section        0  lto-llvm-7fe5dd.o(.rodata.cst16)
    aPredivFactorTable                       0x080065e4   Data          16  lto-llvm-7fe5dd.o(.rodata.cst16)
    .Lswitch.table.UART_SetConfig.4          0x080065f4   Data          16  lto-llvm-7fe5dd.o(.rodata.cst16)
    APBPrescTable                            0x08006604   Data           8  lto-llvm-7fe5dd.o(.rodata.cst8)
    [Anonymous Symbol]                       0x08006604   Section        0  lto-llvm-7fe5dd.o(.rodata.cst8)
    mavlink_get_msg_entry.mavlink_message_crcs 0x0800660c   Data        2592  lto-llvm-7fe5dd.o(.rodata.mavlink_get_msg_entry.mavlink_message_crcs)
    [Anonymous Symbol]                       0x0800660c   Section        0  lto-llvm-7fe5dd.o(.rodata.mavlink_get_msg_entry.mavlink_message_crcs)
    mavlink_sha256_constant_256              0x0800702c   Data         256  lto-llvm-7fe5dd.o(.rodata.mavlink_sha256_constant_256)
    [Anonymous Symbol]                       0x0800702c   Section        0  lto-llvm-7fe5dd.o(.rodata.mavlink_sha256_constant_256)
    .L.str.24                                0x0800712c   Data          21  lto-llvm-7fe5dd.o(.rodata.str1.1)
    [Anonymous Symbol]                       0x0800712c   Section        0  lto-llvm-7fe5dd.o(.rodata.str1.1)
    .L.str.7                                 0x08007141   Data           5  lto-llvm-7fe5dd.o(.rodata.str1.1)
    .L.str.34                                0x08007146   Data          37  lto-llvm-7fe5dd.o(.rodata.str1.1)
    .L.str.32                                0x0800716b   Data          35  lto-llvm-7fe5dd.o(.rodata.str1.1)
    .L.str.33                                0x0800718e   Data         108  lto-llvm-7fe5dd.o(.rodata.str1.1)
    .L.str.36                                0x080071fa   Data          51  lto-llvm-7fe5dd.o(.rodata.str1.1)
    .L.str.35                                0x0800722d   Data          79  lto-llvm-7fe5dd.o(.rodata.str1.1)
    .L.str.39                                0x0800727c   Data           7  lto-llvm-7fe5dd.o(.rodata.str1.1)
    .L.str.38                                0x08007283   Data           7  lto-llvm-7fe5dd.o(.rodata.str1.1)
    .L.str.30                                0x0800728a   Data          39  lto-llvm-7fe5dd.o(.rodata.str1.1)
    .L.str.31                                0x080072af   Data           2  lto-llvm-7fe5dd.o(.rodata.str1.1)
    .L.str.2                                 0x080072b1   Data          18  lto-llvm-7fe5dd.o(.rodata.str1.1)
    .L.str.13                                0x080072c3   Data          14  lto-llvm-7fe5dd.o(.rodata.str1.1)
    .L.str.11                                0x080072d1   Data           8  lto-llvm-7fe5dd.o(.rodata.str1.1)
    .L.str.21                                0x080072d9   Data          12  lto-llvm-7fe5dd.o(.rodata.str1.1)
    .L.str.12                                0x080072e5   Data           9  lto-llvm-7fe5dd.o(.rodata.str1.1)
    .L.str.9                                 0x080072ee   Data           9  lto-llvm-7fe5dd.o(.rodata.str1.1)
    .L.str.3                                 0x080072f7   Data           5  lto-llvm-7fe5dd.o(.rodata.str1.1)
    .L.str.1                                 0x080072fc   Data           8  lto-llvm-7fe5dd.o(.rodata.str1.1)
    .L.str.19                                0x080072ff   Data           5  lto-llvm-7fe5dd.o(.rodata.str1.1)
    .L.str.16                                0x08007304   Data           6  lto-llvm-7fe5dd.o(.rodata.str1.1)
    .L.str.26                                0x0800730f   Data          14  lto-llvm-7fe5dd.o(.rodata.str1.1)
    .L.str.18                                0x0800731d   Data           4  lto-llvm-7fe5dd.o(.rodata.str1.1)
    .L.str.6                                 0x08007321   Data          11  lto-llvm-7fe5dd.o(.rodata.str1.1)
    .L.str.17                                0x0800732c   Data           9  lto-llvm-7fe5dd.o(.rodata.str1.1)
    .L.str.10                                0x08007335   Data          20  lto-llvm-7fe5dd.o(.rodata.str1.1)
    .L.str.8                                 0x08007349   Data          11  lto-llvm-7fe5dd.o(.rodata.str1.1)
    .L.str.4                                 0x08007354   Data           4  lto-llvm-7fe5dd.o(.rodata.str1.1)
    .L.str.20                                0x08007358   Data           8  lto-llvm-7fe5dd.o(.rodata.str1.1)
    vect_table_ram                           0x10000000   Data         392  lto-llvm-7fe5dd.o(V_DATA)
    [Anonymous Symbol]                       0x10000000   Section        0  lto-llvm-7fe5dd.o(V_DATA)
    [Anonymous Symbol]                       0x10000300   Section        0  lto-llvm-7fe5dd.o(CCM_DATA)
    transmiteNextByte                        0x100003e1   Thumb Code    66  lto-llvm-7fe5dd.o(CCM_DATA)
    addBytesToQueue                          0x10000425   Thumb Code   146  lto-llvm-7fe5dd.o(CCM_DATA)
    Long Thumb to Thumb Veneer to __NVIC_SystemReset.3 0x1000070b   Thumb Code    10  anon$$obj.o(Veneer$$Code)
    LONG_DETECTIONS                          0x20000000   Data           4  lto-llvm-7fe5dd.o(.data.LONG_DETECTIONS)
    [Anonymous Symbol]                       0x20000000   Section        0  lto-llvm-7fe5dd.o(.data.LONG_DETECTIONS)
    MAX_SHORT_DETECTIONS                     0x20000004   Data           4  lto-llvm-7fe5dd.o(.data.MAX_SHORT_DETECTIONS)
    [Anonymous Symbol]                       0x20000004   Section        0  lto-llvm-7fe5dd.o(.data.MAX_SHORT_DETECTIONS)
    SHORT_DETECTIONS                         0x20000008   Data           4  lto-llvm-7fe5dd.o(.data.SHORT_DETECTIONS)
    [Anonymous Symbol]                       0x20000008   Section        0  lto-llvm-7fe5dd.o(.data.SHORT_DETECTIONS)
    SystemCoreClock                          0x2000000c   Data           4  lto-llvm-7fe5dd.o(.data.SystemCoreClock)
    [Anonymous Symbol]                       0x2000000c   Section        0  lto-llvm-7fe5dd.o(.data.SystemCoreClock)
    dma_uart_rxu1                            0x20000010   Data           8  lto-llvm-7fe5dd.o(.data.dma_uart_rxu1)
    [Anonymous Symbol]                       0x20000010   Section        0  lto-llvm-7fe5dd.o(.data.dma_uart_rxu1)
    .bss                                     0x20000018   Section       96  libspace.o(.bss)
    CLI_Mode                                 0x20000078   Data           1  lto-llvm-7fe5dd.o(.bss.CLI_Mode)
    [Anonymous Symbol]                       0x20000078   Section        0  lto-llvm-7fe5dd.o(.bss.CLI_Mode)
    HAL_UART_RxCpltCallback.oldCounter       0x2000007c   Data           4  lto-llvm-7fe5dd.o(.bss.HAL_UART_RxCpltCallback.oldCounter)
    [Anonymous Symbol]                       0x2000007c   Section        0  lto-llvm-7fe5dd.o(.bss.HAL_UART_RxCpltCallback.oldCounter)
    HAL_UART_RxCpltCallback.si               0x20000080   Data           4  lto-llvm-7fe5dd.o(.bss.HAL_UART_RxCpltCallback.si)
    [Anonymous Symbol]                       0x20000080   Section        0  lto-llvm-7fe5dd.o(.bss.HAL_UART_RxCpltCallback.si)
    buf                                      0x20000084   Data         256  lto-llvm-7fe5dd.o(.bss.buf)
    [Anonymous Symbol]                       0x20000084   Section        0  lto-llvm-7fe5dd.o(.bss.buf)
    circBuffer                               0x20000184   Data        8192  lto-llvm-7fe5dd.o(.bss.circBuffer)
    [Anonymous Symbol]                       0x20000184   Section        0  lto-llvm-7fe5dd.o(.bss.circBuffer)
    counter                                  0x20002184   Data           4  lto-llvm-7fe5dd.o(.bss.counter)
    [Anonymous Symbol]                       0x20002184   Section        0  lto-llvm-7fe5dd.o(.bss.counter)
    crsf_telemetry_buffer                    0x20002188   Data          64  lto-llvm-7fe5dd.o(.bss.crsf_telemetry_buffer)
    [Anonymous Symbol]                       0x20002188   Section        0  lto-llvm-7fe5dd.o(.bss.crsf_telemetry_buffer)
    crsf_telemetry_offset                    0x200021c8   Data           4  lto-llvm-7fe5dd.o(.bss.crsf_telemetry_offset)
    [Anonymous Symbol]                       0x200021c8   Section        0  lto-llvm-7fe5dd.o(.bss.crsf_telemetry_offset)
    dma_rx_bufu1                             0x200021cc   Data        1024  lto-llvm-7fe5dd.o(.bss.dma_rx_bufu1)
    [Anonymous Symbol]                       0x200021cc   Section        0  lto-llvm-7fe5dd.o(.bss.dma_rx_bufu1)
    hadc1                                    0x200025cc   Data          80  lto-llvm-7fe5dd.o(.bss.hadc1)
    [Anonymous Symbol]                       0x200025cc   Section        0  lto-llvm-7fe5dd.o(.bss.hadc1)
    hcomp1                                   0x2000261c   Data          48  lto-llvm-7fe5dd.o(.bss.hcomp1)
    [Anonymous Symbol]                       0x2000261c   Section        0  lto-llvm-7fe5dd.o(.bss.hcomp1)
    hdac                                     0x2000264c   Data          20  lto-llvm-7fe5dd.o(.bss.hdac)
    [Anonymous Symbol]                       0x2000264c   Section        0  lto-llvm-7fe5dd.o(.bss.hdac)
    hdma_usart1_rx                           0x20002660   Data          68  lto-llvm-7fe5dd.o(.bss.hdma_usart1_rx)
    [Anonymous Symbol]                       0x20002660   Section        0  lto-llvm-7fe5dd.o(.bss.hdma_usart1_rx)
    hopamp1                                  0x200026a4   Data          52  lto-llvm-7fe5dd.o(.bss.hopamp1)
    [Anonymous Symbol]                       0x200026a4   Section        0  lto-llvm-7fe5dd.o(.bss.hopamp1)
    htim3                                    0x200026d8   Data          76  lto-llvm-7fe5dd.o(.bss.htim3)
    [Anonymous Symbol]                       0x200026d8   Section        0  lto-llvm-7fe5dd.o(.bss.htim3)
    huart1                                   0x20002724   Data         132  lto-llvm-7fe5dd.o(.bss.huart1)
    [Anonymous Symbol]                       0x20002724   Section        0  lto-llvm-7fe5dd.o(.bss.huart1)
    huart3                                   0x200027a8   Data         132  lto-llvm-7fe5dd.o(.bss.huart3)
    [Anonymous Symbol]                       0x200027a8   Section        0  lto-llvm-7fe5dd.o(.bss.huart3)
    inTest                                   0x2000282c   Data           1  lto-llvm-7fe5dd.o(.bss.inTest)
    [Anonymous Symbol]                       0x2000282c   Section        0  lto-llvm-7fe5dd.o(.bss.inTest)
    initDone                                 0x2000282d   Data           1  lto-llvm-7fe5dd.o(.bss.initDone)
    [Anonymous Symbol]                       0x2000282d   Section        0  lto-llvm-7fe5dd.o(.bss.initDone)
    longLowDetectedCount                     0x20002830   Data           4  lto-llvm-7fe5dd.o(.bss.longLowDetectedCount)
    [Anonymous Symbol]                       0x20002830   Section        0  lto-llvm-7fe5dd.o(.bss.longLowDetectedCount)
    mavlink_get_channel_buffer.m_mavlink_buffer 0x20002834   Data        1164  lto-llvm-7fe5dd.o(.bss.mavlink_get_channel_buffer.m_mavlink_buffer)
    [Anonymous Symbol]                       0x20002834   Section        0  lto-llvm-7fe5dd.o(.bss.mavlink_get_channel_buffer.m_mavlink_buffer)
    mavlink_get_channel_status.m_mavlink_status 0x20002cc0   Data          96  lto-llvm-7fe5dd.o(.bss.mavlink_get_channel_status.m_mavlink_status)
    [Anonymous Symbol]                       0x20002cc0   Section        0  lto-llvm-7fe5dd.o(.bss.mavlink_get_channel_status.m_mavlink_status)
    maxDetections                            0x20002d20   Data           4  lto-llvm-7fe5dd.o(.bss.maxDetections)
    [Anonymous Symbol]                       0x20002d20   Section        0  lto-llvm-7fe5dd.o(.bss.maxDetections)
    pFlash                                   0x20002d28   Data          32  lto-llvm-7fe5dd.o(.bss.pFlash)
    [Anonymous Symbol]                       0x20002d28   Section        0  lto-llvm-7fe5dd.o(.bss.pFlash)
    pointerAdd                               0x20002d48   Data           4  lto-llvm-7fe5dd.o(.bss.pointerAdd)
    [Anonymous Symbol]                       0x20002d48   Section        0  lto-llvm-7fe5dd.o(.bss.pointerAdd)
    pointerTransmite                         0x20002d4c   Data           4  lto-llvm-7fe5dd.o(.bss.pointerTransmite)
    [Anonymous Symbol]                       0x20002d4c   Section        0  lto-llvm-7fe5dd.o(.bss.pointerTransmite)
    r_mavlink_status                         0x20002d50   Data          24  lto-llvm-7fe5dd.o(.bss.r_mavlink_status)
    [Anonymous Symbol]                       0x20002d50   Section        0  lto-llvm-7fe5dd.o(.bss.r_mavlink_status)
    r_message                                0x20002d68   Data         291  lto-llvm-7fe5dd.o(.bss.r_message)
    [Anonymous Symbol]                       0x20002d68   Section        0  lto-llvm-7fe5dd.o(.bss.r_message)
    setting                                  0x20002e8c   Data          20  lto-llvm-7fe5dd.o(.bss.setting)
    [Anonymous Symbol]                       0x20002e8c   Section        0  lto-llvm-7fe5dd.o(.bss.setting)
    shell_command_string                     0x20002ea0   Data          15  lto-llvm-7fe5dd.o(.bss.shell_command_string)
    [Anonymous Symbol]                       0x20002ea0   Section        0  lto-llvm-7fe5dd.o(.bss.shell_command_string)
    shell_encode.commandPtr                  0x20002eb0   Data           4  lto-llvm-7fe5dd.o(.bss.shell_encode.commandPtr)
    [Anonymous Symbol]                       0x20002eb0   Section        0  lto-llvm-7fe5dd.o(.bss.shell_encode.commandPtr)
    shell_encode.numberPtr                   0x20002eb4   Data           4  lto-llvm-7fe5dd.o(.bss.shell_encode.numberPtr)
    [Anonymous Symbol]                       0x20002eb4   Section        0  lto-llvm-7fe5dd.o(.bss.shell_encode.numberPtr)
    shell_encode.staticSpasersCounter        0x20002eb8   Data           4  lto-llvm-7fe5dd.o(.bss.shell_encode.staticSpasersCounter)
    [Anonymous Symbol]                       0x20002eb8   Section        0  lto-llvm-7fe5dd.o(.bss.shell_encode.staticSpasersCounter)
    shell_encode.textPtr                     0x20002ebc   Data           4  lto-llvm-7fe5dd.o(.bss.shell_encode.textPtr)
    [Anonymous Symbol]                       0x20002ebc   Section        0  lto-llvm-7fe5dd.o(.bss.shell_encode.textPtr)
    shell_huart                              0x20002ec0   Data           4  lto-llvm-7fe5dd.o(.bss.shell_huart)
    [Anonymous Symbol]                       0x20002ec0   Section        0  lto-llvm-7fe5dd.o(.bss.shell_huart)
    shell_number_argument_string             0x20002ec4   Data          15  lto-llvm-7fe5dd.o(.bss.shell_number_argument_string)
    [Anonymous Symbol]                       0x20002ec4   Section        0  lto-llvm-7fe5dd.o(.bss.shell_number_argument_string)
    shell_text_argument_string               0x20002ed4   Data          15  lto-llvm-7fe5dd.o(.bss.shell_text_argument_string)
    [Anonymous Symbol]                       0x20002ed4   Section        0  lto-llvm-7fe5dd.o(.bss.shell_text_argument_string)
    shortLowDetectedCount                    0x20002ee4   Data           4  lto-llvm-7fe5dd.o(.bss.shortLowDetectedCount)
    [Anonymous Symbol]                       0x20002ee4   Section        0  lto-llvm-7fe5dd.o(.bss.shortLowDetectedCount)
    uwTick                                   0x20002ee8   Data           4  lto-llvm-7fe5dd.o(.bss.uwTick)
    [Anonymous Symbol]                       0x20002ee8   Section        0  lto-llvm-7fe5dd.o(.bss.uwTick)
    uwTickPrio                               0x20002eec   Data           1  lto-llvm-7fe5dd.o(.bss.uwTickPrio)
    [Anonymous Symbol]                       0x20002eec   Section        0  lto-llvm-7fe5dd.o(.bss.uwTickPrio)
    videoSystemDetection.detections          0x20002ef0   Data           4  lto-llvm-7fe5dd.o(.bss.videoSystemDetection.detections)
    [Anonymous Symbol]                       0x20002ef0   Section        0  lto-llvm-7fe5dd.o(.bss.videoSystemDetection.detections)
    Heap_Mem                                 0x20002ef8   Data         512  startup_stm32f303xc.o(HEAP)
    HEAP                                     0x20002ef8   Section      512  startup_stm32f303xc.o(HEAP)
    Stack_Mem                                0x200030f8   Data        1024  startup_stm32f303xc.o(STACK)
    STACK                                    0x200030f8   Section     1024  startup_stm32f303xc.o(STACK)
    __initial_sp                             0x200034f8   Data           0  startup_stm32f303xc.o(STACK)

    Global Symbols

    Symbol Name                              Value     Ov Type        Size  Object(Section)

    BuildAttributes$$THM_ISAv4$E$P$D$K$B$S$7EM$VFPi3$EXTD16$VFPS$VFMA$PE$A:L22UL41UL21$X:L11$S22US41US21$IEEE1$IW$~IW$USESV6$~STKCKD$USESV7$~SHL$OSPACE$ROPI$IEEEF$EBA8$UX$STANDARDLIB$REQ8$PRES8$EABIv2 0x00000000   Number         0  anon$$obj.o ABSOLUTE
    __ARM_exceptions_init                     - Undefined Weak Reference
    __alloca_initialize                       - Undefined Weak Reference
    __arm_preinit_                            - Undefined Weak Reference
    __arm_relocate_pie_                       - Undefined Weak Reference
    __cpp_initialize__aeabi_                  - Undefined Weak Reference
    __cxa_finalize                            - Undefined Weak Reference
    __rt_locale                               - Undefined Weak Reference
    __sigvec_lookup                           - Undefined Weak Reference
    _atexit_init                              - Undefined Weak Reference
    _call_atexit_fns                          - Undefined Weak Reference
    _clock_init                               - Undefined Weak Reference
    _fp_trap_init                             - Undefined Weak Reference
    _fp_trap_shutdown                         - Undefined Weak Reference
    _get_lc_collate                           - Undefined Weak Reference
    _get_lc_ctype                             - Undefined Weak Reference
    _get_lc_monetary                          - Undefined Weak Reference
    _get_lc_numeric                           - Undefined Weak Reference
    _get_lc_time                              - Undefined Weak Reference
    _getenv_init                              - Undefined Weak Reference
    _handle_redirection                       - Undefined Weak Reference
    _init_alloc                               - Undefined Weak Reference
    _init_user_alloc                          - Undefined Weak Reference
    _initio                                   - Undefined Weak Reference
    _printf_mbtowc                            - Undefined Weak Reference
    _printf_post_padding                      - Undefined Weak Reference
    _printf_pre_padding                       - Undefined Weak Reference
    _printf_truncate_signed                   - Undefined Weak Reference
    _printf_truncate_unsigned                 - Undefined Weak Reference
    _rand_init                                - Undefined Weak Reference
    _signal_finish                            - Undefined Weak Reference
    _signal_init                              - Undefined Weak Reference
    _terminate_alloc                          - Undefined Weak Reference
    _terminate_user_alloc                     - Undefined Weak Reference
    _terminateio                              - Undefined Weak Reference
    __Vectors_Size                           0x00000188   Number         0  startup_stm32f303xc.o ABSOLUTE
    __Vectors                                0x08000000   Data           4  startup_stm32f303xc.o(RESET)
    __Vectors_End                            0x08000188   Data           0  startup_stm32f303xc.o(RESET)
    __main                                   0x08000189   Thumb Code     8  __main.o(!!!main)
    __scatterload                            0x08000191   Thumb Code     0  __scatter.o(!!!scatter)
    __scatterload_rt2                        0x08000191   Thumb Code    84  __scatter.o(!!!scatter)
    __scatterload_rt2_thumb_only             0x08000191   Thumb Code     0  __scatter.o(!!!scatter)
    __scatterload_loop                       0x0800019b   Thumb Code     0  __scatter.o(!!!scatter)
    __decompress                             0x080001ed   Thumb Code    58  __dczerorl.o(!!dczerorl)
    __decompress0                            0x080001ed   Thumb Code     0  __dczerorl.o(!!dczerorl)
    __scatterload_copy                       0x08000229   Thumb Code    26  __scatter_copy.o(!!handler_copy)
    __scatterload_null                       0x08000245   Thumb Code     2  __scatter.o(!!handler_null)
    __scatterload_zeroinit                   0x08000249   Thumb Code    28  __scatter_zi.o(!!handler_zi)
    _printf_i                                0x08000265   Thumb Code     0  _printf_i.o(.ARM.Collect$$_printf_percent$$00000008)
    _printf_percent                          0x08000265   Thumb Code     0  _printf_percent.o(.ARM.Collect$$_printf_percent$$00000000)
    _printf_s                                0x0800026b   Thumb Code     0  _printf_s.o(.ARM.Collect$$_printf_percent$$00000014)
    _printf_percent_end                      0x08000271   Thumb Code     0  _printf_percent_end.o(.ARM.Collect$$_printf_percent$$00000017)
    __rt_lib_init                            0x08000275   Thumb Code     0  libinit.o(.ARM.Collect$$libinit$$00000000)
    __rt_lib_init_fp_1                       0x08000277   Thumb Code     0  libinit2.o(.ARM.Collect$$libinit$$00000001)
    __rt_lib_init_alloca_1                   0x0800027b   Thumb Code     0  libinit2.o(.ARM.Collect$$libinit$$00000030)
    __rt_lib_init_argv_1                     0x0800027b   Thumb Code     0  libinit2.o(.ARM.Collect$$libinit$$0000002E)
    __rt_lib_init_atexit_1                   0x0800027b   Thumb Code     0  libinit2.o(.ARM.Collect$$libinit$$0000001D)
    __rt_lib_init_clock_1                    0x0800027b   Thumb Code     0  libinit2.o(.ARM.Collect$$libinit$$00000023)
    __rt_lib_init_cpp_1                      0x0800027b   Thumb Code     0  libinit2.o(.ARM.Collect$$libinit$$00000034)
    __rt_lib_init_exceptions_1               0x0800027b   Thumb Code     0  libinit2.o(.ARM.Collect$$libinit$$00000032)
    __rt_lib_init_fp_trap_1                  0x0800027b   Thumb Code     0  libinit2.o(.ARM.Collect$$libinit$$00000021)
    __rt_lib_init_getenv_1                   0x0800027b   Thumb Code     0  libinit2.o(.ARM.Collect$$libinit$$00000025)
    __rt_lib_init_heap_1                     0x0800027b   Thumb Code     0  libinit2.o(.ARM.Collect$$libinit$$0000000C)
    __rt_lib_init_lc_collate_1               0x0800027b   Thumb Code     0  libinit2.o(.ARM.Collect$$libinit$$00000013)
    __rt_lib_init_lc_ctype_1                 0x0800027b   Thumb Code     0  libinit2.o(.ARM.Collect$$libinit$$00000015)
    __rt_lib_init_lc_monetary_1              0x0800027b   Thumb Code     0  libinit2.o(.ARM.Collect$$libinit$$00000017)
    __rt_lib_init_lc_numeric_1               0x0800027b   Thumb Code     0  libinit2.o(.ARM.Collect$$libinit$$00000019)
    __rt_lib_init_lc_time_1                  0x0800027b   Thumb Code     0  libinit2.o(.ARM.Collect$$libinit$$0000001B)
    __rt_lib_init_preinit_1                  0x0800027b   Thumb Code     0  libinit2.o(.ARM.Collect$$libinit$$00000006)
    __rt_lib_init_rand_1                     0x0800027b   Thumb Code     0  libinit2.o(.ARM.Collect$$libinit$$00000010)
    __rt_lib_init_relocate_pie_1             0x0800027b   Thumb Code     0  libinit2.o(.ARM.Collect$$libinit$$00000004)
    __rt_lib_init_return                     0x0800027b   Thumb Code     0  libinit2.o(.ARM.Collect$$libinit$$00000035)
    __rt_lib_init_signal_1                   0x0800027b   Thumb Code     0  libinit2.o(.ARM.Collect$$libinit$$0000001F)
    __rt_lib_init_stdio_1                    0x0800027b   Thumb Code     0  libinit2.o(.ARM.Collect$$libinit$$00000027)
    __rt_lib_init_user_alloc_1               0x0800027b   Thumb Code     0  libinit2.o(.ARM.Collect$$libinit$$0000000E)
    __rt_lib_shutdown                        0x0800027d   Thumb Code     0  libshutdown.o(.ARM.Collect$$libshutdown$$00000000)
    __rt_lib_shutdown_cpp_1                  0x0800027f   Thumb Code     0  libshutdown2.o(.ARM.Collect$$libshutdown$$00000002)
    __rt_lib_shutdown_fp_trap_1              0x0800027f   Thumb Code     0  libshutdown2.o(.ARM.Collect$$libshutdown$$00000007)
    __rt_lib_shutdown_heap_1                 0x0800027f   Thumb Code     0  libshutdown2.o(.ARM.Collect$$libshutdown$$0000000F)
    __rt_lib_shutdown_return                 0x0800027f   Thumb Code     0  libshutdown2.o(.ARM.Collect$$libshutdown$$00000010)
    __rt_lib_shutdown_signal_1               0x0800027f   Thumb Code     0  libshutdown2.o(.ARM.Collect$$libshutdown$$0000000A)
    __rt_lib_shutdown_stdio_1                0x0800027f   Thumb Code     0  libshutdown2.o(.ARM.Collect$$libshutdown$$00000004)
    __rt_lib_shutdown_user_alloc_1           0x0800027f   Thumb Code     0  libshutdown2.o(.ARM.Collect$$libshutdown$$0000000C)
    __rt_entry                               0x08000281   Thumb Code     0  __rtentry.o(.ARM.Collect$$rtentry$$00000000)
    __rt_entry_presh_1                       0x08000281   Thumb Code     0  __rtentry2.o(.ARM.Collect$$rtentry$$00000002)
    __rt_entry_sh                            0x08000281   Thumb Code     0  __rtentry4.o(.ARM.Collect$$rtentry$$00000004)
    __rt_entry_li                            0x08000287   Thumb Code     0  __rtentry2.o(.ARM.Collect$$rtentry$$0000000A)
    __rt_entry_postsh_1                      0x08000287   Thumb Code     0  __rtentry2.o(.ARM.Collect$$rtentry$$00000009)
    __rt_entry_main                          0x0800028b   Thumb Code     0  __rtentry2.o(.ARM.Collect$$rtentry$$0000000D)
    __rt_entry_postli_1                      0x0800028b   Thumb Code     0  __rtentry2.o(.ARM.Collect$$rtentry$$0000000C)
    __rt_exit                                0x08000293   Thumb Code     0  rtexit.o(.ARM.Collect$$rtexit$$00000000)
    __rt_exit_ls                             0x08000295   Thumb Code     0  rtexit2.o(.ARM.Collect$$rtexit$$00000003)
    __rt_exit_prels_1                        0x08000295   Thumb Code     0  rtexit2.o(.ARM.Collect$$rtexit$$00000002)
    __rt_exit_exit                           0x08000299   Thumb Code     0  rtexit2.o(.ARM.Collect$$rtexit$$00000004)
    Reset_Handler                            0x080002a1   Thumb Code     8  startup_stm32f303xc.o(.text)
    ADC1_2_IRQHandler                        0x080002bb   Thumb Code     0  startup_stm32f303xc.o(.text)
    ADC3_IRQHandler                          0x080002bb   Thumb Code     0  startup_stm32f303xc.o(.text)
    ADC4_IRQHandler                          0x080002bb   Thumb Code     0  startup_stm32f303xc.o(.text)
    CAN_RX1_IRQHandler                       0x080002bb   Thumb Code     0  startup_stm32f303xc.o(.text)
    CAN_SCE_IRQHandler                       0x080002bb   Thumb Code     0  startup_stm32f303xc.o(.text)
    COMP1_2_3_IRQHandler                     0x080002bb   Thumb Code     0  startup_stm32f303xc.o(.text)
    COMP4_5_6_IRQHandler                     0x080002bb   Thumb Code     0  startup_stm32f303xc.o(.text)
    COMP7_IRQHandler                         0x080002bb   Thumb Code     0  startup_stm32f303xc.o(.text)
    DMA1_Channel1_IRQHandler                 0x080002bb   Thumb Code     0  startup_stm32f303xc.o(.text)
    DMA1_Channel2_IRQHandler                 0x080002bb   Thumb Code     0  startup_stm32f303xc.o(.text)
    DMA1_Channel3_IRQHandler                 0x080002bb   Thumb Code     0  startup_stm32f303xc.o(.text)
    DMA1_Channel4_IRQHandler                 0x080002bb   Thumb Code     0  startup_stm32f303xc.o(.text)
    DMA1_Channel6_IRQHandler                 0x080002bb   Thumb Code     0  startup_stm32f303xc.o(.text)
    DMA1_Channel7_IRQHandler                 0x080002bb   Thumb Code     0  startup_stm32f303xc.o(.text)
    DMA2_Channel1_IRQHandler                 0x080002bb   Thumb Code     0  startup_stm32f303xc.o(.text)
    DMA2_Channel2_IRQHandler                 0x080002bb   Thumb Code     0  startup_stm32f303xc.o(.text)
    DMA2_Channel3_IRQHandler                 0x080002bb   Thumb Code     0  startup_stm32f303xc.o(.text)
    DMA2_Channel4_IRQHandler                 0x080002bb   Thumb Code     0  startup_stm32f303xc.o(.text)
    DMA2_Channel5_IRQHandler                 0x080002bb   Thumb Code     0  startup_stm32f303xc.o(.text)
    EXTI0_IRQHandler                         0x080002bb   Thumb Code     0  startup_stm32f303xc.o(.text)
    EXTI15_10_IRQHandler                     0x080002bb   Thumb Code     0  startup_stm32f303xc.o(.text)
    EXTI2_TSC_IRQHandler                     0x080002bb   Thumb Code     0  startup_stm32f303xc.o(.text)
    EXTI3_IRQHandler                         0x080002bb   Thumb Code     0  startup_stm32f303xc.o(.text)
    EXTI4_IRQHandler                         0x080002bb   Thumb Code     0  startup_stm32f303xc.o(.text)
    EXTI9_5_IRQHandler                       0x080002bb   Thumb Code     0  startup_stm32f303xc.o(.text)
    FLASH_IRQHandler                         0x080002bb   Thumb Code     0  startup_stm32f303xc.o(.text)
    FPU_IRQHandler                           0x080002bb   Thumb Code     0  startup_stm32f303xc.o(.text)
    I2C1_ER_IRQHandler                       0x080002bb   Thumb Code     0  startup_stm32f303xc.o(.text)
    I2C1_EV_IRQHandler                       0x080002bb   Thumb Code     0  startup_stm32f303xc.o(.text)
    I2C2_ER_IRQHandler                       0x080002bb   Thumb Code     0  startup_stm32f303xc.o(.text)
    I2C2_EV_IRQHandler                       0x080002bb   Thumb Code     0  startup_stm32f303xc.o(.text)
    PVD_IRQHandler                           0x080002bb   Thumb Code     0  startup_stm32f303xc.o(.text)
    RCC_IRQHandler                           0x080002bb   Thumb Code     0  startup_stm32f303xc.o(.text)
    RTC_Alarm_IRQHandler                     0x080002bb   Thumb Code     0  startup_stm32f303xc.o(.text)
    RTC_WKUP_IRQHandler                      0x080002bb   Thumb Code     0  startup_stm32f303xc.o(.text)
    SPI1_IRQHandler                          0x080002bb   Thumb Code     0  startup_stm32f303xc.o(.text)
    SPI2_IRQHandler                          0x080002bb   Thumb Code     0  startup_stm32f303xc.o(.text)
    SPI3_IRQHandler                          0x080002bb   Thumb Code     0  startup_stm32f303xc.o(.text)
    TAMP_STAMP_IRQHandler                    0x080002bb   Thumb Code     0  startup_stm32f303xc.o(.text)
    TIM1_BRK_TIM15_IRQHandler                0x080002bb   Thumb Code     0  startup_stm32f303xc.o(.text)
    TIM1_CC_IRQHandler                       0x080002bb   Thumb Code     0  startup_stm32f303xc.o(.text)
    TIM1_TRG_COM_TIM17_IRQHandler            0x080002bb   Thumb Code     0  startup_stm32f303xc.o(.text)
    TIM1_UP_TIM16_IRQHandler                 0x080002bb   Thumb Code     0  startup_stm32f303xc.o(.text)
    TIM2_IRQHandler                          0x080002bb   Thumb Code     0  startup_stm32f303xc.o(.text)
    TIM4_IRQHandler                          0x080002bb   Thumb Code     0  startup_stm32f303xc.o(.text)
    TIM6_DAC_IRQHandler                      0x080002bb   Thumb Code     0  startup_stm32f303xc.o(.text)
    TIM7_IRQHandler                          0x080002bb   Thumb Code     0  startup_stm32f303xc.o(.text)
    TIM8_BRK_IRQHandler                      0x080002bb   Thumb Code     0  startup_stm32f303xc.o(.text)
    TIM8_CC_IRQHandler                       0x080002bb   Thumb Code     0  startup_stm32f303xc.o(.text)
    TIM8_TRG_COM_IRQHandler                  0x080002bb   Thumb Code     0  startup_stm32f303xc.o(.text)
    TIM8_UP_IRQHandler                       0x080002bb   Thumb Code     0  startup_stm32f303xc.o(.text)
    UART4_IRQHandler                         0x080002bb   Thumb Code     0  startup_stm32f303xc.o(.text)
    UART5_IRQHandler                         0x080002bb   Thumb Code     0  startup_stm32f303xc.o(.text)
    USART2_IRQHandler                        0x080002bb   Thumb Code     0  startup_stm32f303xc.o(.text)
    USART3_IRQHandler                        0x080002bb   Thumb Code     0  startup_stm32f303xc.o(.text)
    USBWakeUp_IRQHandler                     0x080002bb   Thumb Code     0  startup_stm32f303xc.o(.text)
    USBWakeUp_RMP_IRQHandler                 0x080002bb   Thumb Code     0  startup_stm32f303xc.o(.text)
    USB_HP_CAN_TX_IRQHandler                 0x080002bb   Thumb Code     0  startup_stm32f303xc.o(.text)
    USB_HP_IRQHandler                        0x080002bb   Thumb Code     0  startup_stm32f303xc.o(.text)
    USB_LP_CAN_RX0_IRQHandler                0x080002bb   Thumb Code     0  startup_stm32f303xc.o(.text)
    USB_LP_IRQHandler                        0x080002bb   Thumb Code     0  startup_stm32f303xc.o(.text)
    WWDG_IRQHandler                          0x080002bb   Thumb Code     0  startup_stm32f303xc.o(.text)
    __user_initial_stackheap                 0x080002bd   Thumb Code     0  startup_stm32f303xc.o(.text)
    __2sprintf                               0x080002e1   Thumb Code    34  noretval__2sprintf.o(.text)
    __printf                                 0x08000309   Thumb Code   104  __printf.o(.text)
    _printf_str                              0x08000371   Thumb Code    82  _printf_str.o(.text)
    _printf_int_dec                          0x080003c5   Thumb Code   104  _printf_dec.o(.text)
    memcmp                                   0x0800043d   Thumb Code    88  memcmp.o(.text)
    strlen                                   0x08000495   Thumb Code    62  strlen.o(.text)
    __use_two_region_memory                  0x080004d3   Thumb Code     2  heapauxi.o(.text)
    __rt_heap_escrow$2region                 0x080004d5   Thumb Code     2  heapauxi.o(.text)
    __rt_heap_expand$2region                 0x080004d7   Thumb Code     2  heapauxi.o(.text)
    _printf_int_common                       0x080004d9   Thumb Code   178  _printf_intcommon.o(.text)
    _printf_char_common                      0x08000597   Thumb Code    32  _printf_char_common.o(.text)
    _sputc                                   0x080005bd   Thumb Code    10  _sputc.o(.text)
    _printf_cs_common                        0x080005c7   Thumb Code    20  _printf_char.o(.text)
    _printf_char                             0x080005db   Thumb Code    16  _printf_char.o(.text)
    _printf_string                           0x080005eb   Thumb Code     8  _printf_char.o(.text)
    __user_setup_stackheap                   0x080005f3   Thumb Code    74  sys_stackheap_outer.o(.text)
    exit                                     0x0800063d   Thumb Code    18  exit.o(.text)
    __user_libspace                          0x08000651   Thumb Code     8  libspace.o(.text)
    __user_perproc_libspace                  0x08000651   Thumb Code     0  libspace.o(.text)
    __user_perthread_libspace                0x08000651   Thumb Code     0  libspace.o(.text)
    _sys_exit                                0x08000659   Thumb Code     8  sys_exit.o(.text)
    __I$use$semihosting                      0x08000665   Thumb Code     0  use_no_semi.o(.text)
    __use_no_semihosting_swi                 0x08000665   Thumb Code     2  use_no_semi.o(.text)
    __aeabi_memcpy                           0x08000667   Thumb Code     0  rt_memcpy_v6.o(.text)
    __rt_memcpy                              0x08000667   Thumb Code   138  rt_memcpy_v6.o(.text)
    __semihosting_library_function           0x08000667   Thumb Code     0  indicate_semi.o(.text)
    _memcpy_lastbytes                        0x080006cd   Thumb Code     0  rt_memcpy_v6.o(.text)
    __aeabi_memcpy4                          0x080006f1   Thumb Code     0  rt_memcpy_w.o(.text)
    __aeabi_memcpy8                          0x080006f1   Thumb Code     0  rt_memcpy_w.o(.text)
    __rt_memcpy_w                            0x080006f1   Thumb Code   100  rt_memcpy_w.o(.text)
    _memcpy_lastbytes_aligned                0x08000739   Thumb Code     0  rt_memcpy_w.o(.text)
    __aeabi_memclr                           0x08000755   Thumb Code     0  rt_memclr.o(.text)
    __rt_memclr                              0x08000755   Thumb Code     0  rt_memclr.o(.text)
    _memset                                  0x08000759   Thumb Code    64  rt_memclr.o(.text)
    __aeabi_memclr4                          0x08000799   Thumb Code     0  rt_memclr_w.o(.text)
    __aeabi_memclr8                          0x08000799   Thumb Code     0  rt_memclr_w.o(.text)
    __rt_memclr_w                            0x08000799   Thumb Code     0  rt_memclr_w.o(.text)
    _memset_w                                0x0800079d   Thumb Code    74  rt_memclr_w.o(.text)
    BusFault_Handler                         0x080007e9   Thumb Code     2  lto-llvm-7fe5dd.o(.text.BusFault_Handler)
    DebugMon_Handler                         0x080007ed   Thumb Code     2  lto-llvm-7fe5dd.o(.text.DebugMon_Handler)
    HardFault_Handler                        0x080014d9   Thumb Code    10  lto-llvm-7fe5dd.o(.text.HardFault_Handler)
    MemManage_Handler                        0x080014e5   Thumb Code     2  lto-llvm-7fe5dd.o(.text.MemManage_Handler)
    NMI_Handler                              0x080014e9   Thumb Code     2  lto-llvm-7fe5dd.o(.text.NMI_Handler)
    PendSV_Handler                           0x080014ed   Thumb Code     2  lto-llvm-7fe5dd.o(.text.PendSV_Handler)
    SVC_Handler                              0x080014f1   Thumb Code     2  lto-llvm-7fe5dd.o(.text.SVC_Handler)
    SystemInit                               0x080014f5   Thumb Code    18  lto-llvm-7fe5dd.o(.text.SystemInit)
    USART1_IRQHandler                        0x08003d69   Thumb Code    74  lto-llvm-7fe5dd.o(.text.USART1_IRQHandler)
    UsageFault_Handler                       0x08003db5   Thumb Code     2  lto-llvm-7fe5dd.o(.text.UsageFault_Handler)
    main                                     0x08003e85   Thumb Code  6732  lto-llvm-7fe5dd.o(.text.main)
    __aeabi_d2f                              0x08005e6d   Thumb Code     0  d2f.o(x$fpl$d2f)
    _d2f                                     0x08005e6d   Thumb Code    98  d2f.o(x$fpl$d2f)
    __aeabi_dmul                             0x08005ed1   Thumb Code     0  dmul.o(x$fpl$dmul)
    _dmul                                    0x08005ed1   Thumb Code   332  dmul.o(x$fpl$dmul)
    __fpl_dnaninf                            0x08006025   Thumb Code   156  dnaninf.o(x$fpl$dnaninf)
    __fpl_dretinf                            0x080060c1   Thumb Code    12  dretinf.o(x$fpl$dretinf)
    __aeabi_f2d                              0x080060cd   Thumb Code     0  f2d.o(x$fpl$f2d)
    _f2d                                     0x080060cd   Thumb Code    86  f2d.o(x$fpl$f2d)
    __fpl_fnaninf                            0x08006123   Thumb Code   140  fnaninf.o(x$fpl$fnaninf)
    _fp_init                                 0x080061af   Thumb Code    26  fpinit.o(x$fpl$fpinit)
    __fplib_config_fpu_vfp                   0x080061c7   Thumb Code     0  fpinit.o(x$fpl$fpinit)
    __fplib_config_pureend_doubles           0x080061c7   Thumb Code     0  fpinit.o(x$fpl$fpinit)
    __fpl_fretinf                            0x080061c9   Thumb Code    10  fretinf.o(x$fpl$fretinf)
    __I$use$fp                               0x080061d2   Number         0  usenofp.o(x$fpl$usenofp)
    Region$$Table$$Base                      0x08007360   Number         0  anon$$obj.o(Region$$Table)
    Region$$Table$$Limit                     0x080073a0   Number         0  anon$$obj.o(Region$$Table)
    SysTick_Handler                          0x10000301   Thumb Code    16  lto-llvm-7fe5dd.o(CCM_DATA)
    DMA1_Channel5_IRQHandler                 0x10000311   Thumb Code   184  lto-llvm-7fe5dd.o(CCM_DATA)
    EXTI1_IRQHandler                         0x100003c9   Thumb Code    24  lto-llvm-7fe5dd.o(CCM_DATA)
    TIM3_IRQHandler                          0x100004b9   Thumb Code   584  lto-llvm-7fe5dd.o(CCM_DATA)
    Long Thumb to Thumb Veneer to __aeabi_memcpy 0x10000701   Thumb Code    10  anon$$obj.o(Veneer$$Code)
    __libspace_start                         0x20000018   Data          96  libspace.o(.bss)
    __temporary_stack_top$libspace           0x20000078   Data           0  libspace.o(.bss)



==============================================================================

Memory Map of the image

  Image Entry point : 0x08000189

  Load Region LR_IROM1 (Base: 0x08000000, Size: 0x00007954, Max: 0x00020000, ABSOLUTE, COMPRESSED[0x000077d0])

    Execution Region ER_IROM1 (Exec base: 0x08000000, Load base: 0x08000000, Size: 0x000073a0, Max: 0x00020000, ABSOLUTE)

    Exec Addr    Load Addr    Size         Type   Attr      Idx    E Section Name        Object

    0x08000000   0x08000000   0x00000188   Data   RO            3    RESET               startup_stm32f303xc.o
    0x08000188   0x08000188   0x00000008   Code   RO           90  * !!!main             c_w.l(__main.o)
    0x08000190   0x08000190   0x0000005c   Code   RO          433    !!!scatter          c_w.l(__scatter.o)
    0x080001ec   0x080001ec   0x0000003a   Code   RO          431    !!dczerorl          c_w.l(__dczerorl.o)
    0x08000226   0x08000226   0x00000002   PAD
    0x08000228   0x08000228   0x0000001a   Code   RO          437    !!handler_copy      c_w.l(__scatter_copy.o)
    0x08000242   0x08000242   0x00000002   PAD
    0x08000244   0x08000244   0x00000002   Code   RO          434    !!handler_null      c_w.l(__scatter.o)
    0x08000246   0x08000246   0x00000002   PAD
    0x08000248   0x08000248   0x0000001c   Code   RO          439    !!handler_zi        c_w.l(__scatter_zi.o)
    0x08000264   0x08000264   0x00000000   Code   RO           81    .ARM.Collect$$_printf_percent$$00000000  c_w.l(_printf_percent.o)
    0x08000264   0x08000264   0x00000006   Code   RO           80    .ARM.Collect$$_printf_percent$$00000008  c_w.l(_printf_i.o)
    0x0800026a   0x0800026a   0x00000006   Code   RO           79    .ARM.Collect$$_printf_percent$$00000014  c_w.l(_printf_s.o)
    0x08000270   0x08000270   0x00000004   Code   RO          101    .ARM.Collect$$_printf_percent$$00000017  c_w.l(_printf_percent_end.o)
    0x08000274   0x08000274   0x00000002   Code   RO          128    .ARM.Collect$$libinit$$00000000  c_w.l(libinit.o)
    0x08000276   0x08000276   0x00000004   Code   RO          134    .ARM.Collect$$libinit$$00000001  c_w.l(libinit2.o)
    0x0800027a   0x0800027a   0x00000000   Code   RO          137    .ARM.Collect$$libinit$$00000004  c_w.l(libinit2.o)
    0x0800027a   0x0800027a   0x00000000   Code   RO          139    .ARM.Collect$$libinit$$00000006  c_w.l(libinit2.o)
    0x0800027a   0x0800027a   0x00000000   Code   RO          142    .ARM.Collect$$libinit$$0000000C  c_w.l(libinit2.o)
    0x0800027a   0x0800027a   0x00000000   Code   RO          144    .ARM.Collect$$libinit$$0000000E  c_w.l(libinit2.o)
    0x0800027a   0x0800027a   0x00000000   Code   RO          146    .ARM.Collect$$libinit$$00000010  c_w.l(libinit2.o)
    0x0800027a   0x0800027a   0x00000000   Code   RO          149    .ARM.Collect$$libinit$$00000013  c_w.l(libinit2.o)
    0x0800027a   0x0800027a   0x00000000   Code   RO          151    .ARM.Collect$$libinit$$00000015  c_w.l(libinit2.o)
    0x0800027a   0x0800027a   0x00000000   Code   RO          153    .ARM.Collect$$libinit$$00000017  c_w.l(libinit2.o)
    0x0800027a   0x0800027a   0x00000000   Code   RO          155    .ARM.Collect$$libinit$$00000019  c_w.l(libinit2.o)
    0x0800027a   0x0800027a   0x00000000   Code   RO          157    .ARM.Collect$$libinit$$0000001B  c_w.l(libinit2.o)
    0x0800027a   0x0800027a   0x00000000   Code   RO          159    .ARM.Collect$$libinit$$0000001D  c_w.l(libinit2.o)
    0x0800027a   0x0800027a   0x00000000   Code   RO          161    .ARM.Collect$$libinit$$0000001F  c_w.l(libinit2.o)
    0x0800027a   0x0800027a   0x00000000   Code   RO          163    .ARM.Collect$$libinit$$00000021  c_w.l(libinit2.o)
    0x0800027a   0x0800027a   0x00000000   Code   RO          165    .ARM.Collect$$libinit$$00000023  c_w.l(libinit2.o)
    0x0800027a   0x0800027a   0x00000000   Code   RO          167    .ARM.Collect$$libinit$$00000025  c_w.l(libinit2.o)
    0x0800027a   0x0800027a   0x00000000   Code   RO          169    .ARM.Collect$$libinit$$00000027  c_w.l(libinit2.o)
    0x0800027a   0x0800027a   0x00000000   Code   RO          173    .ARM.Collect$$libinit$$0000002E  c_w.l(libinit2.o)
    0x0800027a   0x0800027a   0x00000000   Code   RO          175    .ARM.Collect$$libinit$$00000030  c_w.l(libinit2.o)
    0x0800027a   0x0800027a   0x00000000   Code   RO          177    .ARM.Collect$$libinit$$00000032  c_w.l(libinit2.o)
    0x0800027a   0x0800027a   0x00000000   Code   RO          179    .ARM.Collect$$libinit$$00000034  c_w.l(libinit2.o)
    0x0800027a   0x0800027a   0x00000002   Code   RO          180    .ARM.Collect$$libinit$$00000035  c_w.l(libinit2.o)
    0x0800027c   0x0800027c   0x00000002   Code   RO          202    .ARM.Collect$$libshutdown$$00000000  c_w.l(libshutdown.o)
    0x0800027e   0x0800027e   0x00000000   Code   RO          217    .ARM.Collect$$libshutdown$$00000002  c_w.l(libshutdown2.o)
    0x0800027e   0x0800027e   0x00000000   Code   RO          219    .ARM.Collect$$libshutdown$$00000004  c_w.l(libshutdown2.o)
    0x0800027e   0x0800027e   0x00000000   Code   RO          222    .ARM.Collect$$libshutdown$$00000007  c_w.l(libshutdown2.o)
    0x0800027e   0x0800027e   0x00000000   Code   RO          225    .ARM.Collect$$libshutdown$$0000000A  c_w.l(libshutdown2.o)
    0x0800027e   0x0800027e   0x00000000   Code   RO          227    .ARM.Collect$$libshutdown$$0000000C  c_w.l(libshutdown2.o)
    0x0800027e   0x0800027e   0x00000000   Code   RO          230    .ARM.Collect$$libshutdown$$0000000F  c_w.l(libshutdown2.o)
    0x0800027e   0x0800027e   0x00000002   Code   RO          231    .ARM.Collect$$libshutdown$$00000010  c_w.l(libshutdown2.o)
    0x08000280   0x08000280   0x00000000   Code   RO           92    .ARM.Collect$$rtentry$$00000000  c_w.l(__rtentry.o)
    0x08000280   0x08000280   0x00000000   Code   RO          103    .ARM.Collect$$rtentry$$00000002  c_w.l(__rtentry2.o)
    0x08000280   0x08000280   0x00000006   Code   RO          115    .ARM.Collect$$rtentry$$00000004  c_w.l(__rtentry4.o)
    0x08000286   0x08000286   0x00000000   Code   RO          105    .ARM.Collect$$rtentry$$00000009  c_w.l(__rtentry2.o)
    0x08000286   0x08000286   0x00000004   Code   RO          106    .ARM.Collect$$rtentry$$0000000A  c_w.l(__rtentry2.o)
    0x0800028a   0x0800028a   0x00000000   Code   RO          108    .ARM.Collect$$rtentry$$0000000C  c_w.l(__rtentry2.o)
    0x0800028a   0x0800028a   0x00000008   Code   RO          109    .ARM.Collect$$rtentry$$0000000D  c_w.l(__rtentry2.o)
    0x08000292   0x08000292   0x00000002   Code   RO          132    .ARM.Collect$$rtexit$$00000000  c_w.l(rtexit.o)
    0x08000294   0x08000294   0x00000000   Code   RO          182    .ARM.Collect$$rtexit$$00000002  c_w.l(rtexit2.o)
    0x08000294   0x08000294   0x00000004   Code   RO          183    .ARM.Collect$$rtexit$$00000003  c_w.l(rtexit2.o)
    0x08000298   0x08000298   0x00000006   Code   RO          184    .ARM.Collect$$rtexit$$00000004  c_w.l(rtexit2.o)
    0x0800029e   0x0800029e   0x00000002   PAD
    0x080002a0   0x080002a0   0x00000040   Code   RO            4    .text               startup_stm32f303xc.o
    0x080002e0   0x080002e0   0x00000028   Code   RO           51    .text               c_w.l(noretval__2sprintf.o)
    0x08000308   0x08000308   0x00000068   Code   RO           53    .text               c_w.l(__printf.o)
    0x08000370   0x08000370   0x00000052   Code   RO           55    .text               c_w.l(_printf_str.o)
    0x080003c2   0x080003c2   0x00000002   PAD
    0x080003c4   0x080003c4   0x00000078   Code   RO           57    .text               c_w.l(_printf_dec.o)
    0x0800043c   0x0800043c   0x00000058   Code   RO           82    .text               c_w.l(memcmp.o)
    0x08000494   0x08000494   0x0000003e   Code   RO           84    .text               c_w.l(strlen.o)
    0x080004d2   0x080004d2   0x00000006   Code   RO           88    .text               c_w.l(heapauxi.o)
    0x080004d8   0x080004d8   0x000000b2   Code   RO           93    .text               c_w.l(_printf_intcommon.o)
    0x0800058a   0x0800058a   0x00000002   PAD
    0x0800058c   0x0800058c   0x00000030   Code   RO           95    .text               c_w.l(_printf_char_common.o)
    0x080005bc   0x080005bc   0x0000000a   Code   RO           97    .text               c_w.l(_sputc.o)
    0x080005c6   0x080005c6   0x0000002c   Code   RO           99    .text               c_w.l(_printf_char.o)
    0x080005f2   0x080005f2   0x0000004a   Code   RO          119    .text               c_w.l(sys_stackheap_outer.o)
    0x0800063c   0x0800063c   0x00000012   Code   RO          121    .text               c_w.l(exit.o)
    0x0800064e   0x0800064e   0x00000002   PAD
    0x08000650   0x08000650   0x00000008   Code   RO          129    .text               c_w.l(libspace.o)
    0x08000658   0x08000658   0x0000000c   Code   RO          192    .text               c_w.l(sys_exit.o)
    0x08000664   0x08000664   0x00000002   Code   RO          207    .text               c_w.l(use_no_semi.o)
    0x08000666   0x08000666   0x00000000   Code   RO          209    .text               c_w.l(indicate_semi.o)
    0x08000666   0x08000666   0x0000008a   Code   RO          406    .text               c_w.l(rt_memcpy_v6.o)
    0x080006f0   0x080006f0   0x00000064   Code   RO          408    .text               c_w.l(rt_memcpy_w.o)
    0x08000754   0x08000754   0x00000044   Code   RO          410    .text               c_w.l(rt_memclr.o)
    0x08000798   0x08000798   0x0000004e   Code   RO          412    .text               c_w.l(rt_memclr_w.o)
    0x080007e6   0x080007e6   0x00000002   PAD
    0x080007e8   0x080007e8   0x00000002   Code   RO          275    .text.BusFault_Handler  lto-llvm-7fe5dd.o
    0x080007ea   0x080007ea   0x00000002   PAD
    0x080007ec   0x080007ec   0x00000002   Code   RO          281    .text.DebugMon_Handler  lto-llvm-7fe5dd.o
    0x080007ee   0x080007ee   0x00000002   PAD
    0x080007f0   0x080007f0   0x00000028   Code   RO          317    .text.FLASH_PageErase  lto-llvm-7fe5dd.o
    0x08000818   0x08000818   0x00000052   Code   RO          305    .text.FLASH_ReadSettings  lto-llvm-7fe5dd.o
    0x0800086a   0x0800086a   0x00000002   PAD
    0x0800086c   0x0800086c   0x00000060   Code   RO          301    .text.FLASH_WriteSettings  lto-llvm-7fe5dd.o
    0x080008cc   0x080008cc   0x00000136   Code   RO          341    .text.HAL_ADC_PollForConversion  lto-llvm-7fe5dd.o
    0x08000a02   0x08000a02   0x00000002   PAD
    0x08000a04   0x08000a04   0x00000176   Code   RO          337    .text.HAL_ADC_Start  lto-llvm-7fe5dd.o
    0x08000b7a   0x08000b7a   0x00000002   PAD
    0x08000b7c   0x08000b7c   0x00000150   Code   RO          339    .text.HAL_ADC_Stop  lto-llvm-7fe5dd.o
    0x08000ccc   0x08000ccc   0x00000012   Code   RO          315    .text.HAL_FLASH_Lock  lto-llvm-7fe5dd.o
    0x08000cde   0x08000cde   0x00000002   PAD
    0x08000ce0   0x08000ce0   0x00000208   Code   RO          311    .text.HAL_FLASH_Program  lto-llvm-7fe5dd.o
    0x08000ee8   0x08000ee8   0x00000028   Code   RO          313    .text.HAL_FLASH_Unlock  lto-llvm-7fe5dd.o
    0x08000f10   0x08000f10   0x0000019e   Code   RO          309    .text.HAL_GPIO_Init  lto-llvm-7fe5dd.o
    0x080010ae   0x080010ae   0x00000002   PAD
    0x080010b0   0x080010b0   0x00000132   Code   RO          289    .text.HAL_UART_MspInit  lto-llvm-7fe5dd.o
    0x080011e2   0x080011e2   0x00000002   PAD
    0x080011e4   0x080011e4   0x00000242   Code   RO          331    .text.HAL_UART_Receive_DMA  lto-llvm-7fe5dd.o
    0x08001426   0x08001426   0x00000002   PAD
    0x08001428   0x08001428   0x000000b0   Code   RO          327    .text.HAL_UART_Transmit  lto-llvm-7fe5dd.o
    0x080014d8   0x080014d8   0x0000000a   Code   RO          269    .text.HardFault_Handler  lto-llvm-7fe5dd.o
    0x080014e2   0x080014e2   0x00000002   PAD
    0x080014e4   0x080014e4   0x00000002   Code   RO          273    .text.MemManage_Handler  lto-llvm-7fe5dd.o
    0x080014e6   0x080014e6   0x00000002   PAD
    0x080014e8   0x080014e8   0x00000002   Code   RO          267    .text.NMI_Handler   lto-llvm-7fe5dd.o
    0x080014ea   0x080014ea   0x00000002   PAD
    0x080014ec   0x080014ec   0x00000002   Code   RO          283    .text.PendSV_Handler  lto-llvm-7fe5dd.o
    0x080014ee   0x080014ee   0x00000002   PAD
    0x080014f0   0x080014f0   0x00000002   Code   RO          279    .text.SVC_Handler   lto-llvm-7fe5dd.o
    0x080014f2   0x080014f2   0x00000002   PAD
    0x080014f4   0x080014f4   0x00000012   Code   RO          343    .text.SystemInit    lto-llvm-7fe5dd.o
    0x08001506   0x08001506   0x00000002   PAD
    0x08001508   0x08001508   0x00000106   Code   RO          319    .text.TIM_Base_SetConfig  lto-llvm-7fe5dd.o
    0x0800160e   0x0800160e   0x00000002   PAD
    0x08001610   0x08001610   0x000000e6   Code   RO          323    .text.UART_AdvFeatureConfig  lto-llvm-7fe5dd.o
    0x080016f6   0x080016f6   0x00000002   PAD
    0x080016f8   0x080016f8   0x0000017e   Code   RO          329    .text.UART_DMAError  lto-llvm-7fe5dd.o
    0x08001876   0x08001876   0x00000002   PAD
    0x08001878   0x08001878   0x000020e2   Code   RO          333    .text.UART_DMAReceiveCplt  lto-llvm-7fe5dd.o
    0x0800395a   0x0800395a   0x00000002   PAD
    0x0800395c   0x0800395c   0x00000006   Code   RO          335    .text.UART_DMARxHalfCplt  lto-llvm-7fe5dd.o
    0x08003962   0x08003962   0x00000002   PAD
    0x08003964   0x08003964   0x00000268   Code   RO          321    .text.UART_SetConfig  lto-llvm-7fe5dd.o
    0x08003bcc   0x08003bcc   0x0000019a   Code   RO          325    .text.UART_WaitOnFlagUntilTimeout  lto-llvm-7fe5dd.o
    0x08003d66   0x08003d66   0x00000002   PAD
    0x08003d68   0x08003d68   0x0000004a   Code   RO          287    .text.USART1_IRQHandler  lto-llvm-7fe5dd.o
    0x08003db2   0x08003db2   0x00000002   PAD
    0x08003db4   0x08003db4   0x00000002   Code   RO          277    .text.UsageFault_Handler  lto-llvm-7fe5dd.o
    0x08003db6   0x08003db6   0x00000002   PAD
    0x08003db8   0x08003db8   0x0000002a   Code   RO          271    .text.__NVIC_SystemReset  lto-llvm-7fe5dd.o
    0x08003de2   0x08003de2   0x00000002   PAD
    0x08003de4   0x08003de4   0x0000002a   Code   RO          291    .text.__NVIC_SystemReset.3  lto-llvm-7fe5dd.o
    0x08003e0e   0x08003e0e   0x00000002   PAD
    0x08003e10   0x08003e10   0x00000074   Code   RO          307    .text.flash_init    lto-llvm-7fe5dd.o
    0x08003e84   0x08003e84   0x00001a70   Code   RO          265    .text.main          lto-llvm-7fe5dd.o
    0x080058f4   0x080058f4   0x0000048c   Code   RO          293    .text.mavlink_sha256_update  lto-llvm-7fe5dd.o
    0x08005d80   0x08005d80   0x00000030   Code   RO          303    .text.myFlashErase  lto-llvm-7fe5dd.o
    0x08005db0   0x08005db0   0x00000042   Code   RO          299    .text.sendIntToCom  lto-llvm-7fe5dd.o
    0x08005df2   0x08005df2   0x00000002   PAD
    0x08005df4   0x08005df4   0x00000020   Code   RO          295    .text.sendStringToCom  lto-llvm-7fe5dd.o
    0x08005e14   0x08005e14   0x0000004c   Code   RO          297    .text.sendWStringToCom  lto-llvm-7fe5dd.o
    0x08005e60   0x08005e60   0x0000000a   Ven    RO          441    Veneer$$Code        anon$$obj.o
    0x08005e6a   0x08005e6a   0x00000002   PAD
    0x08005e6c   0x08005e6c   0x00000062   Code   RO          414    x$fpl$d2f           fz_wm.l(d2f.o)
    0x08005ece   0x08005ece   0x00000002   PAD
    0x08005ed0   0x08005ed0   0x00000154   Code   RO          416    x$fpl$dmul          fz_wm.l(dmul.o)
    0x08006024   0x08006024   0x0000009c   Code   RO          420    x$fpl$dnaninf       fz_wm.l(dnaninf.o)
    0x080060c0   0x080060c0   0x0000000c   Code   RO          422    x$fpl$dretinf       fz_wm.l(dretinf.o)
    0x080060cc   0x080060cc   0x00000056   Code   RO          418    x$fpl$f2d           fz_wm.l(f2d.o)
    0x08006122   0x08006122   0x0000008c   Code   RO          424    x$fpl$fnaninf       fz_wm.l(fnaninf.o)
    0x080061ae   0x080061ae   0x0000001a   Code   RO          190    x$fpl$fpinit        fz_wm.l(fpinit.o)
    0x080061c8   0x080061c8   0x0000000a   Code   RO          426    x$fpl$fretinf       fz_wm.l(fretinf.o)
    0x080061d2   0x080061d2   0x00000000   Code   RO          428    x$fpl$usenofp       fz_wm.l(usenofp.o)
    0x080061d2   0x080061d2   0x00000002   PAD
    0x080061d4   0x080061d4   0x00000400   Data   RO          389    .rodata.CRC8_LOOKUP_TABLE  lto-llvm-7fe5dd.o
    0x080065d4   0x080065d4   0x00000030   Data   RO          394    .rodata.cst16       lto-llvm-7fe5dd.o
    0x08006604   0x08006604   0x00000008   Data   RO          398    .rodata.cst8        lto-llvm-7fe5dd.o
    0x0800660c   0x0800660c   0x00000a20   Data   RO          363    .rodata.mavlink_get_msg_entry.mavlink_message_crcs  lto-llvm-7fe5dd.o
    0x0800702c   0x0800702c   0x00000100   Data   RO          364    .rodata.mavlink_sha256_constant_256  lto-llvm-7fe5dd.o
    0x0800712c   0x0800712c   0x00000234   Data   RO          388    .rodata.str1.1      lto-llvm-7fe5dd.o
    0x08007360   0x08007360   0x00000040   Data   RO          430    Region$$Table       anon$$obj.o


    Execution Region RW_IRAM2 (Exec base: 0x10000000, Load base: 0x080073b8, Size: 0x00000188, Max: 0x000002ff, ABSOLUTE, COMPRESSED[0x00000004])

    Exec Addr    Load Addr    Size         Type   Attr      Idx    E Section Name        Object

    0x10000000   COMPRESSED   0x00000188   Data   RW          347    V_DATA              lto-llvm-7fe5dd.o


    Execution Region RW_IRAM3 (Exec base: 0x10000300, Load base: 0x080073bc, Size: 0x00000414, Max: 0x00001d00, ABSOLUTE)

    Exec Addr    Load Addr    Size         Type   Attr      Idx    E Section Name        Object

    0x10000300   0x080073bc   0x00000400   Code   RO          285    CCM_DATA            lto-llvm-7fe5dd.o
    0x10000700   0x080077bc   0x0000000a   Ven    RO          442    Veneer$$Code        anon$$obj.o
    0x1000070a   0x080077c6   0x0000000a   Ven    RO          443    Veneer$$Code        anon$$obj.o


    Execution Region RW_IRAM1 (Exec base: 0x20000000, Load base: 0x080073a0, Size: 0x000034f8, Max: 0x00008000, ABSOLUTE)

    Exec Addr    Load Addr    Size         Type   Attr      Idx    E Section Name        Object

    0x20000000   0x080073a0   0x00000004   Data   RW          369    .data.LONG_DETECTIONS  lto-llvm-7fe5dd.o
    0x20000004   0x080073a4   0x00000004   Data   RW          371    .data.MAX_SHORT_DETECTIONS  lto-llvm-7fe5dd.o
    0x20000008   0x080073a8   0x00000004   Data   RW          370    .data.SHORT_DETECTIONS  lto-llvm-7fe5dd.o
    0x2000000c   0x080073ac   0x00000004   Data   RW          397    .data.SystemCoreClock  lto-llvm-7fe5dd.o
    0x20000010   0x080073b0   0x00000008   Data   RW          354    .data.dma_uart_rxu1  lto-llvm-7fe5dd.o
    0x20000018        -       0x00000060   Zero   RW          130    .bss                c_w.l(libspace.o)
    0x20000078        -       0x00000001   Zero   RW          346    .bss.CLI_Mode       lto-llvm-7fe5dd.o
    0x20000079   0x080073b8   0x00000003   PAD
    0x2000007c        -       0x00000004   Zero   RW          349    .bss.HAL_UART_RxCpltCallback.oldCounter  lto-llvm-7fe5dd.o
    0x20000080        -       0x00000004   Zero   RW          350    .bss.HAL_UART_RxCpltCallback.si  lto-llvm-7fe5dd.o
    0x20000084        -       0x00000100   Zero   RW          360    .bss.buf            lto-llvm-7fe5dd.o
    0x20000184        -       0x00002000   Zero   RW          358    .bss.circBuffer     lto-llvm-7fe5dd.o
    0x20002184        -       0x00000004   Zero   RW          378    .bss.counter        lto-llvm-7fe5dd.o
    0x20002188        -       0x00000040   Zero   RW          391    .bss.crsf_telemetry_buffer  lto-llvm-7fe5dd.o
    0x200021c8        -       0x00000004   Zero   RW          390    .bss.crsf_telemetry_offset  lto-llvm-7fe5dd.o
    0x200021cc        -       0x00000400   Zero   RW          345    .bss.dma_rx_bufu1   lto-llvm-7fe5dd.o
    0x200025cc        -       0x00000050   Zero   RW          377    .bss.hadc1          lto-llvm-7fe5dd.o
    0x2000261c        -       0x00000030   Zero   RW          375    .bss.hcomp1         lto-llvm-7fe5dd.o
    0x2000264c        -       0x00000014   Zero   RW          374    .bss.hdac           lto-llvm-7fe5dd.o
    0x20002660        -       0x00000044   Zero   RW          355    .bss.hdma_usart1_rx  lto-llvm-7fe5dd.o
    0x200026a4        -       0x00000034   Zero   RW          348    .bss.hopamp1        lto-llvm-7fe5dd.o
    0x200026d8        -       0x0000004c   Zero   RW          376    .bss.htim3          lto-llvm-7fe5dd.o
    0x20002724        -       0x00000084   Zero   RW          352    .bss.huart1         lto-llvm-7fe5dd.o
    0x200027a8        -       0x00000084   Zero   RW          359    .bss.huart3         lto-llvm-7fe5dd.o
    0x2000282c        -       0x00000001   Zero   RW          372    .bss.inTest         lto-llvm-7fe5dd.o
    0x2000282d        -       0x00000001   Zero   RW          353    .bss.initDone       lto-llvm-7fe5dd.o
    0x2000282e   0x080073b8   0x00000002   PAD
    0x20002830        -       0x00000004   Zero   RW          367    .bss.longLowDetectedCount  lto-llvm-7fe5dd.o
    0x20002834        -       0x0000048c   Zero   RW          365    .bss.mavlink_get_channel_buffer.m_mavlink_buffer  lto-llvm-7fe5dd.o
    0x20002cc0        -       0x00000060   Zero   RW          366    .bss.mavlink_get_channel_status.m_mavlink_status  lto-llvm-7fe5dd.o
    0x20002d20        -       0x00000004   Zero   RW          373    .bss.maxDetections  lto-llvm-7fe5dd.o
    0x20002d24   0x080073b8   0x00000004   PAD
    0x20002d28        -       0x00000020   Zero   RW          396    .bss.pFlash         lto-llvm-7fe5dd.o
    0x20002d48        -       0x00000004   Zero   RW          356    .bss.pointerAdd     lto-llvm-7fe5dd.o
    0x20002d4c        -       0x00000004   Zero   RW          357    .bss.pointerTransmite  lto-llvm-7fe5dd.o
    0x20002d50        -       0x00000018   Zero   RW          362    .bss.r_mavlink_status  lto-llvm-7fe5dd.o
    0x20002d68        -       0x00000123   Zero   RW          361    .bss.r_message      lto-llvm-7fe5dd.o
    0x20002e8b   0x080073b8   0x00000001   PAD
    0x20002e8c        -       0x00000014   Zero   RW          392    .bss.setting        lto-llvm-7fe5dd.o
    0x20002ea0        -       0x0000000f   Zero   RW          380    .bss.shell_command_string  lto-llvm-7fe5dd.o
    0x20002eaf   0x080073b8   0x00000001   PAD
    0x20002eb0        -       0x00000004   Zero   RW          385    .bss.shell_encode.commandPtr  lto-llvm-7fe5dd.o
    0x20002eb4        -       0x00000004   Zero   RW          386    .bss.shell_encode.numberPtr  lto-llvm-7fe5dd.o
    0x20002eb8        -       0x00000004   Zero   RW          384    .bss.shell_encode.staticSpasersCounter  lto-llvm-7fe5dd.o
    0x20002ebc        -       0x00000004   Zero   RW          387    .bss.shell_encode.textPtr  lto-llvm-7fe5dd.o
    0x20002ec0        -       0x00000004   Zero   RW          383    .bss.shell_huart    lto-llvm-7fe5dd.o
    0x20002ec4        -       0x0000000f   Zero   RW          381    .bss.shell_number_argument_string  lto-llvm-7fe5dd.o
    0x20002ed3   0x080073b8   0x00000001   PAD
    0x20002ed4        -       0x0000000f   Zero   RW          382    .bss.shell_text_argument_string  lto-llvm-7fe5dd.o
    0x20002ee3   0x080073b8   0x00000001   PAD
    0x20002ee4        -       0x00000004   Zero   RW          368    .bss.shortLowDetectedCount  lto-llvm-7fe5dd.o
    0x20002ee8        -       0x00000004   Zero   RW          393    .bss.uwTick         lto-llvm-7fe5dd.o
    0x20002eec        -       0x00000001   Zero   RW          395    .bss.uwTickPrio     lto-llvm-7fe5dd.o
    0x20002eed   0x080073b8   0x00000003   PAD
    0x20002ef0        -       0x00000004   Zero   RW          379    .bss.videoSystemDetection.detections  lto-llvm-7fe5dd.o
    0x20002ef4   0x080073b8   0x00000004   PAD
    0x20002ef8        -       0x00000200   Zero   RW            2    HEAP                startup_stm32f303xc.o
    0x200030f8        -       0x00000400   Zero   RW            1    STACK               startup_stm32f303xc.o


==============================================================================

Image component sizes


      Code (inc. data)   RO Data    RW Data    ZI Data      Debug   Object Name

     23108        418       4492        416      11884     126409   lto-llvm-7fe5dd.o
        64         26        392          0       1536        828   startup_stm32f303xc.o

    ----------------------------------------------------------------------
     23256        444       4948        416      13440     127237   Object Totals
        30          0         64          0          0          0   (incl. Generated)
        54          0          0          0         20          0   (incl. Padding)

    ----------------------------------------------------------------------

      Code (inc. data)   RO Data    RW Data    ZI Data      Debug   Library Member Name

        58          0          0          0          0          0   __dczerorl.o
         8          0          0          0          0         68   __main.o
       104          0          0          0          0         84   __printf.o
         0          0          0          0          0          0   __rtentry.o
        12          0          0          0          0          0   __rtentry2.o
         6          0          0          0          0          0   __rtentry4.o
        94          8          0          0          0          0   __scatter.o
        26          0          0          0          0          0   __scatter_copy.o
        28          0          0          0          0          0   __scatter_zi.o
        44          0          0          0          0        108   _printf_char.o
        48          6          0          0          0         96   _printf_char_common.o
       120         16          0          0          0         92   _printf_dec.o
         6          0          0          0          0          0   _printf_i.o
       178          0          0          0          0         88   _printf_intcommon.o
         0          0          0          0          0          0   _printf_percent.o
         4          0          0          0          0          0   _printf_percent_end.o
         6          0          0          0          0          0   _printf_s.o
        82          0          0          0          0         80   _printf_str.o
        10          0          0          0          0         68   _sputc.o
        18          0          0          0          0         80   exit.o
         6          0          0          0          0        152   heapauxi.o
         0          0          0          0          0          0   indicate_semi.o
         2          0          0          0          0          0   libinit.o
         6          0          0          0          0          0   libinit2.o
         2          0          0          0          0          0   libshutdown.o
         2          0          0          0          0          0   libshutdown2.o
         8          4          0          0         96         68   libspace.o
        88          0          0          0          0         76   memcmp.o
        40          6          0          0          0         84   noretval__2sprintf.o
        68          0          0          0          0         68   rt_memclr.o
        78          0          0          0          0         80   rt_memclr_w.o
       138          0          0          0          0         68   rt_memcpy_v6.o
       100          0          0          0          0         80   rt_memcpy_w.o
         2          0          0          0          0          0   rtexit.o
        10          0          0          0          0          0   rtexit2.o
        62          0          0          0          0         76   strlen.o
        12          4          0          0          0         68   sys_exit.o
        74          0          0          0          0         80   sys_stackheap_outer.o
         2          0          0          0          0         68   use_no_semi.o
        98          4          0          0          0        140   d2f.o
       340         12          0          0          0        152   dmul.o
       156          4          0          0          0        140   dnaninf.o
        12          0          0          0          0        116   dretinf.o
        86          4          0          0          0        132   f2d.o
       140          4          0          0          0        132   fnaninf.o
        26          0          0          0          0        116   fpinit.o
        10          0          0          0          0        116   fretinf.o
         0          0          0          0          0          0   usenofp.o

    ----------------------------------------------------------------------
      2440         72          0          0         96       2776   Library Totals
        20          0          0          0          0          0   (incl. Padding)

    ----------------------------------------------------------------------

      Code (inc. data)   RO Data    RW Data    ZI Data      Debug   Library Name

      1552         44          0          0         96       1732   c_w.l
       868         28          0          0          0       1044   fz_wm.l

    ----------------------------------------------------------------------
      2440         72          0          0         96       2776   Library Totals

    ----------------------------------------------------------------------

==============================================================================


      Code (inc. data)   RO Data    RW Data    ZI Data      Debug   

     25696        516       4948        416      13536     128565   Grand Totals
     25696        516       4948         28      13536     128565   ELF Image Totals (compressed)
     25696        516       4948         28          0          0   ROM Totals

==============================================================================

    Total RO  Size (Code + RO Data)                30644 (  29.93kB)
    Total RW  Size (RW Data + ZI Data)             13952 (  13.63kB)
    Total ROM Size (Code + RO Data + RW Data)      30672 (  29.95kB)

==============================================================================

