<html>
<body>
<pre>
<h1>µVision Build Log</h1>
<h2>Tool Versions:</h2>
IDE-Version: µVision V5.40.0.0
Copyright (C) 2024 ARM Ltd and ARM Germany GmbH. All rights reserved.
License Information: Alex Orlov, AlexOrlov, LIC=8VRJ7-EC4YD-Z99G9-4AUJ5-QU6XE-XN4HJ
 
Tool Versions:
Toolchain:       MDK-ARM Plus  Version: 5.40.0.3
Toolchain Path:  C:\Keil_v5\ARM\ARMCLANG\Bin
C Compiler:      ArmClang.exe V6.22
Assembler:       Armasm.exe V6.22
Linker/Locator:  ArmLink.exe V6.22
Library Manager: ArmAr.exe V6.22
Hex Converter:   FromElf.exe V6.22
CPU DLL:         SARMCM3.DLL V5.40.0.3
Dialog DLL:      DCM.DLL V1.17.5.0
Target DLL:      ULP2CM3.DLL V2.215.24.0
Dialog DLL:      TCM.DLL V1.56.4.0
 
<h2>Project:</h2>
G:\video_modem\rx\project\MDK-ARM\video_rx.uvprojx
Project File Date:  08/25/2024

<h2>Output:</h2>
*** Using Compiler 'V6.22', folder: 'C:\Keil_v5\ARM\ARMCLANG\Bin'
Rebuild target 'video_mavlink'
assembling startup_stm32f303xc.s...
compiling stm32f3xx_hal_comp.c...
compiling stm32f3xx_ll_exti.c...
compiling stm32f3xx_it.c...
compiling stm32f3xx_ll_utils.c...
compiling stm32f3xx_hal_msp.c...
compiling main.c...
compiling vblank_detector.c...
compiling stm32f3xx_hal.c...
compiling stm32f3xx_hal_gpio.c...
compiling stm32f3xx_hal_rcc_ex.c...
compiling stm32f3xx_hal_rcc.c...
compiling stm32f3xx_hal_dma.c...
compiling stm32f3xx_hal_cortex.c...
compiling stm32f3xx_hal_pwr_ex.c...
compiling stm32f3xx_hal_pwr.c...
compiling stm32f3xx_hal_flash.c...
compiling stm32f3xx_hal_flash_ex.c...
compiling stm32f3xx_hal_i2c_ex.c...
compiling stm32f3xx_hal_exti.c...
compiling stm32f3xx_hal_dac.c...
compiling stm32f3xx_hal_dac_ex.c...
compiling stm32f3xx_ll_rcc.c...
compiling stm32f3xx_hal_opamp.c...
compiling stm32f3xx_hal_opamp_ex.c...
compiling stm32f3xx_hal_uart_ex.c...
compiling stm32f3xx_ll_usart.c...
compiling stm32f3xx_ll_gpio.c...
compiling stm32f3xx_hal_tim_ex.c...
compiling stm32f3xx_hal_i2c.c...
compiling stm32f3xx_ll_dma.c...
compiling stm32f3xx_hal_adc.c...
compiling stm32f3xx_hal_uart.c...
compiling retarget_io.c...
compiling system_stm32f3xx.c...
compiling stm32f3xx_hal_tim.c...
compiling stm32f3xx_hal_adc_ex.c...
linking...
Program Size: Code=14260 RO-data=528 RW-data=408 ZI-data=1792  
FromELF: creating hex file...
After Build - User command #1: C:\Keil_v5\\ARM\ARMCC\bin\fromelf.exe --bin --output=video_mavlink.bin video_mavlink\video_mavlink.axf
"video_mavlink\video_mavlink.axf" - 0 Error(s), 0 Warning(s).

<h2>Software Packages used:</h2>

Package Vendor: ARM
                https://www.keil.com/pack/ARM.CMSIS.6.1.0.pack
                ARM::CMSIS@6.1.0
                CMSIS (Common Microcontroller Software Interface Standard)
   * Component: CORE Version: 6.1.0

Package Vendor: Keil
                https://www.keil.com/pack/Keil.ARM_Compiler.1.7.2.pack
                Keil::ARM_Compiler@1.7.2
                Keil ARM Compiler extensions for ARM Compiler 5 and ARM Compiler 6
   * Component: STDIN Variant: ITM Version: 1.2.0

Package Vendor: Keil
                http://www.keil.com/pack/Keil.STM32F3xx_DFP.2.2.2.pack
                Keil::STM32F3xx_DFP@2.2.2
                STMicroelectronics STM32F3 Series Device Support and Examples

<h2>Collection of Component include folders:</h2>
  ./RTE/_video_mavlink
  C:/Keil_v5/ARM/PACK/ARM/CMSIS/6.1.0/CMSIS/Core/Include
  C:/Keil_v5/ARM/PACK/Keil/STM32F3xx_DFP/2.2.2/Drivers/CMSIS/Device/ST/STM32F3xx/Include

<h2>Collection of Component Files used:</h2>

   * Component: ARM::CMSIS:CORE@6.1.0
      Include file:  CMSIS/Core/Include/tz_context.h

   * Component: Keil::Compiler&ARM Compiler:I/O:STDIN&ITM@1.2.0
      Source file:   Source/retarget_io.c
Build Time Elapsed:  00:00:02
</pre>
</body>
</html>
