Component: Arm Compiler for Embedded 6.22 Tool: armlink [5ee90200]

==============================================================================

Section Cross References

    startup_stm32f303xc.o(STACK) refers (Special) to heapauxi.o(.text) for __use_two_region_memory
    startup_stm32f303xc.o(HEAP) refers (Special) to heapauxi.o(.text) for __use_two_region_memory
    startup_stm32f303xc.o(RESET) refers (Special) to heapauxi.o(.text) for __use_two_region_memory
    startup_stm32f303xc.o(RESET) refers to startup_stm32f303xc.o(STACK) for __initial_sp
    startup_stm32f303xc.o(RESET) refers to startup_stm32f303xc.o(.text) for Reset_Handler
    startup_stm32f303xc.o(RESET) refers to lto-llvm-ebabf9.o(.text.NMI_Handler) for NMI_Handler
    startup_stm32f303xc.o(RESET) refers to lto-llvm-ebabf9.o(.text.HardFault_Handler) for HardFault_Handler
    startup_stm32f303xc.o(RESET) refers to lto-llvm-ebabf9.o(.text.MemManage_Handler) for MemManage_Handler
    startup_stm32f303xc.o(RESET) refers to lto-llvm-ebabf9.o(.text.BusFault_Handler) for BusFault_Handler
    startup_stm32f303xc.o(RESET) refers to lto-llvm-ebabf9.o(.text.UsageFault_Handler) for UsageFault_Handler
    startup_stm32f303xc.o(RESET) refers to lto-llvm-ebabf9.o(.text.SVC_Handler) for SVC_Handler
    startup_stm32f303xc.o(RESET) refers to lto-llvm-ebabf9.o(.text.DebugMon_Handler) for DebugMon_Handler
    startup_stm32f303xc.o(RESET) refers to lto-llvm-ebabf9.o(.text.PendSV_Handler) for PendSV_Handler
    startup_stm32f303xc.o(RESET) refers to lto-llvm-ebabf9.o(.text.SysTick_Handler) for SysTick_Handler
    startup_stm32f303xc.o(RESET) refers to lto-llvm-ebabf9.o(.text.DMA1_Channel4_IRQHandler) for DMA1_Channel4_IRQHandler
    startup_stm32f303xc.o(RESET) refers to lto-llvm-ebabf9.o(CCM_DATA) for TIM3_IRQHandler
    startup_stm32f303xc.o(.text) refers (Special) to heapauxi.o(.text) for __use_two_region_memory
    startup_stm32f303xc.o(.text) refers to lto-llvm-ebabf9.o(.text.SystemInit) for SystemInit
    startup_stm32f303xc.o(.text) refers to __main.o(!!!main) for __main
    startup_stm32f303xc.o(.text) refers to startup_stm32f303xc.o(HEAP) for Heap_Mem
    startup_stm32f303xc.o(.text) refers to startup_stm32f303xc.o(STACK) for Stack_Mem
    __main.o(!!!main) refers to __rtentry.o(.ARM.Collect$$rtentry$$00000000) for __rt_entry
    __rtentry.o(.ARM.Collect$$rtentry$$00000000) refers (Special) to __rtentry2.o(.ARM.Collect$$rtentry$$0000000A) for __rt_entry_li
    __rtentry.o(.ARM.Collect$$rtentry$$00000000) refers (Special) to __rtentry2.o(.ARM.Collect$$rtentry$$0000000D) for __rt_entry_main
    __rtentry.o(.ARM.Collect$$rtentry$$00000000) refers (Special) to __rtentry2.o(.ARM.Collect$$rtentry$$0000000C) for __rt_entry_postli_1
    __rtentry.o(.ARM.Collect$$rtentry$$00000000) refers (Special) to __rtentry2.o(.ARM.Collect$$rtentry$$00000009) for __rt_entry_postsh_1
    __rtentry.o(.ARM.Collect$$rtentry$$00000000) refers (Special) to __rtentry2.o(.ARM.Collect$$rtentry$$00000002) for __rt_entry_presh_1
    __rtentry.o(.ARM.Collect$$rtentry$$00000000) refers (Special) to __rtentry4.o(.ARM.Collect$$rtentry$$00000004) for __rt_entry_sh
    __rtentry2.o(.ARM.Collect$$rtentry$$00000008) refers to boardinit2.o(.text) for _platform_post_stackheap_init
    __rtentry2.o(.ARM.Collect$$rtentry$$0000000A) refers to libinit.o(.ARM.Collect$$libinit$$00000000) for __rt_lib_init
    __rtentry2.o(.ARM.Collect$$rtentry$$0000000B) refers to boardinit3.o(.text) for _platform_post_lib_init
    __rtentry2.o(.ARM.Collect$$rtentry$$0000000D) refers to lto-llvm-ebabf9.o(.text.main) for main
    __rtentry2.o(.ARM.Collect$$rtentry$$0000000D) refers to exit.o(.text) for exit
    __rtentry2.o(.ARM.exidx) refers to __rtentry2.o(.ARM.Collect$$rtentry$$00000001) for .ARM.Collect$$rtentry$$00000001
    __rtentry2.o(.ARM.exidx) refers to __rtentry2.o(.ARM.Collect$$rtentry$$00000008) for .ARM.Collect$$rtentry$$00000008
    __rtentry2.o(.ARM.exidx) refers to __rtentry2.o(.ARM.Collect$$rtentry$$0000000A) for .ARM.Collect$$rtentry$$0000000A
    __rtentry2.o(.ARM.exidx) refers to __rtentry2.o(.ARM.Collect$$rtentry$$0000000B) for .ARM.Collect$$rtentry$$0000000B
    __rtentry2.o(.ARM.exidx) refers to __rtentry2.o(.ARM.Collect$$rtentry$$0000000D) for .ARM.Collect$$rtentry$$0000000D
    __rtentry4.o(.ARM.Collect$$rtentry$$00000004) refers to sys_stackheap_outer.o(.text) for __user_setup_stackheap
    __rtentry4.o(.ARM.exidx) refers to __rtentry4.o(.ARM.Collect$$rtentry$$00000004) for .ARM.Collect$$rtentry$$00000004
    sys_stackheap_outer.o(.text) refers to libspace.o(.text) for __user_perproc_libspace
    sys_stackheap_outer.o(.text) refers to startup_stm32f303xc.o(.text) for __user_initial_stackheap
    exit.o(.text) refers to rtexit.o(.ARM.Collect$$rtexit$$00000000) for __rt_exit
    libinit.o(.ARM.Collect$$libinit$$00000000) refers (Special) to libinit2.o(.ARM.Collect$$libinit$$00000030) for __rt_lib_init_alloca_1
    libinit.o(.ARM.Collect$$libinit$$00000000) refers (Special) to libinit2.o(.ARM.Collect$$libinit$$0000002E) for __rt_lib_init_argv_1
    libinit.o(.ARM.Collect$$libinit$$00000000) refers (Special) to libinit2.o(.ARM.Collect$$libinit$$0000001D) for __rt_lib_init_atexit_1
    libinit.o(.ARM.Collect$$libinit$$00000000) refers (Special) to libinit2.o(.ARM.Collect$$libinit$$00000023) for __rt_lib_init_clock_1
    libinit.o(.ARM.Collect$$libinit$$00000000) refers (Special) to libinit2.o(.ARM.Collect$$libinit$$00000034) for __rt_lib_init_cpp_1
    libinit.o(.ARM.Collect$$libinit$$00000000) refers (Special) to libinit2.o(.ARM.Collect$$libinit$$00000032) for __rt_lib_init_exceptions_1
    libinit.o(.ARM.Collect$$libinit$$00000000) refers (Special) to libinit2.o(.ARM.Collect$$libinit$$00000001) for __rt_lib_init_fp_1
    libinit.o(.ARM.Collect$$libinit$$00000000) refers (Special) to libinit2.o(.ARM.Collect$$libinit$$00000021) for __rt_lib_init_fp_trap_1
    libinit.o(.ARM.Collect$$libinit$$00000000) refers (Special) to libinit2.o(.ARM.Collect$$libinit$$00000025) for __rt_lib_init_getenv_1
    libinit.o(.ARM.Collect$$libinit$$00000000) refers (Special) to libinit2.o(.ARM.Collect$$libinit$$0000000C) for __rt_lib_init_heap_1
    libinit.o(.ARM.Collect$$libinit$$00000000) refers (Special) to libinit2.o(.ARM.Collect$$libinit$$00000013) for __rt_lib_init_lc_collate_1
    libinit.o(.ARM.Collect$$libinit$$00000000) refers (Special) to libinit2.o(.ARM.Collect$$libinit$$00000015) for __rt_lib_init_lc_ctype_1
    libinit.o(.ARM.Collect$$libinit$$00000000) refers (Special) to libinit2.o(.ARM.Collect$$libinit$$00000017) for __rt_lib_init_lc_monetary_1
    libinit.o(.ARM.Collect$$libinit$$00000000) refers (Special) to libinit2.o(.ARM.Collect$$libinit$$00000019) for __rt_lib_init_lc_numeric_1
    libinit.o(.ARM.Collect$$libinit$$00000000) refers (Special) to libinit2.o(.ARM.Collect$$libinit$$0000001B) for __rt_lib_init_lc_time_1
    libinit.o(.ARM.Collect$$libinit$$00000000) refers (Special) to libinit2.o(.ARM.Collect$$libinit$$00000006) for __rt_lib_init_preinit_1
    libinit.o(.ARM.Collect$$libinit$$00000000) refers (Special) to libinit2.o(.ARM.Collect$$libinit$$00000010) for __rt_lib_init_rand_1
    libinit.o(.ARM.Collect$$libinit$$00000000) refers (Special) to libinit2.o(.ARM.Collect$$libinit$$00000004) for __rt_lib_init_relocate_pie_1
    libinit.o(.ARM.Collect$$libinit$$00000000) refers (Special) to libinit2.o(.ARM.Collect$$libinit$$00000035) for __rt_lib_init_return
    libinit.o(.ARM.Collect$$libinit$$00000000) refers (Special) to libinit2.o(.ARM.Collect$$libinit$$0000001F) for __rt_lib_init_signal_1
    libinit.o(.ARM.Collect$$libinit$$00000000) refers (Special) to libinit2.o(.ARM.Collect$$libinit$$00000027) for __rt_lib_init_stdio_1
    libinit.o(.ARM.Collect$$libinit$$00000000) refers (Special) to libinit2.o(.ARM.Collect$$libinit$$0000000E) for __rt_lib_init_user_alloc_1
    libspace.o(.text) refers to libspace.o(.bss) for __libspace_start
    rtexit.o(.ARM.Collect$$rtexit$$00000000) refers (Special) to rtexit2.o(.ARM.Collect$$rtexit$$00000004) for __rt_exit_exit
    rtexit.o(.ARM.Collect$$rtexit$$00000000) refers (Special) to rtexit2.o(.ARM.Collect$$rtexit$$00000003) for __rt_exit_ls
    rtexit.o(.ARM.Collect$$rtexit$$00000000) refers (Special) to rtexit2.o(.ARM.Collect$$rtexit$$00000002) for __rt_exit_prels_1
    rtexit.o(.ARM.exidx) refers (Special) to rtexit2.o(.ARM.Collect$$rtexit$$00000004) for __rt_exit_exit
    rtexit.o(.ARM.exidx) refers (Special) to rtexit2.o(.ARM.Collect$$rtexit$$00000003) for __rt_exit_ls
    rtexit.o(.ARM.exidx) refers (Special) to rtexit2.o(.ARM.Collect$$rtexit$$00000002) for __rt_exit_prels_1
    rtexit.o(.ARM.exidx) refers to rtexit.o(.ARM.Collect$$rtexit$$00000000) for .ARM.Collect$$rtexit$$00000000
    libinit2.o(.ARM.Collect$$libinit$$00000001) refers to fpinit.o(x$fpl$fpinit) for _fp_init
    libinit2.o(.ARM.Collect$$libinit$$00000012) refers to libinit2.o(.ARM.Collect$$libinit$$00000011) for .ARM.Collect$$libinit$$00000011
    libinit2.o(.ARM.Collect$$libinit$$00000014) refers to libinit2.o(.ARM.Collect$$libinit$$00000011) for .ARM.Collect$$libinit$$00000011
    libinit2.o(.ARM.Collect$$libinit$$00000016) refers to libinit2.o(.ARM.Collect$$libinit$$00000011) for .ARM.Collect$$libinit$$00000011
    libinit2.o(.ARM.Collect$$libinit$$00000018) refers to libinit2.o(.ARM.Collect$$libinit$$00000011) for .ARM.Collect$$libinit$$00000011
    libinit2.o(.ARM.Collect$$libinit$$0000001A) refers to libinit2.o(.ARM.Collect$$libinit$$00000011) for .ARM.Collect$$libinit$$00000011
    libinit2.o(.ARM.Collect$$libinit$$00000028) refers to argv_veneer.o(.emb_text) for __ARM_argv_veneer
    libinit2.o(.ARM.Collect$$libinit$$00000029) refers to argv_veneer.o(.emb_text) for __ARM_argv_veneer
    rtexit2.o(.ARM.Collect$$rtexit$$00000003) refers to libshutdown.o(.ARM.Collect$$libshutdown$$00000000) for __rt_lib_shutdown
    rtexit2.o(.ARM.Collect$$rtexit$$00000004) refers to sys_exit.o(.text) for _sys_exit
    rtexit2.o(.ARM.exidx) refers to rtexit2.o(.ARM.Collect$$rtexit$$00000001) for .ARM.Collect$$rtexit$$00000001
    rtexit2.o(.ARM.exidx) refers to rtexit2.o(.ARM.Collect$$rtexit$$00000003) for .ARM.Collect$$rtexit$$00000003
    rtexit2.o(.ARM.exidx) refers to rtexit2.o(.ARM.Collect$$rtexit$$00000004) for .ARM.Collect$$rtexit$$00000004
    argv_veneer.o(.emb_text) refers to no_argv.o(.text) for __ARM_get_argv
    sys_exit.o(.text) refers (Special) to use_no_semi.o(.text) for __I$use$semihosting
    sys_exit.o(.text) refers (Special) to indicate_semi.o(.text) for __semihosting_library_function
    sys_exit_hlt.o(.text) refers (Special) to use_no_semi.o(.text) for __I$use$semihosting
    sys_exit_hlt.o(.text) refers (Special) to indicate_semi.o(.text) for __semihosting_library_function
    _get_argv_nomalloc.o(.text) refers (Special) to hrguard.o(.text) for __heap_region$guard
    _get_argv_nomalloc.o(.text) refers to defsig_rtmem_outer.o(.text) for __rt_SIGRTMEM
    _get_argv_nomalloc.o(.text) refers to sys_command.o(.text) for _sys_command_string
    libshutdown.o(.ARM.Collect$$libshutdown$$00000000) refers (Special) to libshutdown2.o(.ARM.Collect$$libshutdown$$00000002) for __rt_lib_shutdown_cpp_1
    libshutdown.o(.ARM.Collect$$libshutdown$$00000000) refers (Special) to libshutdown2.o(.ARM.Collect$$libshutdown$$00000007) for __rt_lib_shutdown_fp_trap_1
    libshutdown.o(.ARM.Collect$$libshutdown$$00000000) refers (Special) to libshutdown2.o(.ARM.Collect$$libshutdown$$0000000F) for __rt_lib_shutdown_heap_1
    libshutdown.o(.ARM.Collect$$libshutdown$$00000000) refers (Special) to libshutdown2.o(.ARM.Collect$$libshutdown$$00000010) for __rt_lib_shutdown_return
    libshutdown.o(.ARM.Collect$$libshutdown$$00000000) refers (Special) to libshutdown2.o(.ARM.Collect$$libshutdown$$0000000A) for __rt_lib_shutdown_signal_1
    libshutdown.o(.ARM.Collect$$libshutdown$$00000000) refers (Special) to libshutdown2.o(.ARM.Collect$$libshutdown$$00000004) for __rt_lib_shutdown_stdio_1
    libshutdown.o(.ARM.Collect$$libshutdown$$00000000) refers (Special) to libshutdown2.o(.ARM.Collect$$libshutdown$$0000000C) for __rt_lib_shutdown_user_alloc_1
    sys_command.o(.text) refers (Special) to use_no_semi.o(.text) for __I$use$semihosting
    sys_command.o(.text) refers (Special) to indicate_semi.o(.text) for __semihosting_library_function
    sys_command_hlt.o(.text) refers (Special) to use_no_semi.o(.text) for __I$use$semihosting
    sys_command_hlt.o(.text) refers (Special) to indicate_semi.o(.text) for __semihosting_library_function
    defsig_rtmem_outer.o(.text) refers to defsig_rtmem_inner.o(.text) for __rt_SIGRTMEM_inner
    defsig_rtmem_outer.o(.text) refers to defsig_exit.o(.text) for __sig_exit
    defsig_rtmem_formal.o(.text) refers to rt_raise.o(.text) for __rt_raise
    rt_raise.o(.text) refers to __raise.o(.text) for __raise
    rt_raise.o(.text) refers to sys_exit.o(.text) for _sys_exit
    defsig_exit.o(.text) refers to sys_exit.o(.text) for _sys_exit
    defsig_rtmem_inner.o(.text) refers to defsig_general.o(.text) for __default_signal_display
    __raise.o(.text) refers to defsig.o(CL$$defsig) for __default_signal_handler
    defsig_general.o(.text) refers to sys_wrch.o(.text) for _ttywrch
    sys_wrch.o(.text) refers (Special) to use_no_semi.o(.text) for __I$use$semihosting
    sys_wrch.o(.text) refers (Special) to indicate_semi.o(.text) for __semihosting_library_function
    sys_wrch_hlt.o(.text) refers (Special) to use_no_semi.o(.text) for __I$use$semihosting
    sys_wrch_hlt.o(.text) refers (Special) to indicate_semi.o(.text) for __semihosting_library_function
    defsig.o(CL$$defsig) refers to defsig_rtmem_inner.o(.text) for __rt_SIGRTMEM_inner
    defsig_abrt_inner.o(.text) refers to defsig_general.o(.text) for __default_signal_display
    defsig_fpe_inner.o(.text) refers to defsig_general.o(.text) for __default_signal_display
    defsig_rtred_inner.o(.text) refers to defsig_general.o(.text) for __default_signal_display
    defsig_stak_inner.o(.text) refers to defsig_general.o(.text) for __default_signal_display
    defsig_pvfn_inner.o(.text) refers to defsig_general.o(.text) for __default_signal_display
    defsig_cppl_inner.o(.text) refers to defsig_general.o(.text) for __default_signal_display
    defsig_segv_inner.o(.text) refers to defsig_general.o(.text) for __default_signal_display
    defsig_other.o(.text) refers to defsig_general.o(.text) for __default_signal_display
    lto-llvm-ebabf9.o(CCM_DATA) refers to lto-llvm-ebabf9.o(.bss.htim3) for htim3
    lto-llvm-ebabf9.o(CCM_DATA) refers to lto-llvm-ebabf9.o(.bss.counter) for counter
    lto-llvm-ebabf9.o(CCM_DATA) refers to lto-llvm-ebabf9.o(.bss.inTest) for inTest
    lto-llvm-ebabf9.o(CCM_DATA) refers to lto-llvm-ebabf9.o(.bss.videoSystemDetection.detections) for videoSystemDetection.detections
    lto-llvm-ebabf9.o(CCM_DATA) refers to lto-llvm-ebabf9.o(.bss.longLowDetectedCount) for longLowDetectedCount
    lto-llvm-ebabf9.o(CCM_DATA) refers to lto-llvm-ebabf9.o(.bss.shortLowDetectedCount) for shortLowDetectedCount
    lto-llvm-ebabf9.o(CCM_DATA) refers to lto-llvm-ebabf9.o(.data.LONG_DETECTIONS) for LONG_DETECTIONS
    lto-llvm-ebabf9.o(CCM_DATA) refers to lto-llvm-ebabf9.o(.bss.maxDetections) for maxDetections
    lto-llvm-ebabf9.o(CCM_DATA) refers to lto-llvm-ebabf9.o(.data.SHORT_DETECTIONS) for SHORT_DETECTIONS
    lto-llvm-ebabf9.o(CCM_DATA) refers to lto-llvm-ebabf9.o(.data.MAX_SHORT_DETECTIONS) for MAX_SHORT_DETECTIONS
    lto-llvm-ebabf9.o(CCM_DATA) refers to lto-llvm-ebabf9.o(.bss.uartBufCounter) for uartBufCounter
    lto-llvm-ebabf9.o(CCM_DATA) refers to lto-llvm-ebabf9.o(.bss.huart1) for huart1
    lto-llvm-ebabf9.o(CCM_DATA) refers to lto-llvm-ebabf9.o(.bss.dataBuffer) for dataBuffer
    lto-llvm-ebabf9.o(CCM_DATA) refers to lto-llvm-ebabf9.o(.text.UART_DMATransmitCplt) for UART_DMATransmitCplt
    lto-llvm-ebabf9.o(CCM_DATA) refers to lto-llvm-ebabf9.o(.text.UART_DMAError) for UART_DMAError
    lto-llvm-ebabf9.o(.ARM.exidxCCM_DATA) refers to lto-llvm-ebabf9.o(CCM_DATA) for [Anonymous Symbol]
    lto-llvm-ebabf9.o(.text.main) refers to lto-llvm-ebabf9.o(V_DATA) for vect_table_ram
    lto-llvm-ebabf9.o(.text.main) refers to rt_memcpy_w.o(.text) for __aeabi_memcpy4
    lto-llvm-ebabf9.o(.text.main) refers to lto-llvm-ebabf9.o(.data.SystemCoreClock) for SystemCoreClock
    lto-llvm-ebabf9.o(.text.main) refers to lto-llvm-ebabf9.o(.bss.uwTickPrio) for uwTickPrio
    lto-llvm-ebabf9.o(.text.main) refers to lto-llvm-ebabf9.o(.bss.uwTick) for uwTick
    lto-llvm-ebabf9.o(.text.main) refers to lto-llvm-ebabf9.o(.text.HAL_GPIO_Init) for HAL_GPIO_Init
    lto-llvm-ebabf9.o(.text.main) refers to lto-llvm-ebabf9.o(.bss.hcomp1) for hcomp1
    lto-llvm-ebabf9.o(.text.main) refers to lto-llvm-ebabf9.o(.text.HAL_COMP_Init) for HAL_COMP_Init
    lto-llvm-ebabf9.o(.text.main) refers to lto-llvm-ebabf9.o(.bss.hdac) for hdac
    lto-llvm-ebabf9.o(.text.main) refers to lto-llvm-ebabf9.o(.bss.hopamp1) for hopamp1
    lto-llvm-ebabf9.o(.text.main) refers to lto-llvm-ebabf9.o(.bss.huart1) for huart1
    lto-llvm-ebabf9.o(.text.main) refers to lto-llvm-ebabf9.o(.bss.hdma_usart1_tx) for hdma_usart1_tx
    lto-llvm-ebabf9.o(.text.main) refers to lto-llvm-ebabf9.o(.rodata.cst16) for .Lswitch.table.UART_SetConfig.4
    lto-llvm-ebabf9.o(.text.main) refers to lto-llvm-ebabf9.o(.rodata.cst8) for APBPrescTable
    lto-llvm-ebabf9.o(.text.main) refers to lto-llvm-ebabf9.o(.text.UART_WaitOnFlagUntilTimeout) for UART_WaitOnFlagUntilTimeout
    lto-llvm-ebabf9.o(.text.main) refers to lto-llvm-ebabf9.o(.bss.htim3) for htim3
    lto-llvm-ebabf9.o(.text.main) refers to lto-llvm-ebabf9.o(.text.TIM_Base_SetConfig) for TIM_Base_SetConfig
    lto-llvm-ebabf9.o(.text.main) refers to lto-llvm-ebabf9.o(.bss.hcomp2) for hcomp2
    lto-llvm-ebabf9.o(.text.main) refers to lto-llvm-ebabf9.o(.bss.hadc1) for hadc1
    lto-llvm-ebabf9.o(.text.main) refers to lto-llvm-ebabf9.o(.bss.uartBufCounter) for uartBufCounter
    lto-llvm-ebabf9.o(.text.main) refers to lto-llvm-ebabf9.o(.bss.longLowDetectedCount) for longLowDetectedCount
    lto-llvm-ebabf9.o(.text.main) refers to lto-llvm-ebabf9.o(.bss.shortLowDetectedCount) for shortLowDetectedCount
    lto-llvm-ebabf9.o(.text.main) refers to lto-llvm-ebabf9.o(.text.HAL_COMP_Start) for HAL_COMP_Start
    lto-llvm-ebabf9.o(.text.main) refers to lto-llvm-ebabf9.o(.bss.maxDetections) for maxDetections
    lto-llvm-ebabf9.o(.text.main) refers to lto-llvm-ebabf9.o(.bss.inTest) for inTest
    lto-llvm-ebabf9.o(.text.main) refers to lto-llvm-ebabf9.o(.data.LONG_DETECTIONS) for LONG_DETECTIONS
    lto-llvm-ebabf9.o(.text.main) refers to lto-llvm-ebabf9.o(.data.SHORT_DETECTIONS) for SHORT_DETECTIONS
    lto-llvm-ebabf9.o(.text.main) refers to lto-llvm-ebabf9.o(.data.MAX_SHORT_DETECTIONS) for MAX_SHORT_DETECTIONS
    lto-llvm-ebabf9.o(.ARM.exidx.text.main) refers to lto-llvm-ebabf9.o(.text.main) for [Anonymous Symbol]
    lto-llvm-ebabf9.o(.ARM.exidx.text.NMI_Handler) refers to lto-llvm-ebabf9.o(.text.NMI_Handler) for [Anonymous Symbol]
    lto-llvm-ebabf9.o(.ARM.exidx.text.HardFault_Handler) refers to lto-llvm-ebabf9.o(.text.HardFault_Handler) for [Anonymous Symbol]
    lto-llvm-ebabf9.o(.ARM.exidx.text.MemManage_Handler) refers to lto-llvm-ebabf9.o(.text.MemManage_Handler) for [Anonymous Symbol]
    lto-llvm-ebabf9.o(.ARM.exidx.text.BusFault_Handler) refers to lto-llvm-ebabf9.o(.text.BusFault_Handler) for [Anonymous Symbol]
    lto-llvm-ebabf9.o(.ARM.exidx.text.UsageFault_Handler) refers to lto-llvm-ebabf9.o(.text.UsageFault_Handler) for [Anonymous Symbol]
    lto-llvm-ebabf9.o(.ARM.exidx.text.SVC_Handler) refers to lto-llvm-ebabf9.o(.text.SVC_Handler) for [Anonymous Symbol]
    lto-llvm-ebabf9.o(.ARM.exidx.text.DebugMon_Handler) refers to lto-llvm-ebabf9.o(.text.DebugMon_Handler) for [Anonymous Symbol]
    lto-llvm-ebabf9.o(.ARM.exidx.text.PendSV_Handler) refers to lto-llvm-ebabf9.o(.text.PendSV_Handler) for [Anonymous Symbol]
    lto-llvm-ebabf9.o(.text.SysTick_Handler) refers to lto-llvm-ebabf9.o(.bss.uwTick) for uwTick
    lto-llvm-ebabf9.o(.ARM.exidx.text.SysTick_Handler) refers to lto-llvm-ebabf9.o(.text.SysTick_Handler) for [Anonymous Symbol]
    lto-llvm-ebabf9.o(.text.DMA1_Channel4_IRQHandler) refers to lto-llvm-ebabf9.o(.bss.hdma_usart1_tx) for hdma_usart1_tx
    lto-llvm-ebabf9.o(.ARM.exidx.text.DMA1_Channel4_IRQHandler) refers to lto-llvm-ebabf9.o(.text.DMA1_Channel4_IRQHandler) for [Anonymous Symbol]
    lto-llvm-ebabf9.o(.text.HAL_COMP_Init) refers to lto-llvm-ebabf9.o(.text.HAL_GPIO_Init) for HAL_GPIO_Init
    lto-llvm-ebabf9.o(.ARM.exidx.text.HAL_COMP_Init) refers to lto-llvm-ebabf9.o(.text.HAL_COMP_Init) for [Anonymous Symbol]
    lto-llvm-ebabf9.o(.ARM.exidx.text.HAL_COMP_Start) refers to lto-llvm-ebabf9.o(.text.HAL_COMP_Start) for [Anonymous Symbol]
    lto-llvm-ebabf9.o(.ARM.exidx.text.HAL_GPIO_Init) refers to lto-llvm-ebabf9.o(.text.HAL_GPIO_Init) for [Anonymous Symbol]
    lto-llvm-ebabf9.o(.ARM.exidx.text.TIM_Base_SetConfig) refers to lto-llvm-ebabf9.o(.text.TIM_Base_SetConfig) for [Anonymous Symbol]
    lto-llvm-ebabf9.o(.text.UART_WaitOnFlagUntilTimeout) refers to lto-llvm-ebabf9.o(.bss.uwTick) for uwTick
    lto-llvm-ebabf9.o(.ARM.exidx.text.UART_WaitOnFlagUntilTimeout) refers to lto-llvm-ebabf9.o(.text.UART_WaitOnFlagUntilTimeout) for [Anonymous Symbol]
    lto-llvm-ebabf9.o(.ARM.exidx.text.UART_DMATransmitCplt) refers to lto-llvm-ebabf9.o(.text.UART_DMATransmitCplt) for [Anonymous Symbol]
    lto-llvm-ebabf9.o(.ARM.exidx.text.UART_DMAError) refers to lto-llvm-ebabf9.o(.text.UART_DMAError) for [Anonymous Symbol]
    lto-llvm-ebabf9.o(.ARM.exidx.text.SystemInit) refers to lto-llvm-ebabf9.o(.text.SystemInit) for [Anonymous Symbol]


==============================================================================

Removing Unused input sections from the image.

    Removing lto-llvm-ebabf9.o(.text), (0 bytes).
    Removing lto-llvm-ebabf9.o(.ARM.exidxCCM_DATA), (16 bytes).
    Removing lto-llvm-ebabf9.o(.ARM.exidx.text.main), (8 bytes).
    Removing lto-llvm-ebabf9.o(.ARM.exidx.text.NMI_Handler), (8 bytes).
    Removing lto-llvm-ebabf9.o(.ARM.exidx.text.HardFault_Handler), (8 bytes).
    Removing lto-llvm-ebabf9.o(.ARM.exidx.text.MemManage_Handler), (8 bytes).
    Removing lto-llvm-ebabf9.o(.ARM.exidx.text.BusFault_Handler), (8 bytes).
    Removing lto-llvm-ebabf9.o(.ARM.exidx.text.UsageFault_Handler), (8 bytes).
    Removing lto-llvm-ebabf9.o(.ARM.exidx.text.SVC_Handler), (8 bytes).
    Removing lto-llvm-ebabf9.o(.ARM.exidx.text.DebugMon_Handler), (8 bytes).
    Removing lto-llvm-ebabf9.o(.ARM.exidx.text.PendSV_Handler), (8 bytes).
    Removing lto-llvm-ebabf9.o(.ARM.exidx.text.SysTick_Handler), (8 bytes).
    Removing lto-llvm-ebabf9.o(.ARM.exidx.text.DMA1_Channel4_IRQHandler), (8 bytes).
    Removing lto-llvm-ebabf9.o(.ARM.exidx.text.HAL_COMP_Init), (8 bytes).
    Removing lto-llvm-ebabf9.o(.ARM.exidx.text.HAL_COMP_Start), (8 bytes).
    Removing lto-llvm-ebabf9.o(.ARM.exidx.text.HAL_GPIO_Init), (8 bytes).
    Removing lto-llvm-ebabf9.o(.ARM.exidx.text.TIM_Base_SetConfig), (8 bytes).
    Removing lto-llvm-ebabf9.o(.ARM.exidx.text.UART_WaitOnFlagUntilTimeout), (8 bytes).
    Removing lto-llvm-ebabf9.o(.ARM.exidx.text.UART_DMATransmitCplt), (8 bytes).
    Removing lto-llvm-ebabf9.o(.ARM.exidx.text.UART_DMAError), (8 bytes).
    Removing lto-llvm-ebabf9.o(.ARM.exidx.text.SystemInit), (8 bytes).
    Removing lto-llvm-ebabf9.o(.ARM.use_no_argv), (4 bytes).

22 unused section(s) (total 172 bytes) removed from the image.

==============================================================================

Image Symbol Table

    Local Symbols

    Symbol Name                              Value     Ov Type        Size  Object(Section)

    ../clib/angel/boardlib.s                 0x00000000   Number         0  boardinit1.o ABSOLUTE
    ../clib/angel/boardlib.s                 0x00000000   Number         0  boardinit2.o ABSOLUTE
    ../clib/angel/boardlib.s                 0x00000000   Number         0  boardinit3.o ABSOLUTE
    ../clib/angel/boardlib.s                 0x00000000   Number         0  boardshut.o ABSOLUTE
    ../clib/angel/dczerorl.s                 0x00000000   Number         0  __dczerorl.o ABSOLUTE
    ../clib/angel/handlers.s                 0x00000000   Number         0  __scatter_copy.o ABSOLUTE
    ../clib/angel/handlers.s                 0x00000000   Number         0  __scatter_zi.o ABSOLUTE
    ../clib/angel/kernel.s                   0x00000000   Number         0  __rtentry.o ABSOLUTE
    ../clib/angel/kernel.s                   0x00000000   Number         0  __rtentry2.o ABSOLUTE
    ../clib/angel/kernel.s                   0x00000000   Number         0  __rtentry4.o ABSOLUTE
    ../clib/angel/kernel.s                   0x00000000   Number         0  rtexit.o ABSOLUTE
    ../clib/angel/kernel.s                   0x00000000   Number         0  rtexit2.o ABSOLUTE
    ../clib/angel/rt.s                       0x00000000   Number         0  rt_raise.o ABSOLUTE
    ../clib/angel/scatter.s                  0x00000000   Number         0  __scatter.o ABSOLUTE
    ../clib/angel/startup.s                  0x00000000   Number         0  __main.o ABSOLUTE
    ../clib/angel/sys.s                      0x00000000   Number         0  sys_stackheap_outer.o ABSOLUTE
    ../clib/angel/sys.s                      0x00000000   Number         0  libspace.o ABSOLUTE
    ../clib/angel/sys.s                      0x00000000   Number         0  use_no_semi.o ABSOLUTE
    ../clib/angel/sys.s                      0x00000000   Number         0  indicate_semi.o ABSOLUTE
    ../clib/angel/sysapp.c                   0x00000000   Number         0  sys_exit.o ABSOLUTE
    ../clib/angel/sysapp.c                   0x00000000   Number         0  sys_exit_hlt.o ABSOLUTE
    ../clib/angel/sysapp.c                   0x00000000   Number         0  sys_command.o ABSOLUTE
    ../clib/angel/sysapp.c                   0x00000000   Number         0  sys_command_hlt.o ABSOLUTE
    ../clib/angel/sysapp.c                   0x00000000   Number         0  sys_wrch.o ABSOLUTE
    ../clib/angel/sysapp.c                   0x00000000   Number         0  sys_wrch_hlt.o ABSOLUTE
    ../clib/armsys.c                         0x00000000   Number         0  argv_veneer.o ABSOLUTE
    ../clib/armsys.c                         0x00000000   Number         0  argv_veneer.o ABSOLUTE
    ../clib/armsys.c                         0x00000000   Number         0  _get_argv_nomalloc.o ABSOLUTE
    ../clib/armsys.c                         0x00000000   Number         0  no_argv.o ABSOLUTE
    ../clib/heapalloc.c                      0x00000000   Number         0  hrguard.o ABSOLUTE
    ../clib/heapaux.c                        0x00000000   Number         0  heapauxi.o ABSOLUTE
    ../clib/libinit.s                        0x00000000   Number         0  libinit.o ABSOLUTE
    ../clib/libinit.s                        0x00000000   Number         0  libinit2.o ABSOLUTE
    ../clib/libinit.s                        0x00000000   Number         0  libshutdown.o ABSOLUTE
    ../clib/libinit.s                        0x00000000   Number         0  libshutdown2.o ABSOLUTE
    ../clib/memcpset.s                       0x00000000   Number         0  strcmpv7em.o ABSOLUTE
    ../clib/memcpset.s                       0x00000000   Number         0  rt_memcpy_w.o ABSOLUTE
    ../clib/signal.c                         0x00000000   Number         0  defsig_rtmem_outer.o ABSOLUTE
    ../clib/signal.c                         0x00000000   Number         0  defsig_rtmem_formal.o ABSOLUTE
    ../clib/signal.c                         0x00000000   Number         0  defsig_exit.o ABSOLUTE
    ../clib/signal.c                         0x00000000   Number         0  defsig_rtmem_inner.o ABSOLUTE
    ../clib/signal.c                         0x00000000   Number         0  __raise.o ABSOLUTE
    ../clib/signal.c                         0x00000000   Number         0  defsig_general.o ABSOLUTE
    ../clib/signal.c                         0x00000000   Number         0  defsig_abrt_inner.o ABSOLUTE
    ../clib/signal.c                         0x00000000   Number         0  defsig_fpe_inner.o ABSOLUTE
    ../clib/signal.c                         0x00000000   Number         0  defsig_rtred_inner.o ABSOLUTE
    ../clib/signal.c                         0x00000000   Number         0  defsig_stak_inner.o ABSOLUTE
    ../clib/signal.c                         0x00000000   Number         0  defsig_pvfn_inner.o ABSOLUTE
    ../clib/signal.c                         0x00000000   Number         0  defsig_cppl_inner.o ABSOLUTE
    ../clib/signal.c                         0x00000000   Number         0  defsig_segv_inner.o ABSOLUTE
    ../clib/signal.c                         0x00000000   Number         0  defsig_other.o ABSOLUTE
    ../clib/signal.s                         0x00000000   Number         0  defsig.o ABSOLUTE
    ../clib/stdlib.c                         0x00000000   Number         0  exit.o ABSOLUTE
    ../fplib/fpinit.s                        0x00000000   Number         0  fpinit.o ABSOLUTE
    dc.s                                     0x00000000   Number         0  dc.o ABSOLUTE
    ld-temp.o                                0x00000000   Number         0  lto-llvm-ebabf9.o ABSOLUTE
    startup_stm32f303xc.s                    0x00000000   Number         0  startup_stm32f303xc.o ABSOLUTE
    RESET                                    0x08000000   Section      392  startup_stm32f303xc.o(RESET)
    !!!main                                  0x08000188   Section        8  __main.o(!!!main)
    !!!scatter                               0x08000190   Section       92  __scatter.o(!!!scatter)
    !!dczerorl                               0x080001ec   Section       58  __dczerorl.o(!!dczerorl)
    !!handler_copy                           0x08000228   Section       26  __scatter_copy.o(!!handler_copy)
    !!handler_null                           0x08000244   Section        2  __scatter.o(!!handler_null)
    !!handler_zi                             0x08000248   Section       28  __scatter_zi.o(!!handler_zi)
    .ARM.Collect$$libinit$$00000000          0x08000264   Section        2  libinit.o(.ARM.Collect$$libinit$$00000000)
    .ARM.Collect$$libinit$$00000001          0x08000266   Section        4  libinit2.o(.ARM.Collect$$libinit$$00000001)
    .ARM.Collect$$libinit$$00000004          0x0800026a   Section        0  libinit2.o(.ARM.Collect$$libinit$$00000004)
    .ARM.Collect$$libinit$$00000006          0x0800026a   Section        0  libinit2.o(.ARM.Collect$$libinit$$00000006)
    .ARM.Collect$$libinit$$0000000C          0x0800026a   Section        0  libinit2.o(.ARM.Collect$$libinit$$0000000C)
    .ARM.Collect$$libinit$$0000000E          0x0800026a   Section        0  libinit2.o(.ARM.Collect$$libinit$$0000000E)
    .ARM.Collect$$libinit$$00000010          0x0800026a   Section        0  libinit2.o(.ARM.Collect$$libinit$$00000010)
    .ARM.Collect$$libinit$$00000013          0x0800026a   Section        0  libinit2.o(.ARM.Collect$$libinit$$00000013)
    .ARM.Collect$$libinit$$00000015          0x0800026a   Section        0  libinit2.o(.ARM.Collect$$libinit$$00000015)
    .ARM.Collect$$libinit$$00000017          0x0800026a   Section        0  libinit2.o(.ARM.Collect$$libinit$$00000017)
    .ARM.Collect$$libinit$$00000019          0x0800026a   Section        0  libinit2.o(.ARM.Collect$$libinit$$00000019)
    .ARM.Collect$$libinit$$0000001B          0x0800026a   Section        0  libinit2.o(.ARM.Collect$$libinit$$0000001B)
    .ARM.Collect$$libinit$$0000001D          0x0800026a   Section        0  libinit2.o(.ARM.Collect$$libinit$$0000001D)
    .ARM.Collect$$libinit$$0000001F          0x0800026a   Section        0  libinit2.o(.ARM.Collect$$libinit$$0000001F)
    .ARM.Collect$$libinit$$00000021          0x0800026a   Section        0  libinit2.o(.ARM.Collect$$libinit$$00000021)
    .ARM.Collect$$libinit$$00000023          0x0800026a   Section        0  libinit2.o(.ARM.Collect$$libinit$$00000023)
    .ARM.Collect$$libinit$$00000025          0x0800026a   Section        0  libinit2.o(.ARM.Collect$$libinit$$00000025)
    .ARM.Collect$$libinit$$00000027          0x0800026a   Section        0  libinit2.o(.ARM.Collect$$libinit$$00000027)
    .ARM.Collect$$libinit$$0000002E          0x0800026a   Section        0  libinit2.o(.ARM.Collect$$libinit$$0000002E)
    .ARM.Collect$$libinit$$00000030          0x0800026a   Section        0  libinit2.o(.ARM.Collect$$libinit$$00000030)
    .ARM.Collect$$libinit$$00000032          0x0800026a   Section        0  libinit2.o(.ARM.Collect$$libinit$$00000032)
    .ARM.Collect$$libinit$$00000034          0x0800026a   Section        0  libinit2.o(.ARM.Collect$$libinit$$00000034)
    .ARM.Collect$$libinit$$00000035          0x0800026a   Section        2  libinit2.o(.ARM.Collect$$libinit$$00000035)
    .ARM.Collect$$libshutdown$$00000000      0x0800026c   Section        2  libshutdown.o(.ARM.Collect$$libshutdown$$00000000)
    .ARM.Collect$$libshutdown$$00000002      0x0800026e   Section        0  libshutdown2.o(.ARM.Collect$$libshutdown$$00000002)
    .ARM.Collect$$libshutdown$$00000004      0x0800026e   Section        0  libshutdown2.o(.ARM.Collect$$libshutdown$$00000004)
    .ARM.Collect$$libshutdown$$00000007      0x0800026e   Section        0  libshutdown2.o(.ARM.Collect$$libshutdown$$00000007)
    .ARM.Collect$$libshutdown$$0000000A      0x0800026e   Section        0  libshutdown2.o(.ARM.Collect$$libshutdown$$0000000A)
    .ARM.Collect$$libshutdown$$0000000C      0x0800026e   Section        0  libshutdown2.o(.ARM.Collect$$libshutdown$$0000000C)
    .ARM.Collect$$libshutdown$$0000000F      0x0800026e   Section        0  libshutdown2.o(.ARM.Collect$$libshutdown$$0000000F)
    .ARM.Collect$$libshutdown$$00000010      0x0800026e   Section        2  libshutdown2.o(.ARM.Collect$$libshutdown$$00000010)
    .ARM.Collect$$rtentry$$00000000          0x08000270   Section        0  __rtentry.o(.ARM.Collect$$rtentry$$00000000)
    .ARM.Collect$$rtentry$$00000002          0x08000270   Section        0  __rtentry2.o(.ARM.Collect$$rtentry$$00000002)
    .ARM.Collect$$rtentry$$00000004          0x08000270   Section        6  __rtentry4.o(.ARM.Collect$$rtentry$$00000004)
    .ARM.Collect$$rtentry$$00000009          0x08000276   Section        0  __rtentry2.o(.ARM.Collect$$rtentry$$00000009)
    .ARM.Collect$$rtentry$$0000000A          0x08000276   Section        4  __rtentry2.o(.ARM.Collect$$rtentry$$0000000A)
    .ARM.Collect$$rtentry$$0000000C          0x0800027a   Section        0  __rtentry2.o(.ARM.Collect$$rtentry$$0000000C)
    .ARM.Collect$$rtentry$$0000000D          0x0800027a   Section        8  __rtentry2.o(.ARM.Collect$$rtentry$$0000000D)
    .ARM.Collect$$rtexit$$00000000           0x08000282   Section        2  rtexit.o(.ARM.Collect$$rtexit$$00000000)
    .ARM.Collect$$rtexit$$00000002           0x08000284   Section        0  rtexit2.o(.ARM.Collect$$rtexit$$00000002)
    .ARM.Collect$$rtexit$$00000003           0x08000284   Section        4  rtexit2.o(.ARM.Collect$$rtexit$$00000003)
    .ARM.Collect$$rtexit$$00000004           0x08000288   Section        6  rtexit2.o(.ARM.Collect$$rtexit$$00000004)
    $v0                                      0x08000290   Number         0  startup_stm32f303xc.o(.text)
    .text                                    0x08000290   Section       64  startup_stm32f303xc.o(.text)
    .text                                    0x080002d0   Section        0  heapauxi.o(.text)
    .text                                    0x080002d6   Section       74  sys_stackheap_outer.o(.text)
    .text                                    0x08000320   Section        0  exit.o(.text)
    .text                                    0x08000334   Section        8  libspace.o(.text)
    .text                                    0x0800033c   Section        0  sys_exit.o(.text)
    .text                                    0x08000348   Section        2  use_no_semi.o(.text)
    .text                                    0x0800034a   Section        0  indicate_semi.o(.text)
    .text                                    0x0800034a   Section      100  rt_memcpy_w.o(.text)
    [Anonymous Symbol]                       0x080003b0   Section        0  lto-llvm-ebabf9.o(.text.BusFault_Handler)
    [Anonymous Symbol]                       0x080003b4   Section        0  lto-llvm-ebabf9.o(.text.DMA1_Channel4_IRQHandler)
    [Anonymous Symbol]                       0x0800046c   Section        0  lto-llvm-ebabf9.o(.text.DebugMon_Handler)
    HAL_COMP_Init                            0x08000471   Thumb Code   318  lto-llvm-ebabf9.o(.text.HAL_COMP_Init)
    [Anonymous Symbol]                       0x08000470   Section        0  lto-llvm-ebabf9.o(.text.HAL_COMP_Init)
    HAL_COMP_Start                           0x080005b1   Thumb Code   244  lto-llvm-ebabf9.o(.text.HAL_COMP_Start)
    [Anonymous Symbol]                       0x080005b0   Section        0  lto-llvm-ebabf9.o(.text.HAL_COMP_Start)
    HAL_GPIO_Init                            0x080006b9   Thumb Code   414  lto-llvm-ebabf9.o(.text.HAL_GPIO_Init)
    [Anonymous Symbol]                       0x080006b8   Section        0  lto-llvm-ebabf9.o(.text.HAL_GPIO_Init)
    [Anonymous Symbol]                       0x08000858   Section        0  lto-llvm-ebabf9.o(.text.HardFault_Handler)
    [Anonymous Symbol]                       0x0800085c   Section        0  lto-llvm-ebabf9.o(.text.MemManage_Handler)
    [Anonymous Symbol]                       0x08000860   Section        0  lto-llvm-ebabf9.o(.text.NMI_Handler)
    [Anonymous Symbol]                       0x08000864   Section        0  lto-llvm-ebabf9.o(.text.PendSV_Handler)
    [Anonymous Symbol]                       0x08000868   Section        0  lto-llvm-ebabf9.o(.text.SVC_Handler)
    [Anonymous Symbol]                       0x0800086c   Section        0  lto-llvm-ebabf9.o(.text.SysTick_Handler)
    [Anonymous Symbol]                       0x0800087c   Section        0  lto-llvm-ebabf9.o(.text.SystemInit)
    TIM_Base_SetConfig                       0x08000891   Thumb Code   262  lto-llvm-ebabf9.o(.text.TIM_Base_SetConfig)
    [Anonymous Symbol]                       0x08000890   Section        0  lto-llvm-ebabf9.o(.text.TIM_Base_SetConfig)
    UART_DMAError                            0x08000999   Thumb Code   382  lto-llvm-ebabf9.o(.text.UART_DMAError)
    [Anonymous Symbol]                       0x08000998   Section        0  lto-llvm-ebabf9.o(.text.UART_DMAError)
    UART_DMATransmitCplt                     0x08000b19   Thumb Code   172  lto-llvm-ebabf9.o(.text.UART_DMATransmitCplt)
    [Anonymous Symbol]                       0x08000b18   Section        0  lto-llvm-ebabf9.o(.text.UART_DMATransmitCplt)
    UART_WaitOnFlagUntilTimeout              0x08000bc5   Thumb Code   410  lto-llvm-ebabf9.o(.text.UART_WaitOnFlagUntilTimeout)
    [Anonymous Symbol]                       0x08000bc4   Section        0  lto-llvm-ebabf9.o(.text.UART_WaitOnFlagUntilTimeout)
    [Anonymous Symbol]                       0x08000d60   Section        0  lto-llvm-ebabf9.o(.text.UsageFault_Handler)
    [Anonymous Symbol]                       0x08000d64   Section        0  lto-llvm-ebabf9.o(.text.main)
    $v0                                      0x08002e84   Number         0  fpinit.o(x$fpl$fpinit)
    x$fpl$fpinit                             0x08002e84   Section       26  fpinit.o(x$fpl$fpinit)
    aPLLMULFactorTable                       0x08002ea0   Data          16  lto-llvm-ebabf9.o(.rodata.cst16)
    [Anonymous Symbol]                       0x08002ea0   Section        0  lto-llvm-ebabf9.o(.rodata.cst16)
    aPredivFactorTable                       0x08002eb0   Data          16  lto-llvm-ebabf9.o(.rodata.cst16)
    .Lswitch.table.UART_SetConfig.4          0x08002ec0   Data          16  lto-llvm-ebabf9.o(.rodata.cst16)
    AHBPrescTable                            0x08002ed0   Data          16  lto-llvm-ebabf9.o(.rodata.cst16)
    APBPrescTable                            0x08002ee0   Data           8  lto-llvm-ebabf9.o(.rodata.cst8)
    [Anonymous Symbol]                       0x08002ee0   Section        0  lto-llvm-ebabf9.o(.rodata.cst8)
    vect_table_ram                           0x10000000   Data         392  lto-llvm-ebabf9.o(V_DATA)
    [Anonymous Symbol]                       0x10000000   Section        0  lto-llvm-ebabf9.o(V_DATA)
    [Anonymous Symbol]                       0x10000300   Section        0  lto-llvm-ebabf9.o(CCM_DATA)
    LONG_DETECTIONS                          0x20000000   Data           4  lto-llvm-ebabf9.o(.data.LONG_DETECTIONS)
    [Anonymous Symbol]                       0x20000000   Section        0  lto-llvm-ebabf9.o(.data.LONG_DETECTIONS)
    MAX_SHORT_DETECTIONS                     0x20000004   Data           4  lto-llvm-ebabf9.o(.data.MAX_SHORT_DETECTIONS)
    [Anonymous Symbol]                       0x20000004   Section        0  lto-llvm-ebabf9.o(.data.MAX_SHORT_DETECTIONS)
    SHORT_DETECTIONS                         0x20000008   Data           4  lto-llvm-ebabf9.o(.data.SHORT_DETECTIONS)
    [Anonymous Symbol]                       0x20000008   Section        0  lto-llvm-ebabf9.o(.data.SHORT_DETECTIONS)
    SystemCoreClock                          0x2000000c   Data           4  lto-llvm-ebabf9.o(.data.SystemCoreClock)
    [Anonymous Symbol]                       0x2000000c   Section        0  lto-llvm-ebabf9.o(.data.SystemCoreClock)
    .bss                                     0x20000010   Section       96  libspace.o(.bss)
    counter                                  0x20000070   Data           4  lto-llvm-ebabf9.o(.bss.counter)
    [Anonymous Symbol]                       0x20000070   Section        0  lto-llvm-ebabf9.o(.bss.counter)
    dataBuffer                               0x20000074   Data          20  lto-llvm-ebabf9.o(.bss.dataBuffer)
    [Anonymous Symbol]                       0x20000074   Section        0  lto-llvm-ebabf9.o(.bss.dataBuffer)
    hadc1                                    0x20000088   Data          80  lto-llvm-ebabf9.o(.bss.hadc1)
    [Anonymous Symbol]                       0x20000088   Section        0  lto-llvm-ebabf9.o(.bss.hadc1)
    hcomp1                                   0x200000d8   Data          48  lto-llvm-ebabf9.o(.bss.hcomp1)
    [Anonymous Symbol]                       0x200000d8   Section        0  lto-llvm-ebabf9.o(.bss.hcomp1)
    hcomp2                                   0x20000108   Data          48  lto-llvm-ebabf9.o(.bss.hcomp2)
    [Anonymous Symbol]                       0x20000108   Section        0  lto-llvm-ebabf9.o(.bss.hcomp2)
    hdac                                     0x20000138   Data          20  lto-llvm-ebabf9.o(.bss.hdac)
    [Anonymous Symbol]                       0x20000138   Section        0  lto-llvm-ebabf9.o(.bss.hdac)
    hdma_usart1_tx                           0x2000014c   Data          68  lto-llvm-ebabf9.o(.bss.hdma_usart1_tx)
    [Anonymous Symbol]                       0x2000014c   Section        0  lto-llvm-ebabf9.o(.bss.hdma_usart1_tx)
    hopamp1                                  0x20000190   Data          52  lto-llvm-ebabf9.o(.bss.hopamp1)
    [Anonymous Symbol]                       0x20000190   Section        0  lto-llvm-ebabf9.o(.bss.hopamp1)
    htim3                                    0x200001c4   Data          76  lto-llvm-ebabf9.o(.bss.htim3)
    [Anonymous Symbol]                       0x200001c4   Section        0  lto-llvm-ebabf9.o(.bss.htim3)
    huart1                                   0x20000210   Data         132  lto-llvm-ebabf9.o(.bss.huart1)
    [Anonymous Symbol]                       0x20000210   Section        0  lto-llvm-ebabf9.o(.bss.huart1)
    inTest                                   0x20000294   Data           1  lto-llvm-ebabf9.o(.bss.inTest)
    [Anonymous Symbol]                       0x20000294   Section        0  lto-llvm-ebabf9.o(.bss.inTest)
    longLowDetectedCount                     0x20000298   Data           4  lto-llvm-ebabf9.o(.bss.longLowDetectedCount)
    [Anonymous Symbol]                       0x20000298   Section        0  lto-llvm-ebabf9.o(.bss.longLowDetectedCount)
    maxDetections                            0x2000029c   Data           4  lto-llvm-ebabf9.o(.bss.maxDetections)
    [Anonymous Symbol]                       0x2000029c   Section        0  lto-llvm-ebabf9.o(.bss.maxDetections)
    shortLowDetectedCount                    0x200002a0   Data           4  lto-llvm-ebabf9.o(.bss.shortLowDetectedCount)
    [Anonymous Symbol]                       0x200002a0   Section        0  lto-llvm-ebabf9.o(.bss.shortLowDetectedCount)
    uartBufCounter                           0x200002a4   Data           4  lto-llvm-ebabf9.o(.bss.uartBufCounter)
    [Anonymous Symbol]                       0x200002a4   Section        0  lto-llvm-ebabf9.o(.bss.uartBufCounter)
    uwTick                                   0x200002a8   Data           4  lto-llvm-ebabf9.o(.bss.uwTick)
    [Anonymous Symbol]                       0x200002a8   Section        0  lto-llvm-ebabf9.o(.bss.uwTick)
    uwTickPrio                               0x200002ac   Data           1  lto-llvm-ebabf9.o(.bss.uwTickPrio)
    [Anonymous Symbol]                       0x200002ac   Section        0  lto-llvm-ebabf9.o(.bss.uwTickPrio)
    videoSystemDetection.detections          0x200002b0   Data           4  lto-llvm-ebabf9.o(.bss.videoSystemDetection.detections)
    [Anonymous Symbol]                       0x200002b0   Section        0  lto-llvm-ebabf9.o(.bss.videoSystemDetection.detections)
    Heap_Mem                                 0x200002b8   Data           2  startup_stm32f303xc.o(HEAP)
    HEAP                                     0x200002b8   Section        2  startup_stm32f303xc.o(HEAP)
    Stack_Mem                                0x200002c0   Data        1024  startup_stm32f303xc.o(STACK)
    STACK                                    0x200002c0   Section     1024  startup_stm32f303xc.o(STACK)
    __initial_sp                             0x200006c0   Data           0  startup_stm32f303xc.o(STACK)

    Global Symbols

    Symbol Name                              Value     Ov Type        Size  Object(Section)

    BuildAttributes$$THM_ISAv4$E$P$D$K$B$S$7EM$VFPi3$EXTD16$VFPS$VFMA$PE$A:L22UL41UL21$X:L11$S22US41US21$IEEE1$IW$~IW$USESV6$~STKCKD$USESV7$~SHL$OTIME$ROPI$IEEEF$EBA8$UX$STANDARDLIB$REQ8$PRES8$EABIv2 0x00000000   Number         0  anon$$obj.o ABSOLUTE
    __ARM_exceptions_init                     - Undefined Weak Reference
    __alloca_initialize                       - Undefined Weak Reference
    __arm_preinit_                            - Undefined Weak Reference
    __arm_relocate_pie_                       - Undefined Weak Reference
    __cpp_initialize__aeabi_                  - Undefined Weak Reference
    __cxa_finalize                            - Undefined Weak Reference
    __rt_locale                               - Undefined Weak Reference
    __sigvec_lookup                           - Undefined Weak Reference
    _atexit_init                              - Undefined Weak Reference
    _call_atexit_fns                          - Undefined Weak Reference
    _clock_init                               - Undefined Weak Reference
    _fp_trap_init                             - Undefined Weak Reference
    _fp_trap_shutdown                         - Undefined Weak Reference
    _get_lc_collate                           - Undefined Weak Reference
    _get_lc_ctype                             - Undefined Weak Reference
    _get_lc_monetary                          - Undefined Weak Reference
    _get_lc_numeric                           - Undefined Weak Reference
    _get_lc_time                              - Undefined Weak Reference
    _getenv_init                              - Undefined Weak Reference
    _handle_redirection                       - Undefined Weak Reference
    _init_alloc                               - Undefined Weak Reference
    _init_user_alloc                          - Undefined Weak Reference
    _initio                                   - Undefined Weak Reference
    _rand_init                                - Undefined Weak Reference
    _signal_finish                            - Undefined Weak Reference
    _signal_init                              - Undefined Weak Reference
    _terminate_alloc                          - Undefined Weak Reference
    _terminate_user_alloc                     - Undefined Weak Reference
    _terminateio                              - Undefined Weak Reference
    __Vectors_Size                           0x00000188   Number         0  startup_stm32f303xc.o ABSOLUTE
    __Vectors                                0x08000000   Data           4  startup_stm32f303xc.o(RESET)
    __Vectors_End                            0x08000188   Data           0  startup_stm32f303xc.o(RESET)
    __main                                   0x08000189   Thumb Code     8  __main.o(!!!main)
    __scatterload                            0x08000191   Thumb Code     0  __scatter.o(!!!scatter)
    __scatterload_rt2                        0x08000191   Thumb Code    84  __scatter.o(!!!scatter)
    __scatterload_rt2_thumb_only             0x08000191   Thumb Code     0  __scatter.o(!!!scatter)
    __scatterload_loop                       0x0800019b   Thumb Code     0  __scatter.o(!!!scatter)
    __decompress                             0x080001ed   Thumb Code    58  __dczerorl.o(!!dczerorl)
    __decompress0                            0x080001ed   Thumb Code     0  __dczerorl.o(!!dczerorl)
    __scatterload_copy                       0x08000229   Thumb Code    26  __scatter_copy.o(!!handler_copy)
    __scatterload_null                       0x08000245   Thumb Code     2  __scatter.o(!!handler_null)
    __scatterload_zeroinit                   0x08000249   Thumb Code    28  __scatter_zi.o(!!handler_zi)
    __rt_lib_init                            0x08000265   Thumb Code     0  libinit.o(.ARM.Collect$$libinit$$00000000)
    __rt_lib_init_fp_1                       0x08000267   Thumb Code     0  libinit2.o(.ARM.Collect$$libinit$$00000001)
    __rt_lib_init_alloca_1                   0x0800026b   Thumb Code     0  libinit2.o(.ARM.Collect$$libinit$$00000030)
    __rt_lib_init_argv_1                     0x0800026b   Thumb Code     0  libinit2.o(.ARM.Collect$$libinit$$0000002E)
    __rt_lib_init_atexit_1                   0x0800026b   Thumb Code     0  libinit2.o(.ARM.Collect$$libinit$$0000001D)
    __rt_lib_init_clock_1                    0x0800026b   Thumb Code     0  libinit2.o(.ARM.Collect$$libinit$$00000023)
    __rt_lib_init_cpp_1                      0x0800026b   Thumb Code     0  libinit2.o(.ARM.Collect$$libinit$$00000034)
    __rt_lib_init_exceptions_1               0x0800026b   Thumb Code     0  libinit2.o(.ARM.Collect$$libinit$$00000032)
    __rt_lib_init_fp_trap_1                  0x0800026b   Thumb Code     0  libinit2.o(.ARM.Collect$$libinit$$00000021)
    __rt_lib_init_getenv_1                   0x0800026b   Thumb Code     0  libinit2.o(.ARM.Collect$$libinit$$00000025)
    __rt_lib_init_heap_1                     0x0800026b   Thumb Code     0  libinit2.o(.ARM.Collect$$libinit$$0000000C)
    __rt_lib_init_lc_collate_1               0x0800026b   Thumb Code     0  libinit2.o(.ARM.Collect$$libinit$$00000013)
    __rt_lib_init_lc_ctype_1                 0x0800026b   Thumb Code     0  libinit2.o(.ARM.Collect$$libinit$$00000015)
    __rt_lib_init_lc_monetary_1              0x0800026b   Thumb Code     0  libinit2.o(.ARM.Collect$$libinit$$00000017)
    __rt_lib_init_lc_numeric_1               0x0800026b   Thumb Code     0  libinit2.o(.ARM.Collect$$libinit$$00000019)
    __rt_lib_init_lc_time_1                  0x0800026b   Thumb Code     0  libinit2.o(.ARM.Collect$$libinit$$0000001B)
    __rt_lib_init_preinit_1                  0x0800026b   Thumb Code     0  libinit2.o(.ARM.Collect$$libinit$$00000006)
    __rt_lib_init_rand_1                     0x0800026b   Thumb Code     0  libinit2.o(.ARM.Collect$$libinit$$00000010)
    __rt_lib_init_relocate_pie_1             0x0800026b   Thumb Code     0  libinit2.o(.ARM.Collect$$libinit$$00000004)
    __rt_lib_init_return                     0x0800026b   Thumb Code     0  libinit2.o(.ARM.Collect$$libinit$$00000035)
    __rt_lib_init_signal_1                   0x0800026b   Thumb Code     0  libinit2.o(.ARM.Collect$$libinit$$0000001F)
    __rt_lib_init_stdio_1                    0x0800026b   Thumb Code     0  libinit2.o(.ARM.Collect$$libinit$$00000027)
    __rt_lib_init_user_alloc_1               0x0800026b   Thumb Code     0  libinit2.o(.ARM.Collect$$libinit$$0000000E)
    __rt_lib_shutdown                        0x0800026d   Thumb Code     0  libshutdown.o(.ARM.Collect$$libshutdown$$00000000)
    __rt_lib_shutdown_cpp_1                  0x0800026f   Thumb Code     0  libshutdown2.o(.ARM.Collect$$libshutdown$$00000002)
    __rt_lib_shutdown_fp_trap_1              0x0800026f   Thumb Code     0  libshutdown2.o(.ARM.Collect$$libshutdown$$00000007)
    __rt_lib_shutdown_heap_1                 0x0800026f   Thumb Code     0  libshutdown2.o(.ARM.Collect$$libshutdown$$0000000F)
    __rt_lib_shutdown_return                 0x0800026f   Thumb Code     0  libshutdown2.o(.ARM.Collect$$libshutdown$$00000010)
    __rt_lib_shutdown_signal_1               0x0800026f   Thumb Code     0  libshutdown2.o(.ARM.Collect$$libshutdown$$0000000A)
    __rt_lib_shutdown_stdio_1                0x0800026f   Thumb Code     0  libshutdown2.o(.ARM.Collect$$libshutdown$$00000004)
    __rt_lib_shutdown_user_alloc_1           0x0800026f   Thumb Code     0  libshutdown2.o(.ARM.Collect$$libshutdown$$0000000C)
    __rt_entry                               0x08000271   Thumb Code     0  __rtentry.o(.ARM.Collect$$rtentry$$00000000)
    __rt_entry_presh_1                       0x08000271   Thumb Code     0  __rtentry2.o(.ARM.Collect$$rtentry$$00000002)
    __rt_entry_sh                            0x08000271   Thumb Code     0  __rtentry4.o(.ARM.Collect$$rtentry$$00000004)
    __rt_entry_li                            0x08000277   Thumb Code     0  __rtentry2.o(.ARM.Collect$$rtentry$$0000000A)
    __rt_entry_postsh_1                      0x08000277   Thumb Code     0  __rtentry2.o(.ARM.Collect$$rtentry$$00000009)
    __rt_entry_main                          0x0800027b   Thumb Code     0  __rtentry2.o(.ARM.Collect$$rtentry$$0000000D)
    __rt_entry_postli_1                      0x0800027b   Thumb Code     0  __rtentry2.o(.ARM.Collect$$rtentry$$0000000C)
    __rt_exit                                0x08000283   Thumb Code     0  rtexit.o(.ARM.Collect$$rtexit$$00000000)
    __rt_exit_ls                             0x08000285   Thumb Code     0  rtexit2.o(.ARM.Collect$$rtexit$$00000003)
    __rt_exit_prels_1                        0x08000285   Thumb Code     0  rtexit2.o(.ARM.Collect$$rtexit$$00000002)
    __rt_exit_exit                           0x08000289   Thumb Code     0  rtexit2.o(.ARM.Collect$$rtexit$$00000004)
    Reset_Handler                            0x08000291   Thumb Code     8  startup_stm32f303xc.o(.text)
    ADC1_2_IRQHandler                        0x080002ab   Thumb Code     0  startup_stm32f303xc.o(.text)
    ADC3_IRQHandler                          0x080002ab   Thumb Code     0  startup_stm32f303xc.o(.text)
    ADC4_IRQHandler                          0x080002ab   Thumb Code     0  startup_stm32f303xc.o(.text)
    CAN_RX1_IRQHandler                       0x080002ab   Thumb Code     0  startup_stm32f303xc.o(.text)
    CAN_SCE_IRQHandler                       0x080002ab   Thumb Code     0  startup_stm32f303xc.o(.text)
    COMP1_2_3_IRQHandler                     0x080002ab   Thumb Code     0  startup_stm32f303xc.o(.text)
    COMP4_5_6_IRQHandler                     0x080002ab   Thumb Code     0  startup_stm32f303xc.o(.text)
    COMP7_IRQHandler                         0x080002ab   Thumb Code     0  startup_stm32f303xc.o(.text)
    DMA1_Channel1_IRQHandler                 0x080002ab   Thumb Code     0  startup_stm32f303xc.o(.text)
    DMA1_Channel2_IRQHandler                 0x080002ab   Thumb Code     0  startup_stm32f303xc.o(.text)
    DMA1_Channel3_IRQHandler                 0x080002ab   Thumb Code     0  startup_stm32f303xc.o(.text)
    DMA1_Channel5_IRQHandler                 0x080002ab   Thumb Code     0  startup_stm32f303xc.o(.text)
    DMA1_Channel6_IRQHandler                 0x080002ab   Thumb Code     0  startup_stm32f303xc.o(.text)
    DMA1_Channel7_IRQHandler                 0x080002ab   Thumb Code     0  startup_stm32f303xc.o(.text)
    DMA2_Channel1_IRQHandler                 0x080002ab   Thumb Code     0  startup_stm32f303xc.o(.text)
    DMA2_Channel2_IRQHandler                 0x080002ab   Thumb Code     0  startup_stm32f303xc.o(.text)
    DMA2_Channel3_IRQHandler                 0x080002ab   Thumb Code     0  startup_stm32f303xc.o(.text)
    DMA2_Channel4_IRQHandler                 0x080002ab   Thumb Code     0  startup_stm32f303xc.o(.text)
    DMA2_Channel5_IRQHandler                 0x080002ab   Thumb Code     0  startup_stm32f303xc.o(.text)
    EXTI0_IRQHandler                         0x080002ab   Thumb Code     0  startup_stm32f303xc.o(.text)
    EXTI15_10_IRQHandler                     0x080002ab   Thumb Code     0  startup_stm32f303xc.o(.text)
    EXTI1_IRQHandler                         0x080002ab   Thumb Code     0  startup_stm32f303xc.o(.text)
    EXTI2_TSC_IRQHandler                     0x080002ab   Thumb Code     0  startup_stm32f303xc.o(.text)
    EXTI3_IRQHandler                         0x080002ab   Thumb Code     0  startup_stm32f303xc.o(.text)
    EXTI4_IRQHandler                         0x080002ab   Thumb Code     0  startup_stm32f303xc.o(.text)
    EXTI9_5_IRQHandler                       0x080002ab   Thumb Code     0  startup_stm32f303xc.o(.text)
    FLASH_IRQHandler                         0x080002ab   Thumb Code     0  startup_stm32f303xc.o(.text)
    FPU_IRQHandler                           0x080002ab   Thumb Code     0  startup_stm32f303xc.o(.text)
    I2C1_ER_IRQHandler                       0x080002ab   Thumb Code     0  startup_stm32f303xc.o(.text)
    I2C1_EV_IRQHandler                       0x080002ab   Thumb Code     0  startup_stm32f303xc.o(.text)
    I2C2_ER_IRQHandler                       0x080002ab   Thumb Code     0  startup_stm32f303xc.o(.text)
    I2C2_EV_IRQHandler                       0x080002ab   Thumb Code     0  startup_stm32f303xc.o(.text)
    PVD_IRQHandler                           0x080002ab   Thumb Code     0  startup_stm32f303xc.o(.text)
    RCC_IRQHandler                           0x080002ab   Thumb Code     0  startup_stm32f303xc.o(.text)
    RTC_Alarm_IRQHandler                     0x080002ab   Thumb Code     0  startup_stm32f303xc.o(.text)
    RTC_WKUP_IRQHandler                      0x080002ab   Thumb Code     0  startup_stm32f303xc.o(.text)
    SPI1_IRQHandler                          0x080002ab   Thumb Code     0  startup_stm32f303xc.o(.text)
    SPI2_IRQHandler                          0x080002ab   Thumb Code     0  startup_stm32f303xc.o(.text)
    SPI3_IRQHandler                          0x080002ab   Thumb Code     0  startup_stm32f303xc.o(.text)
    TAMP_STAMP_IRQHandler                    0x080002ab   Thumb Code     0  startup_stm32f303xc.o(.text)
    TIM1_BRK_TIM15_IRQHandler                0x080002ab   Thumb Code     0  startup_stm32f303xc.o(.text)
    TIM1_CC_IRQHandler                       0x080002ab   Thumb Code     0  startup_stm32f303xc.o(.text)
    TIM1_TRG_COM_TIM17_IRQHandler            0x080002ab   Thumb Code     0  startup_stm32f303xc.o(.text)
    TIM1_UP_TIM16_IRQHandler                 0x080002ab   Thumb Code     0  startup_stm32f303xc.o(.text)
    TIM2_IRQHandler                          0x080002ab   Thumb Code     0  startup_stm32f303xc.o(.text)
    TIM4_IRQHandler                          0x080002ab   Thumb Code     0  startup_stm32f303xc.o(.text)
    TIM6_DAC_IRQHandler                      0x080002ab   Thumb Code     0  startup_stm32f303xc.o(.text)
    TIM7_IRQHandler                          0x080002ab   Thumb Code     0  startup_stm32f303xc.o(.text)
    TIM8_BRK_IRQHandler                      0x080002ab   Thumb Code     0  startup_stm32f303xc.o(.text)
    TIM8_CC_IRQHandler                       0x080002ab   Thumb Code     0  startup_stm32f303xc.o(.text)
    TIM8_TRG_COM_IRQHandler                  0x080002ab   Thumb Code     0  startup_stm32f303xc.o(.text)
    TIM8_UP_IRQHandler                       0x080002ab   Thumb Code     0  startup_stm32f303xc.o(.text)
    UART4_IRQHandler                         0x080002ab   Thumb Code     0  startup_stm32f303xc.o(.text)
    UART5_IRQHandler                         0x080002ab   Thumb Code     0  startup_stm32f303xc.o(.text)
    USART1_IRQHandler                        0x080002ab   Thumb Code     0  startup_stm32f303xc.o(.text)
    USART2_IRQHandler                        0x080002ab   Thumb Code     0  startup_stm32f303xc.o(.text)
    USBWakeUp_IRQHandler                     0x080002ab   Thumb Code     0  startup_stm32f303xc.o(.text)
    USBWakeUp_RMP_IRQHandler                 0x080002ab   Thumb Code     0  startup_stm32f303xc.o(.text)
    USB_HP_CAN_TX_IRQHandler                 0x080002ab   Thumb Code     0  startup_stm32f303xc.o(.text)
    USB_HP_IRQHandler                        0x080002ab   Thumb Code     0  startup_stm32f303xc.o(.text)
    USB_LP_CAN_RX0_IRQHandler                0x080002ab   Thumb Code     0  startup_stm32f303xc.o(.text)
    USB_LP_IRQHandler                        0x080002ab   Thumb Code     0  startup_stm32f303xc.o(.text)
    WWDG_IRQHandler                          0x080002ab   Thumb Code     0  startup_stm32f303xc.o(.text)
    __user_initial_stackheap                 0x080002ad   Thumb Code     0  startup_stm32f303xc.o(.text)
    __use_two_region_memory                  0x080002d1   Thumb Code     2  heapauxi.o(.text)
    __rt_heap_escrow$2region                 0x080002d3   Thumb Code     2  heapauxi.o(.text)
    __rt_heap_expand$2region                 0x080002d5   Thumb Code     2  heapauxi.o(.text)
    __user_setup_stackheap                   0x080002d7   Thumb Code    74  sys_stackheap_outer.o(.text)
    exit                                     0x08000321   Thumb Code    18  exit.o(.text)
    __user_libspace                          0x08000335   Thumb Code     8  libspace.o(.text)
    __user_perproc_libspace                  0x08000335   Thumb Code     0  libspace.o(.text)
    __user_perthread_libspace                0x08000335   Thumb Code     0  libspace.o(.text)
    _sys_exit                                0x0800033d   Thumb Code     8  sys_exit.o(.text)
    __I$use$semihosting                      0x08000349   Thumb Code     0  use_no_semi.o(.text)
    __use_no_semihosting_swi                 0x08000349   Thumb Code     2  use_no_semi.o(.text)
    __aeabi_memcpy4                          0x0800034b   Thumb Code     0  rt_memcpy_w.o(.text)
    __aeabi_memcpy8                          0x0800034b   Thumb Code     0  rt_memcpy_w.o(.text)
    __rt_memcpy_w                            0x0800034b   Thumb Code   100  rt_memcpy_w.o(.text)
    __semihosting_library_function           0x0800034b   Thumb Code     0  indicate_semi.o(.text)
    _memcpy_lastbytes_aligned                0x08000393   Thumb Code     0  rt_memcpy_w.o(.text)
    BusFault_Handler                         0x080003b1   Thumb Code     2  lto-llvm-ebabf9.o(.text.BusFault_Handler)
    DMA1_Channel4_IRQHandler                 0x080003b5   Thumb Code   184  lto-llvm-ebabf9.o(.text.DMA1_Channel4_IRQHandler)
    DebugMon_Handler                         0x0800046d   Thumb Code     2  lto-llvm-ebabf9.o(.text.DebugMon_Handler)
    HardFault_Handler                        0x08000859   Thumb Code     2  lto-llvm-ebabf9.o(.text.HardFault_Handler)
    MemManage_Handler                        0x0800085d   Thumb Code     2  lto-llvm-ebabf9.o(.text.MemManage_Handler)
    NMI_Handler                              0x08000861   Thumb Code     2  lto-llvm-ebabf9.o(.text.NMI_Handler)
    PendSV_Handler                           0x08000865   Thumb Code     2  lto-llvm-ebabf9.o(.text.PendSV_Handler)
    SVC_Handler                              0x08000869   Thumb Code     2  lto-llvm-ebabf9.o(.text.SVC_Handler)
    SysTick_Handler                          0x0800086d   Thumb Code    16  lto-llvm-ebabf9.o(.text.SysTick_Handler)
    SystemInit                               0x0800087d   Thumb Code    18  lto-llvm-ebabf9.o(.text.SystemInit)
    UsageFault_Handler                       0x08000d61   Thumb Code     2  lto-llvm-ebabf9.o(.text.UsageFault_Handler)
    main                                     0x08000d65   Thumb Code  8476  lto-llvm-ebabf9.o(.text.main)
    _fp_init                                 0x08002e85   Thumb Code    26  fpinit.o(x$fpl$fpinit)
    __fplib_config_fpu_vfp                   0x08002e9d   Thumb Code     0  fpinit.o(x$fpl$fpinit)
    __fplib_config_pureend_doubles           0x08002e9d   Thumb Code     0  fpinit.o(x$fpl$fpinit)
    Region$$Table$$Base                      0x08002ee8   Number         0  anon$$obj.o(Region$$Table)
    Region$$Table$$Limit                     0x08002f28   Number         0  anon$$obj.o(Region$$Table)
    TIM3_IRQHandler                          0x10000301   Thumb Code   806  lto-llvm-ebabf9.o(CCM_DATA)
    USART3_IRQHandler                        0x10000629   Thumb Code   190  lto-llvm-ebabf9.o(CCM_DATA)
    __libspace_start                         0x20000010   Data          96  libspace.o(.bss)
    __temporary_stack_top$libspace           0x20000070   Data           0  libspace.o(.bss)



==============================================================================

Memory Map of the image

  Image Entry point : 0x08000189

  Load Region LR_IROM1 (Base: 0x08000000, Size: 0x000034a8, Max: 0x00020000, ABSOLUTE, COMPRESSED[0x00003324])

    Execution Region ER_IROM1 (Exec base: 0x08000000, Load base: 0x08000000, Size: 0x00002f28, Max: 0x00020000, ABSOLUTE)

    Exec Addr    Load Addr    Size         Type   Attr      Idx    E Section Name        Object

    0x08000000   0x08000000   0x00000188   Data   RO            3    RESET               startup_stm32f303xc.o
    0x08000188   0x08000188   0x00000008   Code   RO           52  * !!!main             c_w.l(__main.o)
    0x08000190   0x08000190   0x0000005c   Code   RO          295    !!!scatter          c_w.l(__scatter.o)
    0x080001ec   0x080001ec   0x0000003a   Code   RO          293    !!dczerorl          c_w.l(__dczerorl.o)
    0x08000226   0x08000226   0x00000002   PAD
    0x08000228   0x08000228   0x0000001a   Code   RO          299    !!handler_copy      c_w.l(__scatter_copy.o)
    0x08000242   0x08000242   0x00000002   PAD
    0x08000244   0x08000244   0x00000002   Code   RO          296    !!handler_null      c_w.l(__scatter.o)
    0x08000246   0x08000246   0x00000002   PAD
    0x08000248   0x08000248   0x0000001c   Code   RO          301    !!handler_zi        c_w.l(__scatter_zi.o)
    0x08000264   0x08000264   0x00000002   Code   RO           79    .ARM.Collect$$libinit$$00000000  c_w.l(libinit.o)
    0x08000266   0x08000266   0x00000004   Code   RO           85    .ARM.Collect$$libinit$$00000001  c_w.l(libinit2.o)
    0x0800026a   0x0800026a   0x00000000   Code   RO           88    .ARM.Collect$$libinit$$00000004  c_w.l(libinit2.o)
    0x0800026a   0x0800026a   0x00000000   Code   RO           90    .ARM.Collect$$libinit$$00000006  c_w.l(libinit2.o)
    0x0800026a   0x0800026a   0x00000000   Code   RO           93    .ARM.Collect$$libinit$$0000000C  c_w.l(libinit2.o)
    0x0800026a   0x0800026a   0x00000000   Code   RO           95    .ARM.Collect$$libinit$$0000000E  c_w.l(libinit2.o)
    0x0800026a   0x0800026a   0x00000000   Code   RO           97    .ARM.Collect$$libinit$$00000010  c_w.l(libinit2.o)
    0x0800026a   0x0800026a   0x00000000   Code   RO          100    .ARM.Collect$$libinit$$00000013  c_w.l(libinit2.o)
    0x0800026a   0x0800026a   0x00000000   Code   RO          102    .ARM.Collect$$libinit$$00000015  c_w.l(libinit2.o)
    0x0800026a   0x0800026a   0x00000000   Code   RO          104    .ARM.Collect$$libinit$$00000017  c_w.l(libinit2.o)
    0x0800026a   0x0800026a   0x00000000   Code   RO          106    .ARM.Collect$$libinit$$00000019  c_w.l(libinit2.o)
    0x0800026a   0x0800026a   0x00000000   Code   RO          108    .ARM.Collect$$libinit$$0000001B  c_w.l(libinit2.o)
    0x0800026a   0x0800026a   0x00000000   Code   RO          110    .ARM.Collect$$libinit$$0000001D  c_w.l(libinit2.o)
    0x0800026a   0x0800026a   0x00000000   Code   RO          112    .ARM.Collect$$libinit$$0000001F  c_w.l(libinit2.o)
    0x0800026a   0x0800026a   0x00000000   Code   RO          114    .ARM.Collect$$libinit$$00000021  c_w.l(libinit2.o)
    0x0800026a   0x0800026a   0x00000000   Code   RO          116    .ARM.Collect$$libinit$$00000023  c_w.l(libinit2.o)
    0x0800026a   0x0800026a   0x00000000   Code   RO          118    .ARM.Collect$$libinit$$00000025  c_w.l(libinit2.o)
    0x0800026a   0x0800026a   0x00000000   Code   RO          120    .ARM.Collect$$libinit$$00000027  c_w.l(libinit2.o)
    0x0800026a   0x0800026a   0x00000000   Code   RO          124    .ARM.Collect$$libinit$$0000002E  c_w.l(libinit2.o)
    0x0800026a   0x0800026a   0x00000000   Code   RO          126    .ARM.Collect$$libinit$$00000030  c_w.l(libinit2.o)
    0x0800026a   0x0800026a   0x00000000   Code   RO          128    .ARM.Collect$$libinit$$00000032  c_w.l(libinit2.o)
    0x0800026a   0x0800026a   0x00000000   Code   RO          130    .ARM.Collect$$libinit$$00000034  c_w.l(libinit2.o)
    0x0800026a   0x0800026a   0x00000002   Code   RO          131    .ARM.Collect$$libinit$$00000035  c_w.l(libinit2.o)
    0x0800026c   0x0800026c   0x00000002   Code   RO          153    .ARM.Collect$$libshutdown$$00000000  c_w.l(libshutdown.o)
    0x0800026e   0x0800026e   0x00000000   Code   RO          168    .ARM.Collect$$libshutdown$$00000002  c_w.l(libshutdown2.o)
    0x0800026e   0x0800026e   0x00000000   Code   RO          170    .ARM.Collect$$libshutdown$$00000004  c_w.l(libshutdown2.o)
    0x0800026e   0x0800026e   0x00000000   Code   RO          173    .ARM.Collect$$libshutdown$$00000007  c_w.l(libshutdown2.o)
    0x0800026e   0x0800026e   0x00000000   Code   RO          176    .ARM.Collect$$libshutdown$$0000000A  c_w.l(libshutdown2.o)
    0x0800026e   0x0800026e   0x00000000   Code   RO          178    .ARM.Collect$$libshutdown$$0000000C  c_w.l(libshutdown2.o)
    0x0800026e   0x0800026e   0x00000000   Code   RO          181    .ARM.Collect$$libshutdown$$0000000F  c_w.l(libshutdown2.o)
    0x0800026e   0x0800026e   0x00000002   Code   RO          182    .ARM.Collect$$libshutdown$$00000010  c_w.l(libshutdown2.o)
    0x08000270   0x08000270   0x00000000   Code   RO           54    .ARM.Collect$$rtentry$$00000000  c_w.l(__rtentry.o)
    0x08000270   0x08000270   0x00000000   Code   RO           56    .ARM.Collect$$rtentry$$00000002  c_w.l(__rtentry2.o)
    0x08000270   0x08000270   0x00000006   Code   RO           68    .ARM.Collect$$rtentry$$00000004  c_w.l(__rtentry4.o)
    0x08000276   0x08000276   0x00000000   Code   RO           58    .ARM.Collect$$rtentry$$00000009  c_w.l(__rtentry2.o)
    0x08000276   0x08000276   0x00000004   Code   RO           59    .ARM.Collect$$rtentry$$0000000A  c_w.l(__rtentry2.o)
    0x0800027a   0x0800027a   0x00000000   Code   RO           61    .ARM.Collect$$rtentry$$0000000C  c_w.l(__rtentry2.o)
    0x0800027a   0x0800027a   0x00000008   Code   RO           62    .ARM.Collect$$rtentry$$0000000D  c_w.l(__rtentry2.o)
    0x08000282   0x08000282   0x00000002   Code   RO           83    .ARM.Collect$$rtexit$$00000000  c_w.l(rtexit.o)
    0x08000284   0x08000284   0x00000000   Code   RO          133    .ARM.Collect$$rtexit$$00000002  c_w.l(rtexit2.o)
    0x08000284   0x08000284   0x00000004   Code   RO          134    .ARM.Collect$$rtexit$$00000003  c_w.l(rtexit2.o)
    0x08000288   0x08000288   0x00000006   Code   RO          135    .ARM.Collect$$rtexit$$00000004  c_w.l(rtexit2.o)
    0x0800028e   0x0800028e   0x00000002   PAD
    0x08000290   0x08000290   0x00000040   Code   RO            4    .text               startup_stm32f303xc.o
    0x080002d0   0x080002d0   0x00000006   Code   RO           50    .text               c_w.l(heapauxi.o)
    0x080002d6   0x080002d6   0x0000004a   Code   RO           70    .text               c_w.l(sys_stackheap_outer.o)
    0x08000320   0x08000320   0x00000012   Code   RO           72    .text               c_w.l(exit.o)
    0x08000332   0x08000332   0x00000002   PAD
    0x08000334   0x08000334   0x00000008   Code   RO           80    .text               c_w.l(libspace.o)
    0x0800033c   0x0800033c   0x0000000c   Code   RO          143    .text               c_w.l(sys_exit.o)
    0x08000348   0x08000348   0x00000002   Code   RO          158    .text               c_w.l(use_no_semi.o)
    0x0800034a   0x0800034a   0x00000000   Code   RO          160    .text               c_w.l(indicate_semi.o)
    0x0800034a   0x0800034a   0x00000064   Code   RO          289    .text               c_w.l(rt_memcpy_w.o)
    0x080003ae   0x080003ae   0x00000002   PAD
    0x080003b0   0x080003b0   0x00000002   Code   RO          226    .text.BusFault_Handler  lto-llvm-ebabf9.o
    0x080003b2   0x080003b2   0x00000002   PAD
    0x080003b4   0x080003b4   0x000000b8   Code   RO          238    .text.DMA1_Channel4_IRQHandler  lto-llvm-ebabf9.o
    0x0800046c   0x0800046c   0x00000002   Code   RO          232    .text.DebugMon_Handler  lto-llvm-ebabf9.o
    0x0800046e   0x0800046e   0x00000002   PAD
    0x08000470   0x08000470   0x0000013e   Code   RO          240    .text.HAL_COMP_Init  lto-llvm-ebabf9.o
    0x080005ae   0x080005ae   0x00000002   PAD
    0x080005b0   0x080005b0   0x00000108   Code   RO          242    .text.HAL_COMP_Start  lto-llvm-ebabf9.o
    0x080006b8   0x080006b8   0x0000019e   Code   RO          244    .text.HAL_GPIO_Init  lto-llvm-ebabf9.o
    0x08000856   0x08000856   0x00000002   PAD
    0x08000858   0x08000858   0x00000002   Code   RO          222    .text.HardFault_Handler  lto-llvm-ebabf9.o
    0x0800085a   0x0800085a   0x00000002   PAD
    0x0800085c   0x0800085c   0x00000002   Code   RO          224    .text.MemManage_Handler  lto-llvm-ebabf9.o
    0x0800085e   0x0800085e   0x00000002   PAD
    0x08000860   0x08000860   0x00000002   Code   RO          220    .text.NMI_Handler   lto-llvm-ebabf9.o
    0x08000862   0x08000862   0x00000002   PAD
    0x08000864   0x08000864   0x00000002   Code   RO          234    .text.PendSV_Handler  lto-llvm-ebabf9.o
    0x08000866   0x08000866   0x00000002   PAD
    0x08000868   0x08000868   0x00000002   Code   RO          230    .text.SVC_Handler   lto-llvm-ebabf9.o
    0x0800086a   0x0800086a   0x00000002   PAD
    0x0800086c   0x0800086c   0x00000010   Code   RO          236    .text.SysTick_Handler  lto-llvm-ebabf9.o
    0x0800087c   0x0800087c   0x00000012   Code   RO          254    .text.SystemInit    lto-llvm-ebabf9.o
    0x0800088e   0x0800088e   0x00000002   PAD
    0x08000890   0x08000890   0x00000106   Code   RO          246    .text.TIM_Base_SetConfig  lto-llvm-ebabf9.o
    0x08000996   0x08000996   0x00000002   PAD
    0x08000998   0x08000998   0x0000017e   Code   RO          252    .text.UART_DMAError  lto-llvm-ebabf9.o
    0x08000b16   0x08000b16   0x00000002   PAD
    0x08000b18   0x08000b18   0x000000ac   Code   RO          250    .text.UART_DMATransmitCplt  lto-llvm-ebabf9.o
    0x08000bc4   0x08000bc4   0x0000019a   Code   RO          248    .text.UART_WaitOnFlagUntilTimeout  lto-llvm-ebabf9.o
    0x08000d5e   0x08000d5e   0x00000002   PAD
    0x08000d60   0x08000d60   0x00000002   Code   RO          228    .text.UsageFault_Handler  lto-llvm-ebabf9.o
    0x08000d62   0x08000d62   0x00000002   PAD
    0x08000d64   0x08000d64   0x00002120   Code   RO          218    .text.main          lto-llvm-ebabf9.o
    0x08002e84   0x08002e84   0x0000001a   Code   RO          141    x$fpl$fpinit        fz_wm.l(fpinit.o)
    0x08002e9e   0x08002e9e   0x00000002   PAD
    0x08002ea0   0x08002ea0   0x00000040   Data   RO          278    .rodata.cst16       lto-llvm-ebabf9.o
    0x08002ee0   0x08002ee0   0x00000008   Data   RO          281    .rodata.cst8        lto-llvm-ebabf9.o
    0x08002ee8   0x08002ee8   0x00000040   Data   RO          292    Region$$Table       anon$$obj.o


    Execution Region RW_IRAM2 (Exec base: 0x10000000, Load base: 0x08002f38, Size: 0x00000188, Max: 0x000002ff, ABSOLUTE, COMPRESSED[0x00000004])

    Exec Addr    Load Addr    Size         Type   Attr      Idx    E Section Name        Object

    0x10000000   COMPRESSED   0x00000188   Data   RW          267    V_DATA              lto-llvm-ebabf9.o


    Execution Region RW_IRAM3 (Exec base: 0x10000300, Load base: 0x08002f3c, Size: 0x000003e8, Max: 0x00001d00, ABSOLUTE)

    Exec Addr    Load Addr    Size         Type   Attr      Idx    E Section Name        Object

    0x10000300   0x08002f3c   0x000003e6   Code   RO          216    CCM_DATA            lto-llvm-ebabf9.o


    Execution Region RW_IRAM1 (Exec base: 0x20000000, Load base: 0x08002f28, Size: 0x000006c0, Max: 0x00008000, ABSOLUTE)

    Exec Addr    Load Addr    Size         Type   Attr      Idx    E Section Name        Object

    0x20000000   0x08002f28   0x00000004   Data   RW          260    .data.LONG_DETECTIONS  lto-llvm-ebabf9.o
    0x20000004   0x08002f2c   0x00000004   Data   RW          262    .data.MAX_SHORT_DETECTIONS  lto-llvm-ebabf9.o
    0x20000008   0x08002f30   0x00000004   Data   RW          261    .data.SHORT_DETECTIONS  lto-llvm-ebabf9.o
    0x2000000c   0x08002f34   0x00000004   Data   RW          280    .data.SystemCoreClock  lto-llvm-ebabf9.o
    0x20000010        -       0x00000060   Zero   RW           81    .bss                c_w.l(libspace.o)
    0x20000070        -       0x00000004   Zero   RW          266    .bss.counter        lto-llvm-ebabf9.o
    0x20000074        -       0x00000014   Zero   RW          256    .bss.dataBuffer     lto-llvm-ebabf9.o
    0x20000088        -       0x00000050   Zero   RW          269    .bss.hadc1          lto-llvm-ebabf9.o
    0x200000d8        -       0x00000030   Zero   RW          270    .bss.hcomp1         lto-llvm-ebabf9.o
    0x20000108        -       0x00000030   Zero   RW          271    .bss.hcomp2         lto-llvm-ebabf9.o
    0x20000138        -       0x00000014   Zero   RW          272    .bss.hdac           lto-llvm-ebabf9.o
    0x2000014c        -       0x00000044   Zero   RW          276    .bss.hdma_usart1_tx  lto-llvm-ebabf9.o
    0x20000190        -       0x00000034   Zero   RW          268    .bss.hopamp1        lto-llvm-ebabf9.o
    0x200001c4        -       0x0000004c   Zero   RW          273    .bss.htim3          lto-llvm-ebabf9.o
    0x20000210        -       0x00000084   Zero   RW          274    .bss.huart1         lto-llvm-ebabf9.o
    0x20000294        -       0x00000001   Zero   RW          263    .bss.inTest         lto-llvm-ebabf9.o
    0x20000295   0x08002f38   0x00000003   PAD
    0x20000298        -       0x00000004   Zero   RW          258    .bss.longLowDetectedCount  lto-llvm-ebabf9.o
    0x2000029c        -       0x00000004   Zero   RW          264    .bss.maxDetections  lto-llvm-ebabf9.o
    0x200002a0        -       0x00000004   Zero   RW          259    .bss.shortLowDetectedCount  lto-llvm-ebabf9.o
    0x200002a4        -       0x00000004   Zero   RW          257    .bss.uartBufCounter  lto-llvm-ebabf9.o
    0x200002a8        -       0x00000004   Zero   RW          277    .bss.uwTick         lto-llvm-ebabf9.o
    0x200002ac        -       0x00000001   Zero   RW          279    .bss.uwTickPrio     lto-llvm-ebabf9.o
    0x200002ad   0x08002f38   0x00000003   PAD
    0x200002b0        -       0x00000004   Zero   RW          265    .bss.videoSystemDetection.detections  lto-llvm-ebabf9.o
    0x200002b4   0x08002f38   0x00000004   PAD
    0x200002b8        -       0x00000002   Zero   RW            2    HEAP                startup_stm32f303xc.o
    0x200002ba   0x08002f38   0x00000006   PAD
    0x200002c0        -       0x00000400   Zero   RW            1    STACK               startup_stm32f303xc.o


==============================================================================

Image component sizes


      Code (inc. data)   RO Data    RW Data    ZI Data      Debug   Object Name

     11934         74         72        408        574      91519   lto-llvm-ebabf9.o
        64         26        392          0       1026        840   startup_stm32f303xc.o

    ----------------------------------------------------------------------
     12028        100        528        408       1616      92359   Object Totals
         0          0         64          0          0          0   (incl. Generated)
        30          0          0          0         16          0   (incl. Padding)

    ----------------------------------------------------------------------

      Code (inc. data)   RO Data    RW Data    ZI Data      Debug   Library Member Name

        58          0          0          0          0          0   __dczerorl.o
         8          0          0          0          0         68   __main.o
         0          0          0          0          0          0   __rtentry.o
        12          0          0          0          0          0   __rtentry2.o
         6          0          0          0          0          0   __rtentry4.o
        94          8          0          0          0          0   __scatter.o
        26          0          0          0          0          0   __scatter_copy.o
        28          0          0          0          0          0   __scatter_zi.o
        18          0          0          0          0         80   exit.o
         6          0          0          0          0        152   heapauxi.o
         0          0          0          0          0          0   indicate_semi.o
         2          0          0          0          0          0   libinit.o
         6          0          0          0          0          0   libinit2.o
         2          0          0          0          0          0   libshutdown.o
         2          0          0          0          0          0   libshutdown2.o
         8          4          0          0         96         68   libspace.o
       100          0          0          0          0         80   rt_memcpy_w.o
         2          0          0          0          0          0   rtexit.o
        10          0          0          0          0          0   rtexit2.o
        12          4          0          0          0         68   sys_exit.o
        74          0          0          0          0         80   sys_stackheap_outer.o
         2          0          0          0          0         68   use_no_semi.o
        26          0          0          0          0        116   fpinit.o

    ----------------------------------------------------------------------
       516         16          0          0         96        780   Library Totals
        14          0          0          0          0          0   (incl. Padding)

    ----------------------------------------------------------------------

      Code (inc. data)   RO Data    RW Data    ZI Data      Debug   Library Name

       476         16          0          0         96        664   c_w.l
        26          0          0          0          0        116   fz_wm.l

    ----------------------------------------------------------------------
       516         16          0          0         96        780   Library Totals

    ----------------------------------------------------------------------

==============================================================================


      Code (inc. data)   RO Data    RW Data    ZI Data      Debug   

     12544        116        528        408       1712      93067   Grand Totals
     12544        116        528         20       1712      93067   ELF Image Totals (compressed)
     12544        116        528         20          0          0   ROM Totals

==============================================================================

    Total RO  Size (Code + RO Data)                13072 (  12.77kB)
    Total RW  Size (RW Data + ZI Data)              2120 (   2.07kB)
    Total ROM Size (Code + RO Data + RW Data)      13092 (  12.79kB)

==============================================================================

